Archive member included to satisfy reference by file (symbol)

/usr/lib/gcc/arm-none-eabi/7.3.1/../../../arm-none-eabi/lib/thumb/v7-m/libm.a(lib_a-w_log10.o)
                              bmp_mq2.co (log10)
/usr/lib/gcc/arm-none-eabi/7.3.1/../../../arm-none-eabi/lib/thumb/v7-m/libm.a(lib_a-w_pow.o)
                              bmp_mq2.co (pow)
/usr/lib/gcc/arm-none-eabi/7.3.1/../../../arm-none-eabi/lib/thumb/v7-m/libm.a(lib_a-e_log10.o)
                              /usr/lib/gcc/arm-none-eabi/7.3.1/../../../arm-none-eabi/lib/thumb/v7-m/libm.a(lib_a-w_log10.o) (__ieee754_log10)
/usr/lib/gcc/arm-none-eabi/7.3.1/../../../arm-none-eabi/lib/thumb/v7-m/libm.a(lib_a-e_pow.o)
                              /usr/lib/gcc/arm-none-eabi/7.3.1/../../../arm-none-eabi/lib/thumb/v7-m/libm.a(lib_a-w_pow.o) (__ieee754_pow)
/usr/lib/gcc/arm-none-eabi/7.3.1/../../../arm-none-eabi/lib/thumb/v7-m/libm.a(lib_a-e_sqrt.o)
                              /usr/lib/gcc/arm-none-eabi/7.3.1/../../../arm-none-eabi/lib/thumb/v7-m/libm.a(lib_a-e_pow.o) (__ieee754_sqrt)
/usr/lib/gcc/arm-none-eabi/7.3.1/../../../arm-none-eabi/lib/thumb/v7-m/libm.a(lib_a-s_fabs.o)
                              /usr/lib/gcc/arm-none-eabi/7.3.1/../../../arm-none-eabi/lib/thumb/v7-m/libm.a(lib_a-e_pow.o) (fabs)
/usr/lib/gcc/arm-none-eabi/7.3.1/../../../arm-none-eabi/lib/thumb/v7-m/libm.a(lib_a-s_finite.o)
                              /usr/lib/gcc/arm-none-eabi/7.3.1/../../../arm-none-eabi/lib/thumb/v7-m/libm.a(lib_a-w_pow.o) (finite)
/usr/lib/gcc/arm-none-eabi/7.3.1/../../../arm-none-eabi/lib/thumb/v7-m/libm.a(lib_a-s_lib_ver.o)
                              /usr/lib/gcc/arm-none-eabi/7.3.1/../../../arm-none-eabi/lib/thumb/v7-m/libm.a(lib_a-w_log10.o) (__fdlib_version)
/usr/lib/gcc/arm-none-eabi/7.3.1/../../../arm-none-eabi/lib/thumb/v7-m/libm.a(lib_a-s_matherr.o)
                              /usr/lib/gcc/arm-none-eabi/7.3.1/../../../arm-none-eabi/lib/thumb/v7-m/libm.a(lib_a-w_log10.o) (matherr)
/usr/lib/gcc/arm-none-eabi/7.3.1/../../../arm-none-eabi/lib/thumb/v7-m/libm.a(lib_a-s_nan.o)
                              /usr/lib/gcc/arm-none-eabi/7.3.1/../../../arm-none-eabi/lib/thumb/v7-m/libm.a(lib_a-w_log10.o) (nan)
/usr/lib/gcc/arm-none-eabi/7.3.1/../../../arm-none-eabi/lib/thumb/v7-m/libm.a(lib_a-s_rint.o)
                              /usr/lib/gcc/arm-none-eabi/7.3.1/../../../arm-none-eabi/lib/thumb/v7-m/libm.a(lib_a-w_pow.o) (rint)
/usr/lib/gcc/arm-none-eabi/7.3.1/../../../arm-none-eabi/lib/thumb/v7-m/libm.a(lib_a-s_scalbn.o)
                              /usr/lib/gcc/arm-none-eabi/7.3.1/../../../arm-none-eabi/lib/thumb/v7-m/libm.a(lib_a-e_pow.o) (scalbn)
/usr/lib/gcc/arm-none-eabi/7.3.1/../../../arm-none-eabi/lib/thumb/v7-m/libm.a(lib_a-e_log.o)
                              /usr/lib/gcc/arm-none-eabi/7.3.1/../../../arm-none-eabi/lib/thumb/v7-m/libm.a(lib_a-e_log10.o) (__ieee754_log)
/usr/lib/gcc/arm-none-eabi/7.3.1/thumb/v7-m/libgcc.a(_arm_addsubdf3.o)
                              bmp_mq2.co (__aeabi_dsub)
/usr/lib/gcc/arm-none-eabi/7.3.1/thumb/v7-m/libgcc.a(_arm_muldivdf3.o)
                              /usr/lib/gcc/arm-none-eabi/7.3.1/../../../arm-none-eabi/lib/thumb/v7-m/libm.a(lib_a-w_pow.o) (__aeabi_dmul)
/usr/lib/gcc/arm-none-eabi/7.3.1/thumb/v7-m/libgcc.a(_arm_cmpdf2.o)
                              /usr/lib/gcc/arm-none-eabi/7.3.1/../../../arm-none-eabi/lib/thumb/v7-m/libm.a(lib_a-w_log10.o) (__aeabi_dcmpeq)
/usr/lib/gcc/arm-none-eabi/7.3.1/thumb/v7-m/libgcc.a(_arm_unorddf2.o)
                              /usr/lib/gcc/arm-none-eabi/7.3.1/../../../arm-none-eabi/lib/thumb/v7-m/libm.a(lib_a-w_log10.o) (__aeabi_dcmpun)
/usr/lib/gcc/arm-none-eabi/7.3.1/thumb/v7-m/libgcc.a(_arm_truncdfsf2.o)
                              bmp_mq2.co (__aeabi_d2f)
/usr/lib/gcc/arm-none-eabi/7.3.1/thumb/v7-m/libgcc.a(_arm_addsubsf3.o)
                              bmp_mq2.co (__aeabi_fadd)
/usr/lib/gcc/arm-none-eabi/7.3.1/thumb/v7-m/libgcc.a(_arm_muldivsf3.o)
                              bmp_mq2.co (__aeabi_fmul)
/usr/lib/gcc/arm-none-eabi/7.3.1/thumb/v7-m/libgcc.a(_arm_fixsfsi.o)
                              bmp_mq2.co (__aeabi_f2iz)
/usr/lib/gcc/arm-none-eabi/7.3.1/thumb/v7-m/libgcc.a(_aeabi_ldivmod.o)
                              obj_cc2538dk/spi.o (__aeabi_ldivmod)
/usr/lib/gcc/arm-none-eabi/7.3.1/thumb/v7-m/libgcc.a(_aeabi_uldivmod.o)
                              obj_cc2538dk/spi.o (__aeabi_uldivmod)
/usr/lib/gcc/arm-none-eabi/7.3.1/thumb/v7-m/libgcc.a(_udivmoddi4.o)
                              /usr/lib/gcc/arm-none-eabi/7.3.1/thumb/v7-m/libgcc.a(_aeabi_ldivmod.o) (__udivmoddi4)
/usr/lib/gcc/arm-none-eabi/7.3.1/thumb/v7-m/libgcc.a(_dvmd_tls.o)
                              /usr/lib/gcc/arm-none-eabi/7.3.1/thumb/v7-m/libgcc.a(_aeabi_ldivmod.o) (__aeabi_ldiv0)
/usr/lib/gcc/arm-none-eabi/7.3.1/../../../arm-none-eabi/lib/thumb/v7-m/libc.a(lib_a-ctype_.o)
                              obj_cc2538dk/resolv.o (_ctype_)
[...]
Memory Configuration

Name             Origin             Length             Attributes
FLASH_FW         0x0000000000200000 0x000000000007ffd4 xr
FLASH_CCA        0x000000000027ffd4 0x000000000000002c xr
NRSRAM           0x0000000020000000 0x0000000000000000 xrw
FRSRAM           0x0000000020000000 0x0000000000008000 xrw
*default*        0x0000000000000000 0xffffffffffffffff

Linker script and memory map

LOAD obj_cc2538dk/startup-gcc.o
LOAD obj_cc2538dk/powertrace.o
LOAD obj_cc2538dk/leds.o
LOAD obj_cc2538dk/leds-arch.o
LOAD obj_cc2538dk/contiki-main.o
LOAD obj_cc2538dk/tsl256x.o
LOAD obj_cc2538dk/sensors.o
LOAD obj_cc2538dk/smartrf-sensors.o
LOAD obj_cc2538dk/button-sensor.o
LOAD obj_cc2538dk/als-sensor.o
LOAD obj_cc2538dk/si7021.o
LOAD obj_cc2538dk/bmpx8x.o
LOAD obj_cc2538dk/servo.o
LOAD obj_cc2538dk/motion-sensor.o
LOAD obj_cc2538dk/dht22.o
LOAD obj_cc2538dk/soc.o
LOAD obj_cc2538dk/clock.o
LOAD obj_cc2538dk/rtimer-arch.o
LOAD obj_cc2538dk/uart.o
LOAD obj_cc2538dk/watchdog.o
LOAD obj_cc2538dk/nvic.o
LOAD obj_cc2538dk/sys-ctrl.o
LOAD obj_cc2538dk/gpio.o
LOAD obj_cc2538dk/ioc.o
LOAD obj_cc2538dk/spi.o
LOAD obj_cc2538dk/adc.o
LOAD obj_cc2538dk/crypto.o
LOAD obj_cc2538dk/aes.o
LOAD obj_cc2538dk/ecb.o
LOAD obj_cc2538dk/cbc.o
LOAD obj_cc2538dk/ctr.o
LOAD obj_cc2538dk/cbc-mac.o
LOAD obj_cc2538dk/gcm.o
LOAD obj_cc2538dk/ccm.o
LOAD obj_cc2538dk/sha256.o
LOAD obj_cc2538dk/cc2538-aes-128.o
LOAD obj_cc2538dk/cc2538-ccm-star.o
LOAD obj_cc2538dk/cc2538-rf.o
LOAD obj_cc2538dk/udma.o
LOAD obj_cc2538dk/lpm.o
LOAD obj_cc2538dk/pka.o
LOAD obj_cc2538dk/bignum-driver.o
LOAD obj_cc2538dk/ecc-driver.o
LOAD obj_cc2538dk/ecc-algorithm.o
LOAD obj_cc2538dk/ecc-curve.o
LOAD obj_cc2538dk/dbg.o
LOAD obj_cc2538dk/ieee-addr.o
LOAD obj_cc2538dk/slip-arch.o
LOAD obj_cc2538dk/slip.o
LOAD obj_cc2538dk/i2c.o
LOAD obj_cc2538dk/cc2538-temp-sensor.o
LOAD obj_cc2538dk/vdd3-sensor.o
LOAD obj_cc2538dk/cfs-coffee.o
LOAD obj_cc2538dk/cfs-coffee-arch.o
LOAD obj_cc2538dk/pwm.o
LOAD obj_cc2538dk/dbg-printf.o
LOAD obj_cc2538dk/dbg-snprintf.o
LOAD obj_cc2538dk/dbg-sprintf.o
LOAD obj_cc2538dk/strformat.o
LOAD obj_cc2538dk/usb-core.o
LOAD obj_cc2538dk/cdc-acm.o
LOAD obj_cc2538dk/usb-arch.o
LOAD obj_cc2538dk/usb-serial.o
LOAD obj_cc2538dk/cdc-acm-descriptors.o
LOAD obj_cc2538dk/autostart.o
LOAD obj_cc2538dk/stimer.o
LOAD obj_cc2538dk/arg.o
LOAD obj_cc2538dk/energest.o
LOAD obj_cc2538dk/etimer.o
LOAD obj_cc2538dk/ctimer.o
LOAD obj_cc2538dk/compower.o
LOAD obj_cc2538dk/process.o
LOAD obj_cc2538dk/rtimer.o
LOAD obj_cc2538dk/mt.o
LOAD obj_cc2538dk/procinit.o
LOAD obj_cc2538dk/timer.o
LOAD obj_cc2538dk/serial-line.o
LOAD obj_cc2538dk/nullradio.o
LOAD obj_cc2538dk/settings.o
LOAD obj_cc2538dk/crc16.o
LOAD obj_cc2538dk/mmem.o
LOAD obj_cc2538dk/ccm-star.o
LOAD obj_cc2538dk/ifft.o
LOAD obj_cc2538dk/me_tabs.o
LOAD obj_cc2538dk/me.o
LOAD obj_cc2538dk/ringbufindex.o
LOAD obj_cc2538dk/list.o
LOAD obj_cc2538dk/aes-128.o
LOAD obj_cc2538dk/trickle-timer.o
LOAD obj_cc2538dk/memb.o
LOAD obj_cc2538dk/print-stats.o
LOAD obj_cc2538dk/petsciiconv.o
LOAD obj_cc2538dk/gcr.o
LOAD obj_cc2538dk/random.o
LOAD obj_cc2538dk/assert.o
LOAD obj_cc2538dk/ringbuf.o
LOAD obj_cc2538dk/websocket.o
LOAD obj_cc2538dk/uip-icmp6.o
LOAD obj_cc2538dk/uip-ds6.o
LOAD obj_cc2538dk/uip-ds6-route.o
LOAD obj_cc2538dk/uip6.o
LOAD obj_cc2538dk/uip-ds6-nbr.o
LOAD obj_cc2538dk/uip-nd6.o
LOAD obj_cc2538dk/websocket-http-client.o
LOAD obj_cc2538dk/sicslowpan.o
LOAD obj_cc2538dk/slipdev.o
LOAD obj_cc2538dk/dhcpc.o
LOAD obj_cc2538dk/uip-packetqueue.o
LOAD obj_cc2538dk/tcp-socket.o
LOAD obj_cc2538dk/uip-debug.o
LOAD obj_cc2538dk/ip64-addr.o
LOAD obj_cc2538dk/uip-udp-packet.o
LOAD obj_cc2538dk/psock.o
LOAD obj_cc2538dk/tcpip.o
LOAD obj_cc2538dk/resolv.o
LOAD obj_cc2538dk/uip-nameserver.o
LOAD obj_cc2538dk/uip-split.o
LOAD obj_cc2538dk/udp-socket.o
LOAD obj_cc2538dk/simple-udp.o
LOAD obj_cc2538dk/uiplib.o
LOAD obj_cc2538dk/rpl-icmp6.o
LOAD obj_cc2538dk/rpl-of0.o
LOAD obj_cc2538dk/rpl-dag.o
LOAD obj_cc2538dk/rpl-timers.o
LOAD obj_cc2538dk/rpl-ext-header.o
LOAD obj_cc2538dk/rpl.o
LOAD obj_cc2538dk/rpl-nbr-policy.o
LOAD obj_cc2538dk/rpl-mrhof.o
LOAD obj_cc2538dk/rpl-ns.o
LOAD obj_cc2538dk/rpl-dag-root.o
LOAD obj_cc2538dk/syscalls.o
LOAD obj_cc2538dk/mtarch.o
LOAD obj_cc2538dk/queuebuf.o
LOAD obj_cc2538dk/nbr-table.o
LOAD obj_cc2538dk/packetbuf.o
LOAD obj_cc2538dk/netstack.o
LOAD obj_cc2538dk/linkaddr.o
LOAD obj_cc2538dk/net-debug.o
LOAD obj_cc2538dk/link-stats.o
LOAD obj_cc2538dk/nullmac.o
LOAD obj_cc2538dk/nullrdc-noframer.o
LOAD obj_cc2538dk/frame802154e-ie.o
LOAD obj_cc2538dk/mac-sequence.o
LOAD obj_cc2538dk/nordc.o
LOAD obj_cc2538dk/frame802154.o
LOAD obj_cc2538dk/mac.o
LOAD obj_cc2538dk/framer-802154.o
LOAD obj_cc2538dk/csma.o
LOAD obj_cc2538dk/framer-nullmac.o
LOAD obj_cc2538dk/phase.o
LOAD obj_cc2538dk/nullrdc.o
LOAD obj_cc2538dk/contikimac.o
LOAD obj_cc2538dk/contikimac-framer.o
LOAD obj_cc2538dk/nullsec.o
LOAD obj_cc2538dk/anti-replay.o
LOAD obj_cc2538dk/ccm-star-packetbuf.o
LOAD obj_cc2538dk/noncoresec.o
LOAD bmp_mq2.co
LOAD obj_cc2538dk/mqtt_sn.o
LOAD /usr/lib/gcc/arm-none-eabi/7.3.1/../../../arm-none-eabi/lib/thumb/v7-m/libm.a
START GROUP
LOAD /usr/lib/gcc/arm-none-eabi/7.3.1/thumb/v7-m/libgcc.a
LOAD /usr/lib/gcc/arm-none-eabi/7.3.1/../../../arm-none-eabi/lib/thumb/v7-m/libc.a
END GROUP

.text           0x0000000000200000     0xf11f
                0x0000000000200000                _text = .
 *(SORT_BY_ALIGNMENT(.vectors))
 .vectors       0x0000000000200000      0x28c obj_cc2538dk/startup-gcc.o
                0x0000000000200000                vectors
 *(SORT_BY_ALIGNMENT(.text*))
 *fill*         0x000000000020028c        0x4 00000000
 .text          0x0000000000200290      0x114 /usr/lib/gcc/arm-none-eabi/7.3.1/../../../arm-none-eabi/lib/thumb/v7-m/libm.a(lib_a-e_log10.o)
                0x0000000000200290                __ieee754_log10
 *fill*         0x00000000002003a4        0x4 00000000
 .text          0x00000000002003a8      0xae4 /usr/lib/gcc/arm-none-eabi/7.3.1/../../../arm-none-eabi/lib/thumb/v7-m/libm.a(lib_a-e_pow.o)
                0x00000000002003a8                __ieee754_pow
 *fill*         0x0000000000200e8c        0x4 00000000
 .text          0x0000000000200e90       0xf4 /usr/lib/gcc/arm-none-eabi/7.3.1/../../../arm-none-eabi/lib/thumb/v7-m/libm.a(lib_a-s_scalbn.o)
                0x0000000000200e90                scalbn
 *fill*         0x0000000000200f84        0x4 00000000
 .text          0x0000000000200f88      0x394 /usr/lib/gcc/arm-none-eabi/7.3.1/../../../arm-none-eabi/lib/thumb/v7-m/libm.a(lib_a-e_log.o)
                0x0000000000200f88                __ieee754_log
 .text.reset_handler
                0x000000000020131c       0x40 obj_cc2538dk/startup-gcc.o
                0x000000000020131c                reset_handler
 .text.leds_init
                0x000000000020135c       0x14 obj_cc2538dk/leds.o
                0x000000000020135c                leds_init
 .text.leds_on  0x0000000000201370       0x10 obj_cc2538dk/leds.o
                0x0000000000201370                leds_on
 .text.leds_off
                0x0000000000201380       0x14 obj_cc2538dk/leds.o
                0x0000000000201380                leds_off
 .text.leds_arch_init
                0x0000000000201394       0x10 obj_cc2538dk/leds-arch.o
                0x0000000000201394                leds_arch_init
 .text.leds_arch_set
                0x00000000002013a4        0xc obj_cc2538dk/leds-arch.o
                0x00000000002013a4                leds_arch_set
 .text.startup.main
                0x00000000002013b0      0x1a8 obj_cc2538dk/contiki-main.o
                0x00000000002013b0                main
 .text.process_thread_sensors_process
                0x0000000000201558       0xd4 obj_cc2538dk/sensors.o
 .text.sensors_changed
                0x000000000020162c       0x3c obj_cc2538dk/sensors.o
                0x000000000020162c                sensors_changed
 .text.config_select
                0x0000000000201668       0x34 obj_cc2538dk/button-sensor.o
 .text.config_left
                0x000000000020169c       0x34 obj_cc2538dk/button-sensor.o
 .text.config_right
                0x00000000002016d0       0x34 obj_cc2538dk/button-sensor.o
 .text.config_up
                0x0000000000201704       0x34 obj_cc2538dk/button-sensor.o
 .text.config_down
                0x0000000000201738       0x34 obj_cc2538dk/button-sensor.o
 .text.btn_callback
                0x000000000020176c       0x64 obj_cc2538dk/button-sensor.o
 .text.button_sensor_init
                0x00000000002017d0        0xc obj_cc2538dk/button-sensor.o
                0x00000000002017d0                button_sensor_init
 .text.value    0x00000000002017dc       0x24 obj_cc2538dk/als-sensor.o
 .text.configure
                0x0000000000201800       0x54 obj_cc2538dk/als-sensor.o
 .text.status   0x0000000000201854       0x14 obj_cc2538dk/bmpx8x.o
 .text.configure
                0x0000000000201868       0xfc obj_cc2538dk/bmpx8x.o
 .text.value    0x0000000000201964      0x18c obj_cc2538dk/bmpx8x.o
 .text.soc_get_rev
                0x0000000000201af0       0x18 obj_cc2538dk/soc.o
                0x0000000000201af0                soc_get_rev
 .text.soc_get_sram_size
                0x0000000000201b08       0x1c obj_cc2538dk/soc.o
                0x0000000000201b08                soc_get_sram_size
 .text.soc_print_info
                0x0000000000201b24       0x70 obj_cc2538dk/soc.o
                0x0000000000201b24                soc_print_info
 .text.update_ticks
                0x0000000000201b94       0x58 obj_cc2538dk/clock.o
 .text.clock_init
                0x0000000000201bec       0x4c obj_cc2538dk/clock.o
                0x0000000000201bec                clock_init
 .text.clock_time
                0x0000000000201c38       0x14 obj_cc2538dk/clock.o
                0x0000000000201c38                clock_time
 .text.clock_seconds
                0x0000000000201c4c       0x14 obj_cc2538dk/clock.o
                0x0000000000201c4c                clock_seconds
 .text.clock_delay_usec
                0x0000000000201c60       0x1c obj_cc2538dk/clock.o
                0x0000000000201c60                clock_delay_usec
 .text.clock_adjust
                0x0000000000201c7c       0x20 obj_cc2538dk/clock.o
                0x0000000000201c7c                clock_adjust
 .text.rtimer_arch_next_trigger
                0x0000000000201c9c        0xc obj_cc2538dk/rtimer-arch.o
                0x0000000000201c9c                rtimer_arch_next_trigger
 .text.rtimer_arch_now
                0x0000000000201ca8       0x24 obj_cc2538dk/rtimer-arch.o
                0x0000000000201ca8                rtimer_arch_now
 .text.rtimer_arch_schedule
                0x0000000000201ccc       0x58 obj_cc2538dk/rtimer-arch.o
                0x0000000000201ccc                rtimer_arch_schedule
 .text.rtimer_isr
                0x0000000000201d24       0x2c obj_cc2538dk/rtimer-arch.o
                0x0000000000201d24                rtimer_isr
 .text.permit_pm1
                0x0000000000201d50       0x24 obj_cc2538dk/uart.o
 .text.uart_isr
                0x0000000000201d74       0x60 obj_cc2538dk/uart.o
 .text.uart_init
                0x0000000000201dd4      0x198 obj_cc2538dk/uart.o
                0x0000000000201dd4                uart_init
 .text.uart_set_input
                0x0000000000201f6c       0x10 obj_cc2538dk/uart.o
                0x0000000000201f6c                uart_set_input
 .text.uart_write_byte
                0x0000000000201f7c       0x1c obj_cc2538dk/uart.o
                0x0000000000201f7c                uart_write_byte
 .text.watchdog_init
                0x0000000000201f98        0xc obj_cc2538dk/watchdog.o
                0x0000000000201f98                watchdog_init
 .text.watchdog_start
                0x0000000000201fa4        0xc obj_cc2538dk/watchdog.o
                0x0000000000201fa4                watchdog_start
 .text.watchdog_periodic
                0x0000000000201fb0       0x10 obj_cc2538dk/watchdog.o
                0x0000000000201fb0                watchdog_periodic
 .text.nvic_init
                0x0000000000201fc0       0x10 obj_cc2538dk/nvic.o
                0x0000000000201fc0                nvic_init
 .text.sys_ctrl_get_reset_cause
                0x0000000000201fd0       0x10 obj_cc2538dk/sys-ctrl.o
                0x0000000000201fd0                sys_ctrl_get_reset_cause
 .text.sys_ctrl_get_reset_cause_str
                0x0000000000201fe0       0x14 obj_cc2538dk/sys-ctrl.o
                0x0000000000201fe0                sys_ctrl_get_reset_cause_str
 .text.sys_ctrl_init
                0x0000000000201ff4       0x74 obj_cc2538dk/sys-ctrl.o
                0x0000000000201ff4                sys_ctrl_init
 .text.sys_ctrl_get_sys_clock
                0x0000000000202068       0x18 obj_cc2538dk/sys-ctrl.o
                0x0000000000202068                sys_ctrl_get_sys_clock
 .text.sys_ctrl_get_io_clock
                0x0000000000202080       0x18 obj_cc2538dk/sys-ctrl.o
                0x0000000000202080                sys_ctrl_get_io_clock
 .text.gpio_register_callback
                0x0000000000202098       0x10 obj_cc2538dk/gpio.o
                0x0000000000202098                gpio_register_callback
 .text.notify   0x00000000002020a8       0x30 obj_cc2538dk/gpio.o
                0x00000000002020a8                notify
 .text.gpio_port_isr
                0x00000000002020d8       0x50 obj_cc2538dk/gpio.o
 .text.gpio_init
                0x0000000000202128       0x10 obj_cc2538dk/gpio.o
                0x0000000000202128                gpio_init
 .text.ioc_init
                0x0000000000202138       0x1c obj_cc2538dk/ioc.o
                0x0000000000202138                ioc_init
 .text.ioc_set_over
                0x0000000000202154       0x14 obj_cc2538dk/ioc.o
                0x0000000000202154                ioc_set_over
 .text.ioc_set_sel
                0x0000000000202168       0x14 obj_cc2538dk/ioc.o
                0x0000000000202168                ioc_set_sel
 .text.adc_init
                0x000000000020217c       0x10 obj_cc2538dk/adc.o
                0x000000000020217c                adc_init
 .text.adc_get  0x000000000020218c       0x74 obj_cc2538dk/adc.o
                0x000000000020218c                adc_get
 .text.permit_pm1
                0x0000000000202200       0x10 obj_cc2538dk/crypto.o
 .text.crypto_isr
                0x0000000000202210       0x28 obj_cc2538dk/crypto.o
                0x0000000000202210                crypto_isr
 .text.crypto_enable
                0x0000000000202238       0x20 obj_cc2538dk/crypto.o
                0x0000000000202238                crypto_enable
 .text.crypto_init
                0x0000000000202258       0x3c obj_cc2538dk/crypto.o
                0x0000000000202258                crypto_init
 .text.crypto_disable
                0x0000000000202294       0x20 obj_cc2538dk/crypto.o
                0x0000000000202294                crypto_disable
 .text.off      0x00000000002022b4       0x40 obj_cc2538dk/cc2538-rf.o
 .text.receiving_packet
                0x00000000002022f4       0x18 obj_cc2538dk/cc2538-rf.o
 .text.pending_packet
                0x000000000020230c       0x10 obj_cc2538dk/cc2538-rf.o
 .text.set_poll_mode
                0x000000000020231c       0x98 obj_cc2538dk/cc2538-rf.o
 .text.on       0x00000000002023b4       0x2c obj_cc2538dk/cc2538-rf.o
 .text.set_channel
                0x00000000002023e0       0x48 obj_cc2538dk/cc2538-rf.o
 .text.get_value
                0x0000000000202428      0x160 obj_cc2538dk/cc2538-rf.o
 .text.channel_clear
                0x0000000000202588       0x3c obj_cc2538dk/cc2538-rf.o
 .text.set_value
                0x00000000002025c4       0xf4 obj_cc2538dk/cc2538-rf.o
 .text.prepare  0x00000000002026b8       0x64 obj_cc2538dk/cc2538-rf.o
 .text.transmit
                0x000000000020271c       0x9c obj_cc2538dk/cc2538-rf.o
 .text.set_object
                0x00000000002027b8       0x30 obj_cc2538dk/cc2538-rf.o
 .text.read     0x00000000002027e8       0xe4 obj_cc2538dk/cc2538-rf.o
 .text.init     0x00000000002028cc       0xc8 obj_cc2538dk/cc2538-rf.o
 .text.process_thread_cc2538_rf_process
                0x0000000000202994       0x90 obj_cc2538dk/cc2538-rf.o
 .text.get_object
                0x0000000000202a24      0x148 obj_cc2538dk/cc2538-rf.o
 .text.cc2538_rf_rx_tx_isr
                0x0000000000202b6c       0x24 obj_cc2538dk/cc2538-rf.o
                0x0000000000202b6c                cc2538_rf_rx_tx_isr
 .text.cc2538_rf_err_isr
                0x0000000000202b90       0x28 obj_cc2538dk/cc2538-rf.o
                0x0000000000202b90                cc2538_rf_err_isr
 .text.udma_init
                0x0000000000202bb8       0x34 obj_cc2538dk/udma.o
                0x0000000000202bb8                udma_init
 .text.udma_set_channel_src
                0x0000000000202bec       0x10 obj_cc2538dk/udma.o
                0x0000000000202bec                udma_set_channel_src
 .text.udma_set_channel_dst
                0x0000000000202bfc       0x14 obj_cc2538dk/udma.o
                0x0000000000202bfc                udma_set_channel_dst
 .text.udma_set_channel_control_word
                0x0000000000202c10       0x14 obj_cc2538dk/udma.o
                0x0000000000202c10                udma_set_channel_control_word
 .text.udma_channel_enable
                0x0000000000202c24       0x18 obj_cc2538dk/udma.o
                0x0000000000202c24                udma_channel_enable
 .text.udma_channel_mask_set
                0x0000000000202c3c       0x18 obj_cc2538dk/udma.o
                0x0000000000202c3c                udma_channel_mask_set
 .text.udma_channel_sw_request
                0x0000000000202c54       0x18 obj_cc2538dk/udma.o
                0x0000000000202c54                udma_channel_sw_request
 .text.udma_channel_get_mode
                0x0000000000202c6c       0x1c obj_cc2538dk/udma.o
                0x0000000000202c6c                udma_channel_get_mode
 .text.udma_isr
                0x0000000000202c88       0x10 obj_cc2538dk/udma.o
                0x0000000000202c88                udma_isr
 .text.udma_err_isr
                0x0000000000202c98        0xc obj_cc2538dk/udma.o
                0x0000000000202c98                udma_err_isr
 .text.select_32_mhz_xosc
                0x0000000000202ca4       0x2c obj_cc2538dk/lpm.o
 .text.lpm_exit
                0x0000000000202cd0       0x30 obj_cc2538dk/lpm.o
                0x0000000000202cd0                lpm_exit
 .text.lpm_enter
                0x0000000000202d00       0xb4 obj_cc2538dk/lpm.o
                0x0000000000202d00                lpm_enter
 .text.lpm_register_peripheral
                0x0000000000202db4       0x20 obj_cc2538dk/lpm.o
                0x0000000000202db4                lpm_register_peripheral
 .text.lpm_init
                0x0000000000202dd4       0x24 obj_cc2538dk/lpm.o
                0x0000000000202dd4                lpm_init
 .text.pka_isr  0x0000000000202df8       0x28 obj_cc2538dk/pka.o
                0x0000000000202df8                pka_isr
 .text.ieee_addr_cpy_to
                0x0000000000202e20       0x74 obj_cc2538dk/ieee-addr.o
                0x0000000000202e20                ieee_addr_cpy_to
 .text.i2c_master_enable
                0x0000000000202e94       0x10 obj_cc2538dk/i2c.o
                0x0000000000202e94                i2c_master_enable
 .text.i2c_set_frequency
                0x0000000000202ea4       0x1c obj_cc2538dk/i2c.o
                0x0000000000202ea4                i2c_set_frequency
 .text.i2c_init
                0x0000000000202ec0       0xc8 obj_cc2538dk/i2c.o
                0x0000000000202ec0                i2c_init
 .text.i2c_master_command
                0x0000000000202f88       0x10 obj_cc2538dk/i2c.o
                0x0000000000202f88                i2c_master_command
 .text.i2c_master_busy
                0x0000000000202f98       0x10 obj_cc2538dk/i2c.o
                0x0000000000202f98                i2c_master_busy
 .text.i2c_master_error
                0x0000000000202fa8       0x1c obj_cc2538dk/i2c.o
                0x0000000000202fa8                i2c_master_error
 .text.i2c_single_send
                0x0000000000202fc4       0x28 obj_cc2538dk/i2c.o
                0x0000000000202fc4                i2c_single_send
 .text.i2c_single_receive
                0x0000000000202fec       0x38 obj_cc2538dk/i2c.o
                0x0000000000202fec                i2c_single_receive
 .text.i2c_burst_send
                0x0000000000203024       0x94 obj_cc2538dk/i2c.o
                0x0000000000203024                i2c_burst_send
 .text.i2c_burst_receive
                0x00000000002030b8       0x94 obj_cc2538dk/i2c.o
                0x00000000002030b8                i2c_burst_receive
 .text.printf   0x000000000020314c       0x20 obj_cc2538dk/dbg-printf.o
                0x000000000020314c                printf
 .text.sprintf  0x000000000020316c       0x30 obj_cc2538dk/dbg-sprintf.o
                0x000000000020316c                sprintf
 .text.fill_space
                0x000000000020319c       0x34 obj_cc2538dk/strformat.o
 .text.format_str_v
                0x00000000002031d0      0x6dc obj_cc2538dk/strformat.o
                0x00000000002031d0                format_str_v
 .text.stimer_expired
                0x00000000002038ac       0x20 obj_cc2538dk/stimer.o
                0x00000000002038ac                stimer_expired
 .text.update_time
                0x00000000002038cc       0x44 obj_cc2538dk/etimer.o
 .text.etimer_request_poll
                0x0000000000203910        0xc obj_cc2538dk/etimer.o
                0x0000000000203910                etimer_request_poll
 .text.process_thread_etimer_process
                0x000000000020391c       0xac obj_cc2538dk/etimer.o
 .text.add_timer
                0x00000000002039c8       0x40 obj_cc2538dk/etimer.o
 .text.etimer_pending
                0x0000000000203a08       0x10 obj_cc2538dk/etimer.o
                0x0000000000203a08                etimer_pending
 .text.etimer_stop
                0x0000000000203a18       0x34 obj_cc2538dk/etimer.o
                0x0000000000203a18                etimer_stop
 .text.process_thread_ctimer_process
                0x0000000000203a4c       0x7c obj_cc2538dk/ctimer.o
 .text.ctimer_init
                0x0000000000203ac8       0x28 obj_cc2538dk/ctimer.o
                0x0000000000203ac8                ctimer_init
 .text.ctimer_set_with_process
                0x0000000000203af0       0x44 obj_cc2538dk/ctimer.o
                0x0000000000203af0                ctimer_set_with_process
 .text.ctimer_set
                0x0000000000203b34       0x14 obj_cc2538dk/ctimer.o
                0x0000000000203b34                ctimer_set
 .text.ctimer_reset
                0x0000000000203b48       0x38 obj_cc2538dk/ctimer.o
                0x0000000000203b48                ctimer_reset
 .text.ctimer_restart
                0x0000000000203b80       0x38 obj_cc2538dk/ctimer.o
                0x0000000000203b80                ctimer_restart
 .text.ctimer_stop
                0x0000000000203bb8       0x2c obj_cc2538dk/ctimer.o
                0x0000000000203bb8                ctimer_stop
 .text.call_process.part.0
                0x0000000000203be4       0x38 obj_cc2538dk/process.o
 .text.exit_process
                0x0000000000203c1c       0x80 obj_cc2538dk/process.o
 .text.do_poll  0x0000000000203c9c       0x30 obj_cc2538dk/process.o
 .text.process_alloc_event
                0x0000000000203ccc       0x10 obj_cc2538dk/process.o
                0x0000000000203ccc                process_alloc_event
 .text.process_init
                0x0000000000203cdc       0x30 obj_cc2538dk/process.o
                0x0000000000203cdc                process_init
 .text.process_run
                0x0000000000203d0c       0x88 obj_cc2538dk/process.o
                0x0000000000203d0c                process_run
 .text.process_nevents
                0x0000000000203d94       0x14 obj_cc2538dk/process.o
                0x0000000000203d94                process_nevents
 .text.process_post
                0x0000000000203da8       0x3c obj_cc2538dk/process.o
                0x0000000000203da8                process_post
 .text.process_post_synch
                0x0000000000203de4       0x14 obj_cc2538dk/process.o
                0x0000000000203de4                process_post_synch
 .text.process_start
                0x0000000000203df8       0x30 obj_cc2538dk/process.o
                0x0000000000203df8                process_start
 .text.process_poll
                0x0000000000203e28       0x18 obj_cc2538dk/process.o
                0x0000000000203e28                process_poll
 .text.rtimer_set
                0x0000000000203e40       0x24 obj_cc2538dk/rtimer.o
                0x0000000000203e40                rtimer_set
 .text.rtimer_run_next
                0x0000000000203e64       0x28 obj_cc2538dk/rtimer.o
                0x0000000000203e64                rtimer_run_next
 .text.process_thread_serial_line_process
                0x0000000000203e8c       0x98 obj_cc2538dk/serial-line.o
 .text.serial_line_input_byte
                0x0000000000203f24       0x48 obj_cc2538dk/serial-line.o
                0x0000000000203f24                serial_line_input_byte
 .text.serial_line_init
                0x0000000000203f6c       0x24 obj_cc2538dk/serial-line.o
                0x0000000000203f6c                serial_line_init
 .text.random_rand
                0x0000000000203f90       0x24 obj_cc2538dk/random.o
                0x0000000000203f90                random_rand
 .text.random_init
                0x0000000000203fb4       0x78 obj_cc2538dk/random.o
                0x0000000000203fb4                random_init
 .text.echo_reply_input
                0x000000000020402c       0xa0 obj_cc2538dk/uip-icmp6.o
 .text.echo_request_input
                0x00000000002040cc       0xd0 obj_cc2538dk/uip-icmp6.o
 .text.uip_icmp6_input
                0x000000000020419c       0x38 obj_cc2538dk/uip-icmp6.o
                0x000000000020419c                uip_icmp6_input
 .text.uip_icmp6_register_input_handler
                0x00000000002041d4        0xc obj_cc2538dk/uip-icmp6.o
                0x00000000002041d4                uip_icmp6_register_input_handler
 .text.uip_icmp6_error_output
                0x00000000002041e0      0x148 obj_cc2538dk/uip-icmp6.o
                0x00000000002041e0                uip_icmp6_error_output
 .text.uip_icmp6_send
                0x0000000000204328       0x8c obj_cc2538dk/uip-icmp6.o
                0x0000000000204328                uip_icmp6_send
 .text.uip_icmp6_init
                0x00000000002043b4       0x1c obj_cc2538dk/uip-icmp6.o
                0x00000000002043b4                uip_icmp6_init
 .text.uip_ds6_prefix_add
                0x00000000002043d0       0x64 obj_cc2538dk/uip-ds6.o
                0x00000000002043d0                uip_ds6_prefix_add
 .text.uip_ds6_is_addr_onlink
                0x0000000000204434       0x3c obj_cc2538dk/uip-ds6.o
                0x0000000000204434                uip_ds6_is_addr_onlink
 .text.uip_ds6_addr_lookup
                0x0000000000204470       0x2c obj_cc2538dk/uip-ds6.o
                0x0000000000204470                uip_ds6_addr_lookup
 .text.uip_ds6_get_link_local
                0x000000000020449c       0x3c obj_cc2538dk/uip-ds6.o
                0x000000000020449c                uip_ds6_get_link_local
 .text.uip_ds6_maddr_add
                0x00000000002044d8       0x4c obj_cc2538dk/uip-ds6.o
                0x00000000002044d8                uip_ds6_maddr_add
 .text.uip_ds6_addr_add
                0x0000000000204524       0x98 obj_cc2538dk/uip-ds6.o
                0x0000000000204524                uip_ds6_addr_add
 .text.uip_ds6_maddr_lookup
                0x00000000002045bc       0x2c obj_cc2538dk/uip-ds6.o
                0x00000000002045bc                uip_ds6_maddr_lookup
 .text.uip_ds6_addr_rm
                0x00000000002045e8       0x44 obj_cc2538dk/uip-ds6.o
                0x00000000002045e8                uip_ds6_addr_rm
 .text.uip_ds6_periodic
                0x000000000020462c       0x48 obj_cc2538dk/uip-ds6.o
                0x000000000020462c                uip_ds6_periodic
 .text.uip_ds6_select_src
                0x0000000000204674       0x94 obj_cc2538dk/uip-ds6.o
                0x0000000000204674                uip_ds6_select_src
 .text.uip_ds6_compute_reachable_time
                0x0000000000204708       0x2c obj_cc2538dk/uip-ds6.o
                0x0000000000204708                uip_ds6_compute_reachable_time
 .text.uip_ds6_init
                0x0000000000204734       0xe4 obj_cc2538dk/uip-ds6.o
                0x0000000000204734                uip_ds6_init
 .text.call_route_callback
                0x0000000000204818       0x54 obj_cc2538dk/uip-ds6-route.o
 .text.uip_ds6_route_init
                0x000000000020486c       0x4c obj_cc2538dk/uip-ds6-route.o
                0x000000000020486c                uip_ds6_route_init
 .text.uip_ds6_route_nexthop
                0x00000000002048b8       0x1c obj_cc2538dk/uip-ds6-route.o
                0x00000000002048b8                uip_ds6_route_nexthop
 .text.uip_ds6_route_head
                0x00000000002048d4        0xc obj_cc2538dk/uip-ds6-route.o
                0x00000000002048d4                uip_ds6_route_head
 .text.uip_ds6_route_is_nexthop
                0x00000000002048e0       0x20 obj_cc2538dk/uip-ds6-route.o
                0x00000000002048e0                uip_ds6_route_is_nexthop
 .text.uip_ds6_route_lookup
                0x0000000000204900       0x64 obj_cc2538dk/uip-ds6-route.o
                0x0000000000204900                uip_ds6_route_lookup
 .text.uip_ds6_route_rm
                0x0000000000204964       0xa0 obj_cc2538dk/uip-ds6-route.o
                0x0000000000204964                uip_ds6_route_rm
 .text.rm_routelist
                0x0000000000204a04       0x30 obj_cc2538dk/uip-ds6-route.o
 .text.uip_ds6_route_add
                0x0000000000204a34       0xf8 obj_cc2538dk/uip-ds6-route.o
                0x0000000000204a34                uip_ds6_route_add
 .text.uip_ds6_defrt_rm
                0x0000000000204b2c       0x44 obj_cc2538dk/uip-ds6-route.o
                0x0000000000204b2c                uip_ds6_defrt_rm
 .text.uip_ds6_defrt_lookup
                0x0000000000204b70       0x2c obj_cc2538dk/uip-ds6-route.o
                0x0000000000204b70                uip_ds6_defrt_lookup
 .text.uip_ds6_defrt_add
                0x0000000000204b9c       0x64 obj_cc2538dk/uip-ds6-route.o
                0x0000000000204b9c                uip_ds6_defrt_add
 .text.uip_ds6_defrt_choose
                0x0000000000204c00       0x30 obj_cc2538dk/uip-ds6-route.o
                0x0000000000204c00                uip_ds6_defrt_choose
 .text.uip_ds6_defrt_periodic
                0x0000000000204c30       0x3c obj_cc2538dk/uip-ds6-route.o
                0x0000000000204c30                uip_ds6_defrt_periodic
 .text.upper_layer_chksum
                0x0000000000204c6c       0x50 obj_cc2538dk/uip6.o
 .text.ext_hdr_options_process
                0x0000000000204cbc       0xb8 obj_cc2538dk/uip6.o
 .text.uip_init
                0x0000000000204d74       0x34 obj_cc2538dk/uip6.o
                0x0000000000204d74                uip_init
 .text.remove_ext_hdr
                0x0000000000204da8       0x50 obj_cc2538dk/uip6.o
                0x0000000000204da8                remove_ext_hdr
 .text.uip_udp_new
                0x0000000000204df8       0x90 obj_cc2538dk/uip6.o
                0x0000000000204df8                uip_udp_new
 .text.uip_process
                0x0000000000204e88      0x404 obj_cc2538dk/uip6.o
                0x0000000000204e88                uip_process
 .text.uip_htonl
                0x000000000020528c       0x1c obj_cc2538dk/uip6.o
                0x000000000020528c                uip_htonl
 .text.uip_ds6_nbr_rm
                0x00000000002052a8       0x20 obj_cc2538dk/uip-ds6-nbr.o
                0x00000000002052a8                uip_ds6_nbr_rm
 .text.uip_ds6_neighbors_init
                0x00000000002052c8       0x1c obj_cc2538dk/uip-ds6-nbr.o
                0x00000000002052c8                uip_ds6_neighbors_init
 .text.uip_ds6_nbr_add
                0x00000000002052e4       0x3c obj_cc2538dk/uip-ds6-nbr.o
                0x00000000002052e4                uip_ds6_nbr_add
 .text.uip_ds6_nbr_get_ll
                0x0000000000205320       0x10 obj_cc2538dk/uip-ds6-nbr.o
                0x0000000000205320                uip_ds6_nbr_get_ll
 .text.uip_ds6_nbr_lookup
                0x0000000000205330       0x38 obj_cc2538dk/uip-ds6-nbr.o
                0x0000000000205330                uip_ds6_nbr_lookup
 .text.uip_ds6_nbr_ll_lookup
                0x0000000000205368       0x10 obj_cc2538dk/uip-ds6-nbr.o
                0x0000000000205368                uip_ds6_nbr_ll_lookup
 .text.uip_ds6_link_neighbor_callback
                0x0000000000205378       0x34 obj_cc2538dk/uip-ds6-nbr.o
                0x0000000000205378                uip_ds6_link_neighbor_callback
 .text.ns_input
                0x00000000002053ac      0x278 obj_cc2538dk/uip-nd6.o
 .text.uip_nd6_init
                0x0000000000205624        0xc obj_cc2538dk/uip-nd6.o
                0x0000000000205624                uip_nd6_init
 .text.clear_fragments
                0x0000000000205630       0x3c obj_cc2538dk/sicslowpan.o
 .text.sicslowpan_init
                0x000000000020566c       0x24 obj_cc2538dk/sicslowpan.o
                0x000000000020566c                sicslowpan_init
 .text.compress_addr_64
                0x0000000000205690       0x90 obj_cc2538dk/sicslowpan.o
 .text.set_packet_attrs
                0x0000000000205720       0x40 obj_cc2538dk/sicslowpan.o
 .text.addr_context_lookup_by_prefix
                0x0000000000205760       0x28 obj_cc2538dk/sicslowpan.o
 .text.send_packet
                0x0000000000205788       0x24 obj_cc2538dk/sicslowpan.o
 .text.packet_sent
                0x00000000002057ac       0x28 obj_cc2538dk/sicslowpan.o
 .text.store_fragment
                0x00000000002057d4       0x64 obj_cc2538dk/sicslowpan.o
 .text.uncompress_addr
                0x0000000000205838       0x90 obj_cc2538dk/sicslowpan.o
 .text.output   0x00000000002058c8      0x6f8 obj_cc2538dk/sicslowpan.o
 .text.add_fragment
                0x0000000000205fc0      0x148 obj_cc2538dk/sicslowpan.o
 .text.input    0x0000000000206108      0x578 obj_cc2538dk/sicslowpan.o
 .text.uip_debug_ipaddr_print
                0x0000000000206680       0xac obj_cc2538dk/uip-debug.o
                0x0000000000206680                uip_debug_ipaddr_print
 .text.uip_udp_packet_send
                0x000000000020672c       0x38 obj_cc2538dk/uip-udp-packet.o
                0x000000000020672c                uip_udp_packet_send
 .text.tcpip_output
                0x0000000000206764       0x10 obj_cc2538dk/tcpip.o
                0x0000000000206764                tcpip_output
 .text.tcpip_set_outputfunc
                0x0000000000206774        0xc obj_cc2538dk/tcpip.o
                0x0000000000206774                tcpip_set_outputfunc
 .text.udp_new  0x0000000000206780       0x18 obj_cc2538dk/tcpip.o
                0x0000000000206780                udp_new
 .text.tcpip_icmp6_call
                0x0000000000206798       0x28 obj_cc2538dk/tcpip.o
                0x0000000000206798                tcpip_icmp6_call
 .text.tcpip_input
                0x00000000002067c0       0x24 obj_cc2538dk/tcpip.o
                0x00000000002067c0                tcpip_input
 .text.tcpip_ipv6_output
                0x00000000002067e4       0xb4 obj_cc2538dk/tcpip.o
                0x00000000002067e4                tcpip_ipv6_output
 .text.process_thread_tcpip_process
                0x0000000000206898       0xdc obj_cc2538dk/tcpip.o
 .text.tcpip_uipcall
                0x0000000000206974       0x2c obj_cc2538dk/tcpip.o
                0x0000000000206974                tcpip_uipcall
 .text.process_thread_simple_udp_process
                0x00000000002069a0       0xac obj_cc2538dk/simple-udp.o
 .text.simple_udp_register
                0x0000000000206a4c       0x80 obj_cc2538dk/simple-udp.o
                0x0000000000206a4c                simple_udp_register
 .text.dao_ack_input
                0x0000000000206acc       0x14 obj_cc2538dk/rpl-icmp6.o
 .text.dio_input
                0x0000000000206ae0      0x244 obj_cc2538dk/rpl-icmp6.o
 .text.dao_input
                0x0000000000206d24      0x274 obj_cc2538dk/rpl-icmp6.o
 .text.dis_output
                0x0000000000206f98       0x3c obj_cc2538dk/rpl-icmp6.o
                0x0000000000206f98                dis_output
 .text.dio_output
                0x0000000000206fd4      0x1fc obj_cc2538dk/rpl-icmp6.o
                0x0000000000206fd4                dio_output
 .text.dis_input
                0x00000000002071d0       0x50 obj_cc2538dk/rpl-icmp6.o
 .text.dao_output_target
                0x0000000000207220      0x100 obj_cc2538dk/rpl-icmp6.o
                0x0000000000207220                dao_output_target
 .text.dao_output
                0x0000000000207320       0x90 obj_cc2538dk/rpl-icmp6.o
                0x0000000000207320                dao_output
 .text.rpl_icmp6_register_handlers
                0x00000000002073b0       0x30 obj_cc2538dk/rpl-icmp6.o
                0x00000000002073b0                rpl_icmp6_register_handlers
 .text.rpl_set_preferred_parent
                0x00000000002073e0       0x28 obj_cc2538dk/rpl-dag.o
 .text.set_ip_from_prefix
                0x0000000000207408       0x28 obj_cc2538dk/rpl-dag.o
 .text.find_parent_any_dag_any_instance
                0x0000000000207430       0x1c obj_cc2538dk/rpl-dag.o
 .text.rpl_dag_init
                0x000000000020744c       0x14 obj_cc2538dk/rpl-dag.o
                0x000000000020744c                rpl_dag_init
 .text.rpl_get_parent
                0x0000000000207460       0x10 obj_cc2538dk/rpl-dag.o
                0x0000000000207460                rpl_get_parent
 .text.rpl_get_parent_lladdr
                0x0000000000207470       0x10 obj_cc2538dk/rpl-dag.o
                0x0000000000207470                rpl_get_parent_lladdr
 .text.best_parent
                0x0000000000207480       0x7c obj_cc2538dk/rpl-dag.o
 .text.rpl_alloc_instance
                0x00000000002074fc       0x34 obj_cc2538dk/rpl-dag.o
                0x00000000002074fc                rpl_alloc_instance
 .text.rpl_add_parent
                0x0000000000207530       0x30 obj_cc2538dk/rpl-dag.o
                0x0000000000207530                rpl_add_parent
 .text.rpl_remove_parent
                0x0000000000207560       0x1c obj_cc2538dk/rpl-dag.o
                0x0000000000207560                rpl_remove_parent
 .text.remove_parents.constprop.8
                0x000000000020757c       0x2c obj_cc2538dk/rpl-dag.o
 .text.rpl_get_dag
                0x00000000002075a8       0x54 obj_cc2538dk/rpl-dag.o
                0x00000000002075a8                rpl_get_dag
 .text.rpl_get_any_dag
                0x00000000002075fc       0x18 obj_cc2538dk/rpl-dag.o
                0x00000000002075fc                rpl_get_any_dag
 .text.rpl_get_instance
                0x0000000000207614       0x20 obj_cc2538dk/rpl-dag.o
                0x0000000000207614                rpl_get_instance
 .text.rpl_find_of
                0x0000000000207634       0x14 obj_cc2538dk/rpl-dag.o
                0x0000000000207634                rpl_find_of
 .text.rpl_join_instance
                0x0000000000207648      0x130 obj_cc2538dk/rpl-dag.o
                0x0000000000207648                rpl_join_instance
 .text.rpl_local_repair
                0x0000000000207778       0x78 obj_cc2538dk/rpl-dag.o
                0x0000000000207778                rpl_local_repair
 .text.rpl_recalculate_ranks
                0x00000000002077f0       0x3c obj_cc2538dk/rpl-dag.o
                0x00000000002077f0                rpl_recalculate_ranks
 .text.new_dio_interval
                0x000000000020782c       0x5c obj_cc2538dk/rpl-timers.o
 .text.handle_periodic_timer
                0x0000000000207888       0x4c obj_cc2538dk/rpl-timers.o
 .text.handle_dio_timer
                0x00000000002078d4       0x80 obj_cc2538dk/rpl-timers.o
 .text.set_dao_lifetime_timer.part.1
                0x0000000000207954       0x3c obj_cc2538dk/rpl-timers.o
 .text.handle_dao_timer
                0x0000000000207990       0x60 obj_cc2538dk/rpl-timers.o
 .text.schedule_dao
                0x00000000002079f0       0x58 obj_cc2538dk/rpl-timers.o
 .text.rpl_reset_periodic_timer
                0x0000000000207a48       0x34 obj_cc2538dk/rpl-timers.o
                0x0000000000207a48                rpl_reset_periodic_timer
 .text.rpl_schedule_unicast_dio_immediately
                0x0000000000207a7c       0x14 obj_cc2538dk/rpl-timers.o
                0x0000000000207a7c                rpl_schedule_unicast_dio_immediately
 .text.get_probing_target
                0x0000000000207a90       0xc4 obj_cc2538dk/rpl-timers.o
                0x0000000000207a90                get_probing_target
 .text.rpl_schedule_probing
                0x0000000000207b54       0x20 obj_cc2538dk/rpl-timers.o
                0x0000000000207b54                rpl_schedule_probing
 .text.update_hbh_header
                0x0000000000207b74       0xc8 obj_cc2538dk/rpl-ext-header.o
 .text.insert_hbh_header
                0x0000000000207c3c       0xa8 obj_cc2538dk/rpl-ext-header.o
 .text.rpl_verify_hbh_header
                0x0000000000207ce4       0xfc obj_cc2538dk/rpl-ext-header.o
                0x0000000000207ce4                rpl_verify_hbh_header
 .text.rpl_remove_header
                0x0000000000207de0       0x74 obj_cc2538dk/rpl-ext-header.o
                0x0000000000207de0                rpl_remove_header
 .text.rpl_update_header
                0x0000000000207e54       0x6c obj_cc2538dk/rpl-ext-header.o
                0x0000000000207e54                rpl_update_header
 .text.rpl_get_mode
                0x0000000000207ec0        0xc obj_cc2538dk/rpl.o
                0x0000000000207ec0                rpl_get_mode
 .text.rpl_purge_routes
                0x0000000000207ecc       0x6c obj_cc2538dk/rpl.o
                0x0000000000207ecc                rpl_purge_routes
 .text.rpl_link_neighbor_callback
                0x0000000000207f38       0x3c obj_cc2538dk/rpl.o
                0x0000000000207f38                rpl_link_neighbor_callback
 .text.rpl_ipv6_neighbor_callback
                0x0000000000207f74       0x28 obj_cc2538dk/rpl.o
                0x0000000000207f74                rpl_ipv6_neighbor_callback
 .text.rpl_purge_dags
                0x0000000000207f9c       0x58 obj_cc2538dk/rpl.o
                0x0000000000207f9c                rpl_purge_dags
 .text.rpl_init
                0x0000000000207ff4       0x34 obj_cc2538dk/rpl.o
                0x0000000000207ff4                rpl_init
 .text.update_nbr
                0x0000000000208028       0xe8 obj_cc2538dk/rpl-nbr-policy.o
 .text.handle_periodic_timer
                0x0000000000208110       0x14 obj_cc2538dk/rpl-nbr-policy.o
 .text.find_removable_dis
                0x0000000000208124       0x20 obj_cc2538dk/rpl-nbr-policy.o
                0x0000000000208124                find_removable_dis
 .text.find_removable_dio
                0x0000000000208144       0x3c obj_cc2538dk/rpl-nbr-policy.o
                0x0000000000208144                find_removable_dio
 .text.find_removable_dao
                0x0000000000208180       0x38 obj_cc2538dk/rpl-nbr-policy.o
                0x0000000000208180                find_removable_dao
 .text.rpl_nbr_policy_find_removable
                0x00000000002081b8       0x28 obj_cc2538dk/rpl-nbr-policy.o
                0x00000000002081b8                rpl_nbr_policy_find_removable
 .text._sbrk    0x00000000002081e0       0x2c obj_cc2538dk/syscalls.o
                0x00000000002081e0                _sbrk
 .text.queuebuf_init
                0x000000000020820c       0x1c obj_cc2538dk/queuebuf.o
                0x000000000020820c                queuebuf_init
 .text.queuebuf_numfree
                0x0000000000208228        0xc obj_cc2538dk/queuebuf.o
                0x0000000000208228                queuebuf_numfree
 .text.queuebuf_new_from_packetbuf
                0x0000000000208234       0x44 obj_cc2538dk/queuebuf.o
                0x0000000000208234                queuebuf_new_from_packetbuf
 .text.queuebuf_free
                0x0000000000208278       0x2c obj_cc2538dk/queuebuf.o
                0x0000000000208278                queuebuf_free
 .text.queuebuf_to_packetbuf
                0x00000000002082a4       0x30 obj_cc2538dk/queuebuf.o
                0x00000000002082a4                queuebuf_to_packetbuf
 .text.key_from_index
                0x00000000002082d4       0x18 obj_cc2538dk/nbr-table.o
 .text.index_from_key
                0x00000000002082ec       0x20 obj_cc2538dk/nbr-table.o
 .text.index_from_lladdr
                0x000000000020830c       0x40 obj_cc2538dk/nbr-table.o
 .text.nbr_get_bit.constprop.0
                0x000000000020834c       0x24 obj_cc2538dk/nbr-table.o
 .text.remove_key
                0x0000000000208370       0x60 obj_cc2538dk/nbr-table.o
 .text.nbr_table_register
                0x00000000002083d0       0x28 obj_cc2538dk/nbr-table.o
                0x00000000002083d0                nbr_table_register
 .text.nbr_table_head
                0x00000000002083f8       0x38 obj_cc2538dk/nbr-table.o
                0x00000000002083f8                nbr_table_head
 .text.nbr_table_add_lladdr
                0x0000000000208430       0xf8 obj_cc2538dk/nbr-table.o
                0x0000000000208430                nbr_table_add_lladdr
 .text.nbr_table_remove
                0x0000000000208528       0x2c obj_cc2538dk/nbr-table.o
                0x0000000000208528                nbr_table_remove
 .text.nbr_table_lock
                0x0000000000208554       0x10 obj_cc2538dk/nbr-table.o
                0x0000000000208554                nbr_table_lock
 .text.nbr_table_unlock
                0x0000000000208564       0x10 obj_cc2538dk/nbr-table.o
                0x0000000000208564                nbr_table_unlock
 .text.packetbuf_hdrreduce
                0x0000000000208574       0x28 obj_cc2538dk/packetbuf.o
                0x0000000000208574                packetbuf_hdrreduce
 .text.packetbuf_set_datalen
                0x000000000020859c        0xc obj_cc2538dk/packetbuf.o
                0x000000000020859c                packetbuf_set_datalen
 .text.packetbuf_hdrptr
                0x00000000002085a8        0x8 obj_cc2538dk/packetbuf.o
                0x00000000002085a8                packetbuf_hdrptr
 .text.packetbuf_datalen
                0x00000000002085b0        0xc obj_cc2538dk/packetbuf.o
                0x00000000002085b0                packetbuf_datalen
 .text.packetbuf_hdrlen
                0x00000000002085bc       0x18 obj_cc2538dk/packetbuf.o
                0x00000000002085bc                packetbuf_hdrlen
 .text.packetbuf_dataptr
                0x00000000002085d4       0x10 obj_cc2538dk/packetbuf.o
                0x00000000002085d4                packetbuf_dataptr
 .text.packetbuf_copyto
                0x00000000002085e4       0x40 obj_cc2538dk/packetbuf.o
                0x00000000002085e4                packetbuf_copyto
 .text.packetbuf_totlen
                0x0000000000208624       0x14 obj_cc2538dk/packetbuf.o
                0x0000000000208624                packetbuf_totlen
 .text.packetbuf_hdralloc
                0x0000000000208638       0x3c obj_cc2538dk/packetbuf.o
                0x0000000000208638                packetbuf_hdralloc
 .text.packetbuf_attr_clear
                0x0000000000208674       0x34 obj_cc2538dk/packetbuf.o
                0x0000000000208674                packetbuf_attr_clear
 .text.packetbuf_clear
                0x00000000002086a8       0x20 obj_cc2538dk/packetbuf.o
                0x00000000002086a8                packetbuf_clear
 .text.packetbuf_copyfrom
                0x00000000002086c8       0x2c obj_cc2538dk/packetbuf.o
                0x00000000002086c8                packetbuf_copyfrom
 .text.packetbuf_attr_copyto
                0x00000000002086f4       0x34 obj_cc2538dk/packetbuf.o
                0x00000000002086f4                packetbuf_attr_copyto
 .text.packetbuf_attr_copyfrom
                0x0000000000208728       0x34 obj_cc2538dk/packetbuf.o
                0x0000000000208728                packetbuf_attr_copyfrom
 .text.packetbuf_set_attr
                0x000000000020875c       0x10 obj_cc2538dk/packetbuf.o
                0x000000000020875c                packetbuf_set_attr
 .text.packetbuf_attr
                0x000000000020876c        0xc obj_cc2538dk/packetbuf.o
                0x000000000020876c                packetbuf_attr
 .text.packetbuf_set_addr
                0x0000000000208778       0x18 obj_cc2538dk/packetbuf.o
                0x0000000000208778                packetbuf_set_addr
 .text.packetbuf_addr
                0x0000000000208790       0x10 obj_cc2538dk/packetbuf.o
                0x0000000000208790                packetbuf_addr
 .text.packetbuf_holds_broadcast
                0x00000000002087a0       0x10 obj_cc2538dk/packetbuf.o
                0x00000000002087a0                packetbuf_holds_broadcast
 .text.netstack_init
                0x00000000002087b0       0x38 obj_cc2538dk/netstack.o
                0x00000000002087b0                netstack_init
 .text.periodic
                0x00000000002087e8       0x2c obj_cc2538dk/link-stats.o
 .text.link_stats_from_lladdr
                0x0000000000208814        0xc obj_cc2538dk/link-stats.o
                0x0000000000208814                link_stats_from_lladdr
 .text.link_stats_packet_sent
                0x0000000000208820       0x78 obj_cc2538dk/link-stats.o
                0x0000000000208820                link_stats_packet_sent
 .text.link_stats_input_callback
                0x0000000000208898       0x4c obj_cc2538dk/link-stats.o
                0x0000000000208898                link_stats_input_callback
 .text.link_stats_init
                0x00000000002088e4       0x28 obj_cc2538dk/link-stats.o
                0x00000000002088e4                link_stats_init
 .text.mac_sequence_is_duplicate
                0x000000000020890c       0x48 obj_cc2538dk/mac-sequence.o
                0x000000000020890c                mac_sequence_is_duplicate
 .text.mac_sequence_register_seqno
                0x0000000000208954       0x60 obj_cc2538dk/mac-sequence.o
                0x0000000000208954                mac_sequence_register_seqno
 .text.frame802154_get_pan_id
                0x00000000002089b4        0xc obj_cc2538dk/frame802154.o
                0x00000000002089b4                frame802154_get_pan_id
 .text.frame802154_parse
                0x00000000002089c0      0x12c obj_cc2538dk/frame802154.o
                0x00000000002089c0                frame802154_parse
 .text.create_frame.isra.0
                0x0000000000208aec      0x130 obj_cc2538dk/framer-802154.o
 .text.input_packet
                0x0000000000208c1c        0xc obj_cc2538dk/csma.o
 .text.on       0x0000000000208c28        0xc obj_cc2538dk/csma.o
 .text.off      0x0000000000208c34        0xc obj_cc2538dk/csma.o
 .text.channel_check_interval
                0x0000000000208c40       0x10 obj_cc2538dk/csma.o
 .text.schedule_transmission
                0x0000000000208c50       0x4c obj_cc2538dk/csma.o
 .text.send_packet
                0x0000000000208c9c      0x138 obj_cc2538dk/csma.o
 .text.init     0x0000000000208dd4       0x24 obj_cc2538dk/csma.o
 .text.transmit_packet_list
                0x0000000000208df8       0x30 obj_cc2538dk/csma.o
 .text.tx_done  0x0000000000208e28       0x7c obj_cc2538dk/csma.o
 .text.packet_sent
                0x0000000000208ea4       0xdc obj_cc2538dk/csma.o
 .text.init     0x0000000000208f80       0x40 obj_cc2538dk/contikimac.o
 .text.on       0x0000000000208fc0       0x2c obj_cc2538dk/contikimac.o
 .text.off      0x0000000000208fec       0x38 obj_cc2538dk/contikimac.o
 .text.recv_burst_off
                0x0000000000209024       0x14 obj_cc2538dk/contikimac.o
 .text.powercycle_turn_radio_off
                0x0000000000209038       0x1c obj_cc2538dk/contikimac.o
 .text.turn_off
                0x0000000000209054       0x38 obj_cc2538dk/contikimac.o
 .text.turn_on  0x000000000020908c       0x40 obj_cc2538dk/contikimac.o
 .text.schedule_powercycle_fixed
                0x00000000002090cc       0x38 obj_cc2538dk/contikimac.o
 .text.input_packet
                0x0000000000209104       0xa4 obj_cc2538dk/contikimac.o
 .text.send_packet.isra.8
                0x00000000002091a8      0x1f8 obj_cc2538dk/contikimac.o
 .text.qsend_list
                0x00000000002093a0       0xdc obj_cc2538dk/contikimac.o
 .text.powercycle_wrapper
                0x000000000020947c      0x1e8 obj_cc2538dk/contikimac.o
 .text.input    0x0000000000209664        0xc obj_cc2538dk/nullsec.o
 .text.send     0x0000000000209670       0x20 obj_cc2538dk/nullsec.o
 .text.mqtt_sn_callback
                0x0000000000209690       0x24 bmp_mq2.co
                0x0000000000209690                mqtt_sn_callback
 .text.MQResistanceCalculation
                0x00000000002096b4       0x2c bmp_mq2.co
                0x00000000002096b4                MQResistanceCalculation
 .text.MQCalibration
                0x00000000002096e0       0x98 bmp_mq2.co
                0x00000000002096e0                MQCalibration
 .text.MQRead   0x0000000000209778       0x5c bmp_mq2.co
                0x0000000000209778                MQRead
 .text.MQGetPercentage
                0x00000000002097d4       0x64 bmp_mq2.co
                0x00000000002097d4                MQGetPercentage
 .text.process_thread_MQtest
                0x0000000000209838      0x164 bmp_mq2.co
 .text.init_broker
                0x000000000020999c       0xc8 bmp_mq2.co
                0x000000000020999c                init_broker
 .text.process_thread_initMQ
                0x0000000000209a64       0x3c bmp_mq2.co
 .text.unlock_tasks
                0x0000000000209aa0       0x10 obj_cc2538dk/mqtt_sn.o
                0x0000000000209aa0                unlock_tasks
 .text.parse_mqtt_type_string
                0x0000000000209ab0       0x80 obj_cc2538dk/mqtt_sn.o
                0x0000000000209ab0                parse_mqtt_type_string
 .text.mqtt_sn_get_qos_flag
                0x0000000000209b30       0x14 obj_cc2538dk/mqtt_sn.o
                0x0000000000209b30                mqtt_sn_get_qos_flag
 .text.verf_hist_sub
                0x0000000000209b44       0x34 obj_cc2538dk/mqtt_sn.o
                0x0000000000209b44                verf_hist_sub
 .text.verf_register
                0x0000000000209b78       0x28 obj_cc2538dk/mqtt_sn.o
                0x0000000000209b78                verf_register
 .text.mqtt_sn_will_topic_send
                0x0000000000209ba0       0x54 obj_cc2538dk/mqtt_sn.o
                0x0000000000209ba0                mqtt_sn_will_topic_send
 .text.mqtt_sn_will_message_send
                0x0000000000209bf4       0x4c obj_cc2538dk/mqtt_sn.o
                0x0000000000209bf4                mqtt_sn_will_message_send
 .text.mqtt_sn_ping_send
                0x0000000000209c40       0x50 obj_cc2538dk/mqtt_sn.o
                0x0000000000209c40                mqtt_sn_ping_send
 .text.timeout_ping_mqtt
                0x0000000000209c90       0x68 obj_cc2538dk/mqtt_sn.o
                0x0000000000209c90                timeout_ping_mqtt
 .text.mqtt_sn_con_send
                0x0000000000209cf8       0x78 obj_cc2538dk/mqtt_sn.o
                0x0000000000209cf8                mqtt_sn_con_send
 .text.mqtt_sn_reg_send
                0x0000000000209d70       0x84 obj_cc2538dk/mqtt_sn.o
                0x0000000000209d70                mqtt_sn_reg_send
 .text.mqtt_sn_regack_send
                0x0000000000209df4       0x3c obj_cc2538dk/mqtt_sn.o
                0x0000000000209df4                mqtt_sn_regack_send
 .text.mqtt_sn_pub_send
                0x0000000000209e30       0xb8 obj_cc2538dk/mqtt_sn.o
                0x0000000000209e30                mqtt_sn_pub_send
 .text.mqtt_sn_sub_send
                0x0000000000209ee8       0x6c obj_cc2538dk/mqtt_sn.o
                0x0000000000209ee8                mqtt_sn_sub_send
 .text.timeout_con
                0x0000000000209f54       0xb8 obj_cc2538dk/mqtt_sn.o
                0x0000000000209f54                timeout_con
 .text.mqtt_sn_sub_send_wildcard
                0x000000000020a00c       0x68 obj_cc2538dk/mqtt_sn.o
                0x000000000020a00c                mqtt_sn_sub_send_wildcard
 .text.mqtt_sn_insert_queue
                0x000000000020a074       0x84 obj_cc2538dk/mqtt_sn.o
                0x000000000020a074                mqtt_sn_insert_queue
 .text.mqtt_sn_sub_wildcard
                0x000000000020a0f8       0x34 obj_cc2538dk/mqtt_sn.o
                0x000000000020a0f8                mqtt_sn_sub_wildcard
 .text.mqtt_sn_sub
                0x000000000020a12c       0x80 obj_cc2538dk/mqtt_sn.o
                0x000000000020a12c                mqtt_sn_sub
 .text.mqtt_sn_delete_queue
                0x000000000020a1ac       0x6c obj_cc2538dk/mqtt_sn.o
                0x000000000020a1ac                mqtt_sn_delete_queue
 .text.mqtt_sn_check_empty
                0x000000000020a218       0x10 obj_cc2538dk/mqtt_sn.o
                0x000000000020a218                mqtt_sn_check_empty
 .text.init_vectors
                0x000000000020a228       0x34 obj_cc2538dk/mqtt_sn.o
                0x000000000020a228                init_vectors
 .text.mqtt_sn_recv_parser
                0x000000000020a25c      0x1c0 obj_cc2538dk/mqtt_sn.o
                0x000000000020a25c                mqtt_sn_recv_parser
 .text.mqtt_sn_create_sck
                0x000000000020a41c      0x1a4 obj_cc2538dk/mqtt_sn.o
                0x000000000020a41c                mqtt_sn_create_sck
 .text.process_thread_mqtt_sn_main
                0x000000000020a5c0      0x35c obj_cc2538dk/mqtt_sn.o
 .text.mqtt_sn_init
                0x000000000020a91c       0xa8 obj_cc2538dk/mqtt_sn.o
                0x000000000020a91c                mqtt_sn_init
 .text          0x000000000020a9c4      0x100 /usr/lib/gcc/arm-none-eabi/7.3.1/../../../arm-none-eabi/lib/thumb/v7-m/libm.a(lib_a-w_log10.o)
                0x000000000020a9c4                log10
 .text          0x000000000020aac4      0x334 /usr/lib/gcc/arm-none-eabi/7.3.1/../../../arm-none-eabi/lib/thumb/v7-m/libm.a(lib_a-w_pow.o)
                0x000000000020aac4                pow
 .text          0x000000000020adf8      0x184 /usr/lib/gcc/arm-none-eabi/7.3.1/../../../arm-none-eabi/lib/thumb/v7-m/libm.a(lib_a-e_sqrt.o)
                0x000000000020adf8                __ieee754_sqrt
 .text          0x000000000020af7c        0x8 /usr/lib/gcc/arm-none-eabi/7.3.1/../../../arm-none-eabi/lib/thumb/v7-m/libm.a(lib_a-s_fabs.o)
                0x000000000020af7c                fabs
 .text          0x000000000020af84        0xc /usr/lib/gcc/arm-none-eabi/7.3.1/../../../arm-none-eabi/lib/thumb/v7-m/libm.a(lib_a-s_finite.o)
                0x000000000020af84                finite
 .text          0x000000000020af90        0x4 /usr/lib/gcc/arm-none-eabi/7.3.1/../../../arm-none-eabi/lib/thumb/v7-m/libm.a(lib_a-s_matherr.o)
                0x000000000020af90                matherr
 .text          0x000000000020af94        0xc /usr/lib/gcc/arm-none-eabi/7.3.1/../../../arm-none-eabi/lib/thumb/v7-m/libm.a(lib_a-s_nan.o)
                0x000000000020af94                nan
 .text          0x000000000020afa0      0x118 /usr/lib/gcc/arm-none-eabi/7.3.1/../../../arm-none-eabi/lib/thumb/v7-m/libm.a(lib_a-s_rint.o)
                0x000000000020afa0                rint
 .text          0x000000000020b0b8      0x378 /usr/lib/gcc/arm-none-eabi/7.3.1/thumb/v7-m/libgcc.a(_arm_addsubdf3.o)
                0x000000000020b0b8                __aeabi_drsub
                0x000000000020b0c0                __aeabi_dsub
                0x000000000020b0c0                __subdf3
                0x000000000020b0c4                __adddf3
                0x000000000020b0c4                __aeabi_dadd
                0x000000000020b33c                __aeabi_ui2d
                0x000000000020b33c                __floatunsidf
                0x000000000020b35c                __floatsidf
                0x000000000020b35c                __aeabi_i2d
                0x000000000020b380                __extendsfdf2
                0x000000000020b380                __aeabi_f2d
                0x000000000020b3c4                __aeabi_ul2d
                0x000000000020b3c4                __floatundidf
                0x000000000020b3d4                __floatdidf
                0x000000000020b3d4                __aeabi_l2d
 .text          0x000000000020b430      0x424 /usr/lib/gcc/arm-none-eabi/7.3.1/thumb/v7-m/libgcc.a(_arm_muldivdf3.o)
                0x000000000020b430                __aeabi_dmul
                0x000000000020b430                __muldf3
                0x000000000020b684                __aeabi_ddiv
                0x000000000020b684                __divdf3
 .text          0x000000000020b854      0x110 /usr/lib/gcc/arm-none-eabi/7.3.1/thumb/v7-m/libgcc.a(_arm_cmpdf2.o)
                0x000000000020b854                __gtdf2
                0x000000000020b854                __gedf2
                0x000000000020b85c                __ltdf2
                0x000000000020b85c                __ledf2
                0x000000000020b864                __cmpdf2
                0x000000000020b864                __eqdf2
                0x000000000020b864                __nedf2
                0x000000000020b8e0                __aeabi_cdrcmple
                0x000000000020b8f0                __aeabi_cdcmple
                0x000000000020b8f0                __aeabi_cdcmpeq
                0x000000000020b900                __aeabi_dcmpeq
                0x000000000020b914                __aeabi_dcmplt
                0x000000000020b928                __aeabi_dcmple
                0x000000000020b93c                __aeabi_dcmpge
                0x000000000020b950                __aeabi_dcmpgt
 .text          0x000000000020b964       0x2c /usr/lib/gcc/arm-none-eabi/7.3.1/thumb/v7-m/libgcc.a(_arm_unorddf2.o)
                0x000000000020b964                __aeabi_dcmpun
                0x000000000020b964                __unorddf2
 .text          0x000000000020b990       0xa0 /usr/lib/gcc/arm-none-eabi/7.3.1/thumb/v7-m/libgcc.a(_arm_truncdfsf2.o)
                0x000000000020b990                __aeabi_d2f
                0x000000000020b990                __truncdfsf2
 .text          0x000000000020ba30      0x21c /usr/lib/gcc/arm-none-eabi/7.3.1/thumb/v7-m/libgcc.a(_arm_addsubsf3.o)
                0x000000000020ba30                __aeabi_frsub
                0x000000000020ba38                __subsf3
                0x000000000020ba38                __aeabi_fsub
                0x000000000020ba3c                __aeabi_fadd
                0x000000000020ba3c                __addsf3
                0x000000000020bb9c                __aeabi_ui2f
                0x000000000020bb9c                __floatunsisf
                0x000000000020bba4                __aeabi_i2f
                0x000000000020bba4                __floatsisf
                0x000000000020bbc0                __floatundisf
                0x000000000020bbc0                __aeabi_ul2f
                0x000000000020bbd0                __floatdisf
                0x000000000020bbd0                __aeabi_l2f
 .text          0x000000000020bc4c      0x2a0 /usr/lib/gcc/arm-none-eabi/7.3.1/thumb/v7-m/libgcc.a(_arm_muldivsf3.o)
                0x000000000020bc4c                __mulsf3
                0x000000000020bc4c                __aeabi_fmul
                0x000000000020bdb4                __divsf3
                0x000000000020bdb4                __aeabi_fdiv
 .text          0x000000000020beec       0x4c /usr/lib/gcc/arm-none-eabi/7.3.1/thumb/v7-m/libgcc.a(_arm_fixsfsi.o)
                0x000000000020beec                __fixsfsi
                0x000000000020beec                __aeabi_f2iz
 .text          0x000000000020bf38       0x30 /usr/lib/gcc/arm-none-eabi/7.3.1/thumb/v7-m/libgcc.a(_aeabi_uldivmod.o)
                0x000000000020bf38                __aeabi_uldivmod
 .text          0x000000000020bf68      0x2d0 /usr/lib/gcc/arm-none-eabi/7.3.1/thumb/v7-m/libgcc.a(_udivmoddi4.o)
                0x000000000020bf68                __udivmoddi4
 .text          0x000000000020c238        0x4 /usr/lib/gcc/arm-none-eabi/7.3.1/thumb/v7-m/libgcc.a(_dvmd_tls.o)
                0x000000000020c238                __aeabi_ldiv0
                0x000000000020c238                __aeabi_idiv0
 .text          0x000000000020c23c        0xc /usr/lib/gcc/arm-none-eabi/7.3.1/../../../arm-none-eabi/lib/thumb/v7-m/libc.a(lib_a-errno.o)
                0x000000000020c23c                __errno
 .text          0x000000000020c248       0x20 /usr/lib/gcc/arm-none-eabi/7.3.1/../../../arm-none-eabi/lib/thumb/v7-m/libc.a(lib_a-malloc.o)
                0x000000000020c248                malloc
                0x000000000020c258                free
 .text          0x000000000020c268      0x548 /usr/lib/gcc/arm-none-eabi/7.3.1/../../../arm-none-eabi/lib/thumb/v7-m/libc.a(lib_a-mallocr.o)
                0x000000000020c268                _malloc_r
 .text          0x000000000020c7b0       0x64 /usr/lib/gcc/arm-none-eabi/7.3.1/../../../arm-none-eabi/lib/thumb/v7-m/libc.a(lib_a-memcmp.o)
                0x000000000020c7b0                memcmp
 .text          0x000000000020c814       0xec /usr/lib/gcc/arm-none-eabi/7.3.1/../../../arm-none-eabi/lib/thumb/v7-m/libc.a(lib_a-memcpy.o)
                0x000000000020c814                memcpy
 .text          0x000000000020c900       0xc4 /usr/lib/gcc/arm-none-eabi/7.3.1/../../../arm-none-eabi/lib/thumb/v7-m/libc.a(lib_a-memmove.o)
                0x000000000020c900                memmove
 .text          0x000000000020c9c4       0x94 /usr/lib/gcc/arm-none-eabi/7.3.1/../../../arm-none-eabi/lib/thumb/v7-m/libc.a(lib_a-memset.o)
                0x000000000020c9c4                memset
 .text          0x000000000020ca58        0x8 /usr/lib/gcc/arm-none-eabi/7.3.1/../../../arm-none-eabi/lib/thumb/v7-m/libc.a(lib_a-mlock.o)
                0x000000000020ca58                __malloc_lock
                0x000000000020ca5c                __malloc_unlock
 .text          0x000000000020ca60       0x24 /usr/lib/gcc/arm-none-eabi/7.3.1/../../../arm-none-eabi/lib/thumb/v7-m/libc.a(lib_a-sbrkr.o)
                0x000000000020ca60                _sbrk_r
 .text          0x000000000020ca84       0xe8 /usr/lib/gcc/arm-none-eabi/7.3.1/../../../arm-none-eabi/lib/thumb/v7-m/libc.a(lib_a-strchr.o)
                0x000000000020ca84                strchr
 .text          0x000000000020cb6c      0x1bc /usr/lib/gcc/arm-none-eabi/7.3.1/../../../arm-none-eabi/lib/thumb/v7-m/libc.a(lib_a-strcmp.o)
                0x000000000020cb6c                strcmp
 .text          0x000000000020cd28       0xbc /usr/lib/gcc/arm-none-eabi/7.3.1/../../../arm-none-eabi/lib/thumb/v7-m/libc.a(lib_a-strcpy.o)
                0x000000000020cd28                strcpy
 .text          0x000000000020cde4       0x5c /usr/lib/gcc/arm-none-eabi/7.3.1/../../../arm-none-eabi/lib/thumb/v7-m/libc.a(lib_a-strlen-stub.o)
                0x000000000020cde4                strlen
 .text          0x000000000020ce40       0x64 /usr/lib/gcc/arm-none-eabi/7.3.1/../../../arm-none-eabi/lib/thumb/v7-m/libc.a(lib_a-strncpy.o)
                0x000000000020ce40                strncpy
 .text          0x000000000020cea4      0x288 /usr/lib/gcc/arm-none-eabi/7.3.1/../../../arm-none-eabi/lib/thumb/v7-m/libc.a(lib_a-freer.o)
                0x000000000020cea4                _malloc_trim_r
                0x000000000020cf44                _free_r
 .text.default_handler
                0x000000000020d12c        0x2 obj_cc2538dk/startup-gcc.o
                0x000000000020d12c                default_handler
 .text.nmi_handler
                0x000000000020d12e        0x6 obj_cc2538dk/startup-gcc.o
                0x000000000020d12e                nmi_handler
 .text.fade     0x000000000020d134       0x58 obj_cc2538dk/contiki-main.o
 .text.config   0x000000000020d18c       0x40 obj_cc2538dk/button-sensor.o
 .text.status   0x000000000020d1cc        0x4 obj_cc2538dk/als-sensor.o
 .text.bmpx8x_read_reg
                0x000000000020d1d0       0x38 obj_cc2538dk/bmpx8x.o
 .text.bmpx8x_read_uncompensated_temperature
                0x000000000020d208       0x4c obj_cc2538dk/bmpx8x.o
 .text.clock_isr
                0x000000000020d254        0x4 obj_cc2538dk/clock.o
                0x000000000020d254                clock_isr
 .text.rtimer_arch_init
                0x000000000020d258        0x2 obj_cc2538dk/rtimer-arch.o
                0x000000000020d258                rtimer_arch_init
 .text.uart0_isr
                0x000000000020d25a        0x6 obj_cc2538dk/uart.o
                0x000000000020d25a                uart0_isr
 .text.uart1_isr
                0x000000000020d260        0x6 obj_cc2538dk/uart.o
                0x000000000020d260                uart1_isr
 .text.gpio_port_a_isr
                0x000000000020d266        0x6 obj_cc2538dk/gpio.o
                0x000000000020d266                gpio_port_a_isr
 .text.gpio_port_b_isr
                0x000000000020d26c        0x6 obj_cc2538dk/gpio.o
                0x000000000020d26c                gpio_port_b_isr
 .text.gpio_port_c_isr
                0x000000000020d272        0x6 obj_cc2538dk/gpio.o
                0x000000000020d272                gpio_port_c_isr
 .text.gpio_port_d_isr
                0x000000000020d278        0x6 obj_cc2538dk/gpio.o
                0x000000000020d278                gpio_port_d_isr
 .text.send     0x000000000020d27e       0x12 obj_cc2538dk/cc2538-rf.o
 .text.putchar  0x000000000020d290       0x10 obj_cc2538dk/dbg.o
                0x000000000020d290                putchar
 .text.dbg_send_bytes
                0x000000000020d2a0       0x20 obj_cc2538dk/dbg.o
                0x000000000020d2a0                dbg_send_bytes
 .text.puts     0x000000000020d2c0       0x22 obj_cc2538dk/dbg.o
                0x000000000020d2c0                puts
 .text.configure
                0x000000000020d2e2        0x4 obj_cc2538dk/cc2538-temp-sensor.o
 .text.status   0x000000000020d2e6        0x4 obj_cc2538dk/cc2538-temp-sensor.o
 .text.value    0x000000000020d2ea       0x34 obj_cc2538dk/cc2538-temp-sensor.o
 .text.configure
                0x000000000020d31e        0x4 obj_cc2538dk/vdd3-sensor.o
 .text.status   0x000000000020d322        0x4 obj_cc2538dk/vdd3-sensor.o
 .text.value    0x000000000020d326       0x2a obj_cc2538dk/vdd3-sensor.o
 .text.write_str
                0x000000000020d350       0x10 obj_cc2538dk/dbg-printf.o
 .text.buffer_str
                0x000000000020d360       0x16 obj_cc2538dk/dbg-sprintf.o
 .text.autostart_start
                0x000000000020d376       0x14 obj_cc2538dk/autostart.o
                0x000000000020d376                autostart_start
 .text.stimer_set
                0x000000000020d38a        0xe obj_cc2538dk/stimer.o
                0x000000000020d38a                stimer_set
 .text.energest_init
                0x000000000020d398        0x2 obj_cc2538dk/energest.o
                0x000000000020d398                energest_init
 .text.etimer_set
                0x000000000020d39a       0x12 obj_cc2538dk/etimer.o
                0x000000000020d39a                etimer_set
 .text.etimer_reset
                0x000000000020d3ac       0x12 obj_cc2538dk/etimer.o
                0x000000000020d3ac                etimer_reset
 .text.etimer_restart
                0x000000000020d3be       0x12 obj_cc2538dk/etimer.o
                0x000000000020d3be                etimer_restart
 .text.etimer_expired
                0x000000000020d3d0        0xa obj_cc2538dk/etimer.o
                0x000000000020d3d0                etimer_expired
 .text.etimer_expiration_time
                0x000000000020d3da        0x8 obj_cc2538dk/etimer.o
                0x000000000020d3da                etimer_expiration_time
 .text.call_process
                0x000000000020d3e2        0xc obj_cc2538dk/process.o
 .text.rtimer_init
                0x000000000020d3ee        0x4 obj_cc2538dk/rtimer.o
                0x000000000020d3ee                rtimer_init
 .text.timer_set
                0x000000000020d3f2        0xe obj_cc2538dk/timer.o
                0x000000000020d3f2                timer_set
 .text.timer_reset
                0x000000000020d400        0xa obj_cc2538dk/timer.o
                0x000000000020d400                timer_reset
 .text.timer_restart
                0x000000000020d40a        0xc obj_cc2538dk/timer.o
                0x000000000020d40a                timer_restart
 .text.timer_expired
                0x000000000020d416       0x1c obj_cc2538dk/timer.o
                0x000000000020d416                timer_expired
 .text.list_init
                0x000000000020d432        0x6 obj_cc2538dk/list.o
                0x000000000020d432                list_init
 .text.list_head
                0x000000000020d438        0x4 obj_cc2538dk/list.o
                0x000000000020d438                list_head
 .text.list_tail
                0x000000000020d43c       0x10 obj_cc2538dk/list.o
                0x000000000020d43c                list_tail
 .text.list_remove
                0x000000000020d44c       0x26 obj_cc2538dk/list.o
                0x000000000020d44c                list_remove
 .text.list_add
                0x000000000020d472       0x1a obj_cc2538dk/list.o
                0x000000000020d472                list_add
 .text.list_push
                0x000000000020d48c       0x10 obj_cc2538dk/list.o
                0x000000000020d48c                list_push
 .text.list_length
                0x000000000020d49c        0xe obj_cc2538dk/list.o
                0x000000000020d49c                list_length
 .text.list_item_next
                0x000000000020d4aa        0x6 obj_cc2538dk/list.o
                0x000000000020d4aa                list_item_next
 .text.memb_init
                0x000000000020d4b0       0x20 obj_cc2538dk/memb.o
                0x000000000020d4b0                memb_init
 .text.memb_alloc
                0x000000000020d4d0       0x28 obj_cc2538dk/memb.o
                0x000000000020d4d0                memb_alloc
 .text.memb_free
                0x000000000020d4f8       0x2c obj_cc2538dk/memb.o
                0x000000000020d4f8                memb_free
 .text.memb_inmemb
                0x000000000020d524       0x1c obj_cc2538dk/memb.o
                0x000000000020d524                memb_inmemb
 .text.memb_numfree
                0x000000000020d540       0x1c obj_cc2538dk/memb.o
                0x000000000020d540                memb_numfree
 .text.ringbuf_init
                0x000000000020d55c        0xe obj_cc2538dk/ringbuf.o
                0x000000000020d55c                ringbuf_init
 .text.ringbuf_put
                0x000000000020d56a       0x26 obj_cc2538dk/ringbuf.o
                0x000000000020d56a                ringbuf_put
 .text.ringbuf_get
                0x000000000020d590       0x20 obj_cc2538dk/ringbuf.o
                0x000000000020d590                ringbuf_get
 .text.uip_ds6_list_loop
                0x000000000020d5b0       0x46 obj_cc2538dk/uip-ds6.o
                0x000000000020d5b0                uip_ds6_list_loop
 .text.uip_ds6_maddr_rm
                0x000000000020d5f6        0x8 obj_cc2538dk/uip-ds6.o
                0x000000000020d5f6                uip_ds6_maddr_rm
 .text.uip_ds6_set_addr_iid
                0x000000000020d5fe       0x12 obj_cc2538dk/uip-ds6.o
                0x000000000020d5fe                uip_ds6_set_addr_iid
 .text.get_match_length
                0x000000000020d610       0x36 obj_cc2538dk/uip-ds6.o
                0x000000000020d610                get_match_length
 .text.uip_ds6_route_next
                0x000000000020d646        0x8 obj_cc2538dk/uip-ds6-route.o
                0x000000000020d646                uip_ds6_route_next
 .text.rm_routelist_callback
                0x000000000020d64e        0x4 obj_cc2538dk/uip-ds6-route.o
 .text.chksum   0x000000000020d652       0x38 obj_cc2538dk/uip6.o
 .text.uip_icmp6chksum
                0x000000000020d68a        0x6 obj_cc2538dk/uip6.o
                0x000000000020d68a                uip_icmp6chksum
 .text.uip_udpchksum
                0x000000000020d690        0x6 obj_cc2538dk/uip6.o
                0x000000000020d690                uip_udpchksum
 .text.uip_htons
                0x000000000020d696        0x6 obj_cc2538dk/uip6.o
                0x000000000020d696                uip_htons
 .text.uip_ds6_nbr_ipaddr_from_lladdr
                0x000000000020d69c        0x4 obj_cc2538dk/uip-ds6-nbr.o
                0x000000000020d69c                uip_ds6_nbr_ipaddr_from_lladdr
 .text.uip_ds6_nbr_lladdr_from_ipaddr
                0x000000000020d6a0       0x12 obj_cc2538dk/uip-ds6-nbr.o
                0x000000000020d6a0                uip_ds6_nbr_lladdr_from_ipaddr
 .text.uip_udp_packet_sendto
                0x000000000020d6b2       0x50 obj_cc2538dk/uip-udp-packet.o
                0x000000000020d6b2                uip_udp_packet_sendto
 .text.simple_udp_send
                0x000000000020d702       0x20 obj_cc2538dk/simple-udp.o
                0x000000000020d702                simple_udp_send
 .text.get32    0x000000000020d722       0x18 obj_cc2538dk/rpl-icmp6.o
 .text.set32    0x000000000020d73a       0x12 obj_cc2538dk/rpl-icmp6.o
 .text.get16    0x000000000020d74c        0xc obj_cc2538dk/rpl-icmp6.o
 .text.set16    0x000000000020d758        0xa obj_cc2538dk/rpl-icmp6.o
 .text.rpl_icmp6_update_nbr_table
                0x000000000020d762       0x2e obj_cc2538dk/rpl-icmp6.o
                0x000000000020d762                rpl_icmp6_update_nbr_table
 .text.check_prefix
                0x000000000020d790       0x58 obj_cc2538dk/rpl-dag.o
 .text.lollipop_greater_than
                0x000000000020d7e8       0x34 obj_cc2538dk/rpl-dag.o
 .text.rpl_rank_via_parent
                0x000000000020d81c       0x1a obj_cc2538dk/rpl-dag.o
                0x000000000020d81c                rpl_rank_via_parent
 .text.rpl_get_parent_ipaddr
                0x000000000020d836        0xe obj_cc2538dk/rpl-dag.o
                0x000000000020d836                rpl_get_parent_ipaddr
 .text.rpl_get_parent_link_stats
                0x000000000020d844        0xe obj_cc2538dk/rpl-dag.o
                0x000000000020d844                rpl_get_parent_link_stats
 .text.rpl_parent_is_fresh
                0x000000000020d852        0xe obj_cc2538dk/rpl-dag.o
                0x000000000020d852                rpl_parent_is_fresh
 .text.rpl_parent_is_reachable
                0x000000000020d860       0x36 obj_cc2538dk/rpl-dag.o
                0x000000000020d860                rpl_parent_is_reachable
 .text.rpl_set_prefix
                0x000000000020d896       0x6a obj_cc2538dk/rpl-dag.o
                0x000000000020d896                rpl_set_prefix
 .text.rpl_set_default_route
                0x000000000020d900       0x30 obj_cc2538dk/rpl-dag.o
                0x000000000020d900                rpl_set_default_route
 .text.rpl_find_parent
                0x000000000020d930       0x16 obj_cc2538dk/rpl-dag.o
                0x000000000020d930                rpl_find_parent
 .text.rpl_find_parent_any_dag
                0x000000000020d946       0x1e obj_cc2538dk/rpl-dag.o
                0x000000000020d946                rpl_find_parent_any_dag
 .text.rpl_select_parent
                0x000000000020d964       0x4a obj_cc2538dk/rpl-dag.o
                0x000000000020d964                rpl_select_parent
 .text.rpl_select_dag
                0x000000000020d9ae      0x152 obj_cc2538dk/rpl-dag.o
                0x000000000020d9ae                rpl_select_dag
 .text.rpl_nullify_parent
                0x000000000020db00       0x54 obj_cc2538dk/rpl-dag.o
                0x000000000020db00                rpl_nullify_parent
 .text.nbr_callback
                0x000000000020db54        0x4 obj_cc2538dk/rpl-dag.o
 .text.rpl_free_dag
                0x000000000020db58       0x3a obj_cc2538dk/rpl-dag.o
                0x000000000020db58                rpl_free_dag
 .text.rpl_move_parent
                0x000000000020db92       0x58 obj_cc2538dk/rpl-dag.o
                0x000000000020db92                rpl_move_parent
 .text.rpl_repair_root
                0x000000000020dbea       0x44 obj_cc2538dk/rpl-dag.o
                0x000000000020dbea                rpl_repair_root
 .text.rpl_alloc_dag
                0x000000000020dc2e       0x4a obj_cc2538dk/rpl-dag.o
                0x000000000020dc2e                rpl_alloc_dag
 .text.rpl_process_parent_event
                0x000000000020dc78       0x90 obj_cc2538dk/rpl-dag.o
                0x000000000020dc78                rpl_process_parent_event
 .text.rpl_add_dag
                0x000000000020dd08      0x110 obj_cc2538dk/rpl-dag.o
                0x000000000020dd08                rpl_add_dag
 .text.rpl_process_dio
                0x000000000020de18      0x2da obj_cc2538dk/rpl-dag.o
                0x000000000020de18                rpl_process_dio
 .text.handle_unicast_dio_timer
                0x000000000020e0f2       0x1c obj_cc2538dk/rpl-timers.o
 .text.rpl_reset_dio_timer
                0x000000000020e10e       0x1c obj_cc2538dk/rpl-timers.o
                0x000000000020e10e                rpl_reset_dio_timer
 .text.rpl_schedule_dao
                0x000000000020e12a        0x8 obj_cc2538dk/rpl-timers.o
                0x000000000020e12a                rpl_schedule_dao
 .text.get_probing_delay
                0x000000000020e132       0x3a obj_cc2538dk/rpl-timers.o
                0x000000000020e132                get_probing_delay
 .text.handle_probing_timer
                0x000000000020e16c       0x32 obj_cc2538dk/rpl-timers.o
 .text.rpl_remove_routes
                0x000000000020e19e       0x1e obj_cc2538dk/rpl.o
                0x000000000020e19e                rpl_remove_routes
 .text.rpl_remove_routes_by_nexthop
                0x000000000020e1bc       0x30 obj_cc2538dk/rpl.o
                0x000000000020e1bc                rpl_remove_routes_by_nexthop
 .text.rpl_add_route
                0x000000000020e1ec       0x36 obj_cc2538dk/rpl.o
                0x000000000020e1ec                rpl_add_route
 .text.reset    0x000000000020e222        0x2 obj_cc2538dk/rpl-mrhof.o
 .text.update_metric_container
                0x000000000020e224        0x6 obj_cc2538dk/rpl-mrhof.o
 .text.parent_link_metric
                0x000000000020e22a       0x12 obj_cc2538dk/rpl-mrhof.o
 .text.parent_has_usable_link
                0x000000000020e23c       0x12 obj_cc2538dk/rpl-mrhof.o
 .text.best_dag
                0x000000000020e24e       0x2c obj_cc2538dk/rpl-mrhof.o
 .text.parent_path_cost
                0x000000000020e27a       0x34 obj_cc2538dk/rpl-mrhof.o
 .text.rank_via_parent
                0x000000000020e2ae       0x34 obj_cc2538dk/rpl-mrhof.o
 .text.parent_is_acceptable
                0x000000000020e2e2       0x26 obj_cc2538dk/rpl-mrhof.o
 .text.best_parent
                0x000000000020e308       0x64 obj_cc2538dk/rpl-mrhof.o
 .text.svcall_handler
                0x000000000020e36c       0x1e obj_cc2538dk/mtarch.o
                0x000000000020e36c                svcall_handler
 .text.pendsv_handler
                0x000000000020e38a       0x18 obj_cc2538dk/mtarch.o
                0x000000000020e38a                pendsv_handler
 .text.queuebuf_update_attr_from_packetbuf
                0x000000000020e3a2        0xc obj_cc2538dk/queuebuf.o
                0x000000000020e3a2                queuebuf_update_attr_from_packetbuf
 .text.queuebuf_update_from_packetbuf
                0x000000000020e3ae       0x1c obj_cc2538dk/queuebuf.o
                0x000000000020e3ae                queuebuf_update_from_packetbuf
 .text.queuebuf_attr
                0x000000000020e3ca        0xc obj_cc2538dk/queuebuf.o
                0x000000000020e3ca                queuebuf_attr
 .text.item_from_index
                0x000000000020e3d6       0x14 obj_cc2538dk/nbr-table.o
 .text.index_from_item
                0x000000000020e3ea       0x16 obj_cc2538dk/nbr-table.o
 .text.nbr_set_bit
                0x000000000020e400       0x3a obj_cc2538dk/nbr-table.o
 .text.nbr_table_next
                0x000000000020e43a       0x36 obj_cc2538dk/nbr-table.o
                0x000000000020e43a                nbr_table_next
 .text.nbr_table_get_from_lladdr
                0x000000000020e470       0x26 obj_cc2538dk/nbr-table.o
                0x000000000020e470                nbr_table_get_from_lladdr
 .text.nbr_table_get_lladdr
                0x000000000020e496       0x10 obj_cc2538dk/nbr-table.o
                0x000000000020e496                nbr_table_get_lladdr
 .text.nbr_table_update_lladdr
                0x000000000020e4a6       0x44 obj_cc2538dk/nbr-table.o
                0x000000000020e4a6                nbr_table_update_lladdr
 .text.linkaddr_copy
                0x000000000020e4ea        0xa obj_cc2538dk/linkaddr.o
                0x000000000020e4ea                linkaddr_copy
 .text.linkaddr_cmp
                0x000000000020e4f4       0x10 obj_cc2538dk/linkaddr.o
                0x000000000020e4f4                linkaddr_cmp
 .text.link_stats_is_fresh
                0x000000000020e504       0x24 obj_cc2538dk/link-stats.o
                0x000000000020e504                link_stats_is_fresh
 .text.frame802154_has_panid
                0x000000000020e528       0xbc obj_cc2538dk/frame802154.o
                0x000000000020e528                frame802154_has_panid
 .text.field_len
                0x000000000020e5e4       0x80 obj_cc2538dk/frame802154.o
 .text.frame802154_is_broadcast_addr
                0x000000000020e664       0x1e obj_cc2538dk/frame802154.o
                0x000000000020e664                frame802154_is_broadcast_addr
 .text.frame802154_hdrlen
                0x000000000020e682       0x32 obj_cc2538dk/frame802154.o
                0x000000000020e682                frame802154_hdrlen
 .text.frame802154_create_fcf
                0x000000000020e6b4       0x5e obj_cc2538dk/frame802154.o
                0x000000000020e6b4                frame802154_create_fcf
 .text.frame802154_create
                0x000000000020e712       0x8e obj_cc2538dk/frame802154.o
                0x000000000020e712                frame802154_create
 .text.frame802154_parse_fcf
                0x000000000020e7a0       0x40 obj_cc2538dk/frame802154.o
                0x000000000020e7a0                frame802154_parse_fcf
 .text.mac_call_sent_callback
                0x000000000020e7e0       0x18 obj_cc2538dk/mac.o
                0x000000000020e7e0                mac_call_sent_callback
 .text.parse    0x000000000020e7f8       0x94 obj_cc2538dk/framer-802154.o
 .text.create   0x000000000020e88c        0x6 obj_cc2538dk/framer-802154.o
 .text.hdr_length
                0x000000000020e892        0x6 obj_cc2538dk/framer-802154.o
 .text.duty_cycle
                0x000000000020e898        0x4 obj_cc2538dk/contikimac.o
 .text.qsend_packet
                0x000000000020e89c       0x22 obj_cc2538dk/contikimac.o
 .text.init     0x000000000020e8be        0x2 obj_cc2538dk/nullsec.o
 .text.adc_raw_value
                0x000000000020e8c0       0x12 bmp_mq2.co
                0x000000000020e8c0                adc_raw_value
 .text.mqtt_sn_pub
                0x000000000020e8d2       0x28 obj_cc2538dk/mqtt_sn.o
                0x000000000020e8d2                mqtt_sn_pub
 .text.mqtt_sn_udp_rec_cb
                0x000000000020e8fa        0x6 obj_cc2538dk/mqtt_sn.o
                0x000000000020e8fa                mqtt_sn_udp_rec_cb
 *(SORT_BY_ALIGNMENT(.rodata*))
 .rodata        0x000000000020e900       0x10 /usr/lib/gcc/arm-none-eabi/7.3.1/../../../arm-none-eabi/lib/thumb/v7-m/libm.a(lib_a-s_rint.o)
 .rodata.button_down_sensor
                0x000000000020e910       0x10 obj_cc2538dk/button-sensor.o
                0x000000000020e910                button_down_sensor
 .rodata.button_left_sensor
                0x000000000020e920       0x10 obj_cc2538dk/button-sensor.o
                0x000000000020e920                button_left_sensor
 .rodata.button_right_sensor
                0x000000000020e930       0x10 obj_cc2538dk/button-sensor.o
                0x000000000020e930                button_right_sensor
 .rodata.button_select_sensor
                0x000000000020e940       0x10 obj_cc2538dk/button-sensor.o
                0x000000000020e940                button_select_sensor
 .rodata.button_up_sensor
                0x000000000020e950       0x10 obj_cc2538dk/button-sensor.o
                0x000000000020e950                button_up_sensor
 .rodata.als_sensor
                0x000000000020e960       0x10 obj_cc2538dk/als-sensor.o
                0x000000000020e960                als_sensor
 .rodata.bmpx8x
                0x000000000020e970       0x10 obj_cc2538dk/bmpx8x.o
                0x000000000020e970                bmpx8x
 .rodata.uart_regs
                0x000000000020e980       0x58 obj_cc2538dk/uart.o
 .rodata.reset_cause.5256
                0x000000000020e9d8       0x10 obj_cc2538dk/sys-ctrl.o
 .rodata.cc2538_rf_driver
                0x000000000020e9e8       0x38 obj_cc2538dk/cc2538-rf.o
                0x000000000020e9e8                cc2538_rf_driver
 .rodata.output_power
                0x000000000020ea20       0x70 obj_cc2538dk/cc2538-rf.o
 .rodata.cc2538_temp_sensor
                0x000000000020ea90       0x10 obj_cc2538dk/cc2538-temp-sensor.o
                0x000000000020ea90                cc2538_temp_sensor
 .rodata.vdd3_sensor
                0x000000000020eaa0       0x10 obj_cc2538dk/vdd3-sensor.o
                0x000000000020eaa0                vdd3_sensor
 .rodata.sicslowpan_driver
                0x000000000020eab0        0xc obj_cc2538dk/sicslowpan.o
                0x000000000020eab0                sicslowpan_driver
 .rodata.framer_802154
                0x000000000020eabc        0xc obj_cc2538dk/framer-802154.o
                0x000000000020eabc                framer_802154
 .rodata.csma_driver
                0x000000000020eac8       0x1c obj_cc2538dk/csma.o
                0x000000000020eac8                csma_driver
 .rodata.contikimac_driver
                0x000000000020eae4       0x20 obj_cc2538dk/contikimac.o
                0x000000000020eae4                contikimac_driver
 .rodata.nullsec_driver
                0x000000000020eb04       0x10 obj_cc2538dk/nullsec.o
                0x000000000020eb04                nullsec_driver
 .rodata.autostart_processes
                0x000000000020eb14        0xc bmp_mq2.co
                0x000000000020eb14                autostart_processes
 .rodata.str1.4
                0x000000000020eb20        0x9 /usr/lib/gcc/arm-none-eabi/7.3.1/../../../arm-none-eabi/lib/thumb/v7-m/libm.a(lib_a-w_log10.o)
 *fill*         0x000000000020eb29        0x3 00000000
 .rodata.str1.4
                0x000000000020eb2c        0x4 /usr/lib/gcc/arm-none-eabi/7.3.1/../../../arm-none-eabi/lib/thumb/v7-m/libm.a(lib_a-w_pow.o)
 .rodata.str1.4
                0x000000000020eb30        0x1 /usr/lib/gcc/arm-none-eabi/7.3.1/../../../arm-none-eabi/lib/thumb/v7-m/libm.a(lib_a-e_pow.o)
 .rodata.main.str1.1
                0x000000000020eb30       0x73 obj_cc2538dk/contiki-main.o
 .rodata.str1.1
                0x000000000020eba3        0x8 obj_cc2538dk/sensors.o
 .rodata.str1.1
                0x000000000020ebab        0x7 obj_cc2538dk/button-sensor.o
 .rodata.str1.1
                0x000000000020ebb2        0x4 obj_cc2538dk/als-sensor.o
 .rodata.str1.1
                0x000000000020ebb6       0x2e obj_cc2538dk/bmpx8x.o
 .rodata.soc_print_info.str1.1
                0x000000000020ebe4       0x94 obj_cc2538dk/soc.o
 .rodata.str1.1
                0x000000000020ec78       0x2d obj_cc2538dk/sys-ctrl.o
 .rodata.str1.1
                0x000000000020eca5       0x11 obj_cc2538dk/cc2538-rf.o
 .rodata.str1.1
                0x000000000020ecb6       0x14 obj_cc2538dk/cc2538-temp-sensor.o
 .rodata.str1.1
                0x000000000020ecca        0x5 obj_cc2538dk/vdd3-sensor.o
 .rodata.buffer.4173
                0x000000000020eccf       0x10 obj_cc2538dk/strformat.o
 .rodata.buffer.4182
                0x000000000020ecdf       0x10 obj_cc2538dk/strformat.o
 .rodata.format_str_v.str1.1
                0x000000000020ecef       0x35 obj_cc2538dk/strformat.o
                                         0x37 (size before relaxing)
 .rodata.str1.1
                0x000000000020ed24        0xc obj_cc2538dk/etimer.o
 .rodata.str1.1
                0x000000000020ed30        0xf obj_cc2538dk/ctimer.o
 .rodata.str1.1
                0x000000000020ed3f        0xe obj_cc2538dk/serial-line.o
 .rodata        0x000000000020ed4d        0x2 obj_cc2538dk/sicslowpan.o
 .rodata.llprefix
                0x000000000020ed4f        0x2 obj_cc2538dk/sicslowpan.o
                0x000000000020ed4f                llprefix
 .rodata.str1.1
                0x000000000020ed51        0xb obj_cc2538dk/sicslowpan.o
 .rodata.ttl_values
                0x000000000020ed5c        0x4 obj_cc2538dk/sicslowpan.o
 .rodata.unc_ctxconf
                0x000000000020ed60        0x4 obj_cc2538dk/sicslowpan.o
                0x000000000020ed60                unc_ctxconf
 .rodata.unc_llconf
                0x000000000020ed64        0x4 obj_cc2538dk/sicslowpan.o
                0x000000000020ed64                unc_llconf
 .rodata.unc_mxconf
                0x000000000020ed68        0x4 obj_cc2538dk/sicslowpan.o
                0x000000000020ed68                unc_mxconf
 .rodata.uip_debug_ipaddr_print.str1.1
                0x000000000020ed6c       0x28 obj_cc2538dk/uip-debug.o
 .rodata.str1.1
                0x000000000020ed94        0xd obj_cc2538dk/tcpip.o
 .rodata.str1.1
                0x000000000020eda1       0x13 obj_cc2538dk/simple-udp.o
 .rodata.linkaddr_null
                0x000000000020edb4        0x8 obj_cc2538dk/linkaddr.o
                0x000000000020edb4                linkaddr_null
 .rodata.str1.1
                0x000000000020edbc        0x5 obj_cc2538dk/csma.o
 .rodata.str1.1
                0x000000000020edc1        0xb obj_cc2538dk/contikimac.o
 .rodata.str1.1