Archive member included to satisfy reference by file (symbol)

/usr/lib/gcc/arm-none-eabi/7.3.1/../../../arm-none-eabi/lib/thumb/v7-m/libm.a(lib_a-w_log10.o)
                              mq2-mqtt.co (log10)
/usr/lib/gcc/arm-none-eabi/7.3.1/../../../arm-none-eabi/lib/thumb/v7-m/libm.a(lib_a-w_pow.o)
                              mq2-mqtt.co (pow)
/usr/lib/gcc/arm-none-eabi/7.3.1/../../../arm-none-eabi/lib/thumb/v7-m/libm.a(lib_a-e_log10.o)
                              /usr/lib/gcc/arm-none-eabi/7.3.1/../../../arm-none-eabi/lib/thumb/v7-m/libm.a(lib_a-w_log10.o) (__ieee754_log10)
/usr/lib/gcc/arm-none-eabi/7.3.1/../../../arm-none-eabi/lib/thumb/v7-m/libm.a(lib_a-e_pow.o)
                              /usr/lib/gcc/arm-none-eabi/7.3.1/../../../arm-none-eabi/lib/thumb/v7-m/libm.a(lib_a-w_pow.o) (__ieee754_pow)
/usr/lib/gcc/arm-none-eabi/7.3.1/../../../arm-none-eabi/lib/thumb/v7-m/libm.a(lib_a-e_sqrt.o)
                              /usr/lib/gcc/arm-none-eabi/7.3.1/../../../arm-none-eabi/lib/thumb/v7-m/libm.a(lib_a-e_pow.o) (__ieee754_sqrt)
/usr/lib/gcc/arm-none-eabi/7.3.1/../../../arm-none-eabi/lib/thumb/v7-m/libm.a(lib_a-s_fabs.o)
                              /usr/lib/gcc/arm-none-eabi/7.3.1/../../../arm-none-eabi/lib/thumb/v7-m/libm.a(lib_a-e_pow.o) (fabs)
/usr/lib/gcc/arm-none-eabi/7.3.1/../../../arm-none-eabi/lib/thumb/v7-m/libm.a(lib_a-s_finite.o)
                              /usr/lib/gcc/arm-none-eabi/7.3.1/../../../arm-none-eabi/lib/thumb/v7-m/libm.a(lib_a-w_pow.o) (finite)
/usr/lib/gcc/arm-none-eabi/7.3.1/../../../arm-none-eabi/lib/thumb/v7-m/libm.a(lib_a-s_lib_ver.o)
                              /usr/lib/gcc/arm-none-eabi/7.3.1/../../../arm-none-eabi/lib/thumb/v7-m/libm.a(lib_a-w_log10.o) (__fdlib_version)
/usr/lib/gcc/arm-none-eabi/7.3.1/../../../arm-none-eabi/lib/thumb/v7-m/libm.a(lib_a-s_matherr.o)
                              /usr/lib/gcc/arm-none-eabi/7.3.1/../../../arm-none-eabi/lib/thumb/v7-m/libm.a(lib_a-w_log10.o) (matherr)
/usr/lib/gcc/arm-none-eabi/7.3.1/../../../arm-none-eabi/lib/thumb/v7-m/libm.a(lib_a-s_nan.o)
                              /usr/lib/gcc/arm-none-eabi/7.3.1/../../../arm-none-eabi/lib/thumb/v7-m/libm.a(lib_a-w_log10.o) (nan)
/usr/lib/gcc/arm-none-eabi/7.3.1/../../../arm-none-eabi/lib/thumb/v7-m/libm.a(lib_a-s_rint.o)
                              /usr/lib/gcc/arm-none-eabi/7.3.1/../../../arm-none-eabi/lib/thumb/v7-m/libm.a(lib_a-w_pow.o) (rint)
/usr/lib/gcc/arm-none-eabi/7.3.1/../../../arm-none-eabi/lib/thumb/v7-m/libm.a(lib_a-s_scalbn.o)
                              /usr/lib/gcc/arm-none-eabi/7.3.1/../../../arm-none-eabi/lib/thumb/v7-m/libm.a(lib_a-e_pow.o) (scalbn)
/usr/lib/gcc/arm-none-eabi/7.3.1/../../../arm-none-eabi/lib/thumb/v7-m/libm.a(lib_a-e_log.o)
                              /usr/lib/gcc/arm-none-eabi/7.3.1/../../../arm-none-eabi/lib/thumb/v7-m/libm.a(lib_a-e_log10.o) (__ieee754_log)
/usr/lib/gcc/arm-none-eabi/7.3.1/thumb/v7-m/libgcc.a(_arm_addsubdf3.o)
                              mq2-mqtt.co (__aeabi_dsub)
/usr/lib/gcc/arm-none-eabi/7.3.1/thumb/v7-m/libgcc.a(_arm_muldivdf3.o)
                              /usr/lib/gcc/arm-none-eabi/7.3.1/../../../arm-none-eabi/lib/thumb/v7-m/libm.a(lib_a-w_pow.o) (__aeabi_dmul)
/usr/lib/gcc/arm-none-eabi/7.3.1/thumb/v7-m/libgcc.a(_arm_cmpdf2.o)
                              /usr/lib/gcc/arm-none-eabi/7.3.1/../../../arm-none-eabi/lib/thumb/v7-m/libm.a(lib_a-w_log10.o) (__aeabi_dcmpeq)
/usr/lib/gcc/arm-none-eabi/7.3.1/thumb/v7-m/libgcc.a(_arm_unorddf2.o)
                              /usr/lib/gcc/arm-none-eabi/7.3.1/../../../arm-none-eabi/lib/thumb/v7-m/libm.a(lib_a-w_log10.o) (__aeabi_dcmpun)
/usr/lib/gcc/arm-none-eabi/7.3.1/thumb/v7-m/libgcc.a(_arm_truncdfsf2.o)
                              mq2-mqtt.co (__aeabi_d2f)
/usr/lib/gcc/arm-none-eabi/7.3.1/thumb/v7-m/libgcc.a(_arm_addsubsf3.o)
                              mq2-mqtt.co (__aeabi_fadd)
/usr/lib/gcc/arm-none-eabi/7.3.1/thumb/v7-m/libgcc.a(_arm_muldivsf3.o)
                              mq2-mqtt.co (__aeabi_fmul)
/usr/lib/gcc/arm-none-eabi/7.3.1/thumb/v7-m/libgcc.a(_arm_fixsfsi.o)
                              mq2-mqtt.co (__aeabi_f2iz)
/usr/lib/gcc/arm-none-eabi/7.3.1/thumb/v7-m/libgcc.a(_aeabi_ldivmod.o)
                              obj_cc2538dk/spi.o (__aeabi_ldivmod)
/usr/lib/gcc/arm-none-eabi/7.3.1/thumb/v7-m/libgcc.a(_aeabi_uldivmod.o)
                              obj_cc2538dk/spi.o (__aeabi_uldivmod)
/usr/lib/gcc/arm-none-eabi/7.3.1/thumb/v7-m/libgcc.a(_udivmoddi4.o)
                              /usr/lib/gcc/arm-none-eabi/7.3.1/thumb/v7-m/libgcc.a(_aeabi_ldivmod.o) (__udivmoddi4)
/usr/lib/gcc/arm-none-eabi/7.3.1/thumb/v7-m/libgcc.a(_dvmd_tls.o)
                              /usr/lib/gcc/arm-none-eabi/7.3.1/thumb/v7-m/libgcc.a(_aeabi_ldivmod.o) (__aeabi_ldiv0)
/usr/lib/gcc/arm-none-eabi/7.3.1/../../../arm-none-eabi/lib/thumb/v7-m/libc.a(lib_a-ctype_.o)
                              obj_cc2538dk/resolv.o (_ctype_)
[...]
Memory Configuration

Name             Origin             Length             Attributes
FLASH_FW         0x0000000000200000 0x000000000007ffd4 xr
FLASH_CCA        0x000000000027ffd4 0x000000000000002c xr
NRSRAM           0x0000000020000000 0x0000000000000000 xrw
FRSRAM           0x0000000020000000 0x0000000000008000 xrw
*default*        0x0000000000000000 0xffffffffffffffff

Linker script and memory map

LOAD obj_cc2538dk/startup-gcc.o
LOAD obj_cc2538dk/powertrace.o
LOAD obj_cc2538dk/leds.o
LOAD obj_cc2538dk/leds-arch.o
LOAD obj_cc2538dk/contiki-main.o
LOAD obj_cc2538dk/sensors.o
LOAD obj_cc2538dk/smartrf-sensors.o
LOAD obj_cc2538dk/button-sensor.o
LOAD obj_cc2538dk/als-sensor.o
LOAD obj_cc2538dk/bmpx8x.o
LOAD obj_cc2538dk/servo.o
LOAD obj_cc2538dk/motion-sensor.o
LOAD obj_cc2538dk/dht22.o
LOAD obj_cc2538dk/soc.o
LOAD obj_cc2538dk/clock.o
LOAD obj_cc2538dk/rtimer-arch.o
LOAD obj_cc2538dk/uart.o
LOAD obj_cc2538dk/watchdog.o
LOAD obj_cc2538dk/nvic.o
LOAD obj_cc2538dk/sys-ctrl.o
LOAD obj_cc2538dk/gpio.o
LOAD obj_cc2538dk/ioc.o
LOAD obj_cc2538dk/spi.o
LOAD obj_cc2538dk/adc.o
LOAD obj_cc2538dk/crypto.o
LOAD obj_cc2538dk/aes.o
LOAD obj_cc2538dk/ecb.o
LOAD obj_cc2538dk/cbc.o
LOAD obj_cc2538dk/ctr.o
LOAD obj_cc2538dk/cbc-mac.o
LOAD obj_cc2538dk/gcm.o
LOAD obj_cc2538dk/ccm.o
LOAD obj_cc2538dk/sha256.o
LOAD obj_cc2538dk/cc2538-aes-128.o
LOAD obj_cc2538dk/cc2538-ccm-star.o
LOAD obj_cc2538dk/cc2538-rf.o
LOAD obj_cc2538dk/udma.o
LOAD obj_cc2538dk/lpm.o
LOAD obj_cc2538dk/pka.o
LOAD obj_cc2538dk/bignum-driver.o
LOAD obj_cc2538dk/ecc-driver.o
LOAD obj_cc2538dk/ecc-algorithm.o
LOAD obj_cc2538dk/ecc-curve.o
LOAD obj_cc2538dk/dbg.o
LOAD obj_cc2538dk/ieee-addr.o
LOAD obj_cc2538dk/slip-arch.o
LOAD obj_cc2538dk/slip.o
LOAD obj_cc2538dk/i2c.o
LOAD obj_cc2538dk/cc2538-temp-sensor.o
LOAD obj_cc2538dk/vdd3-sensor.o
LOAD obj_cc2538dk/cfs-coffee.o
LOAD obj_cc2538dk/cfs-coffee-arch.o
LOAD obj_cc2538dk/pwm.o
LOAD obj_cc2538dk/dbg-printf.o
LOAD obj_cc2538dk/dbg-snprintf.o
LOAD obj_cc2538dk/dbg-sprintf.o
LOAD obj_cc2538dk/strformat.o
LOAD obj_cc2538dk/usb-core.o
LOAD obj_cc2538dk/cdc-acm.o
LOAD obj_cc2538dk/usb-arch.o
LOAD obj_cc2538dk/usb-serial.o
LOAD obj_cc2538dk/cdc-acm-descriptors.o
LOAD obj_cc2538dk/autostart.o
LOAD obj_cc2538dk/stimer.o
LOAD obj_cc2538dk/arg.o
LOAD obj_cc2538dk/energest.o
LOAD obj_cc2538dk/etimer.o
LOAD obj_cc2538dk/ctimer.o
LOAD obj_cc2538dk/compower.o
LOAD obj_cc2538dk/process.o
LOAD obj_cc2538dk/rtimer.o
LOAD obj_cc2538dk/mt.o
LOAD obj_cc2538dk/procinit.o
LOAD obj_cc2538dk/timer.o
LOAD obj_cc2538dk/serial-line.o
LOAD obj_cc2538dk/nullradio.o
LOAD obj_cc2538dk/settings.o
LOAD obj_cc2538dk/crc16.o
LOAD obj_cc2538dk/mmem.o
LOAD obj_cc2538dk/ccm-star.o
LOAD obj_cc2538dk/ifft.o
LOAD obj_cc2538dk/me_tabs.o
LOAD obj_cc2538dk/me.o
LOAD obj_cc2538dk/ringbufindex.o
LOAD obj_cc2538dk/list.o
LOAD obj_cc2538dk/aes-128.o
LOAD obj_cc2538dk/trickle-timer.o
LOAD obj_cc2538dk/memb.o
LOAD obj_cc2538dk/print-stats.o
LOAD obj_cc2538dk/petsciiconv.o
LOAD obj_cc2538dk/gcr.o
LOAD obj_cc2538dk/random.o
LOAD obj_cc2538dk/assert.o
LOAD obj_cc2538dk/ringbuf.o
LOAD obj_cc2538dk/websocket.o
LOAD obj_cc2538dk/uip-icmp6.o
LOAD obj_cc2538dk/uip-ds6.o
LOAD obj_cc2538dk/uip-ds6-route.o
LOAD obj_cc2538dk/uip6.o
LOAD obj_cc2538dk/uip-ds6-nbr.o
LOAD obj_cc2538dk/uip-nd6.o
LOAD obj_cc2538dk/websocket-http-client.o
LOAD obj_cc2538dk/sicslowpan.o
LOAD obj_cc2538dk/slipdev.o
LOAD obj_cc2538dk/dhcpc.o
LOAD obj_cc2538dk/uip-packetqueue.o
LOAD obj_cc2538dk/tcp-socket.o
LOAD obj_cc2538dk/uip-debug.o
LOAD obj_cc2538dk/ip64-addr.o
LOAD obj_cc2538dk/uip-udp-packet.o
LOAD obj_cc2538dk/psock.o
LOAD obj_cc2538dk/tcpip.o
LOAD obj_cc2538dk/resolv.o
LOAD obj_cc2538dk/uip-nameserver.o
LOAD obj_cc2538dk/uip-split.o
LOAD obj_cc2538dk/udp-socket.o
LOAD obj_cc2538dk/simple-udp.o
LOAD obj_cc2538dk/uiplib.o
LOAD obj_cc2538dk/rpl-icmp6.o
LOAD obj_cc2538dk/rpl-of0.o
LOAD obj_cc2538dk/rpl-dag.o
LOAD obj_cc2538dk/rpl-timers.o
LOAD obj_cc2538dk/rpl-ext-header.o
LOAD obj_cc2538dk/rpl.o
LOAD obj_cc2538dk/rpl-nbr-policy.o
LOAD obj_cc2538dk/rpl-mrhof.o
LOAD obj_cc2538dk/rpl-ns.o
LOAD obj_cc2538dk/rpl-dag-root.o
LOAD obj_cc2538dk/syscalls.o
LOAD obj_cc2538dk/mtarch.o
LOAD obj_cc2538dk/queuebuf.o
LOAD obj_cc2538dk/nbr-table.o
LOAD obj_cc2538dk/packetbuf.o
LOAD obj_cc2538dk/netstack.o
LOAD obj_cc2538dk/linkaddr.o
LOAD obj_cc2538dk/net-debug.o
LOAD obj_cc2538dk/link-stats.o
LOAD obj_cc2538dk/nullmac.o
LOAD obj_cc2538dk/nullrdc-noframer.o
LOAD obj_cc2538dk/frame802154e-ie.o
LOAD obj_cc2538dk/mac-sequence.o
LOAD obj_cc2538dk/nordc.o
LOAD obj_cc2538dk/frame802154.o
LOAD obj_cc2538dk/mac.o
LOAD obj_cc2538dk/framer-802154.o
LOAD obj_cc2538dk/csma.o
LOAD obj_cc2538dk/framer-nullmac.o
LOAD obj_cc2538dk/phase.o
LOAD obj_cc2538dk/nullrdc.o
LOAD obj_cc2538dk/contikimac.o
LOAD obj_cc2538dk/contikimac-framer.o
LOAD obj_cc2538dk/nullsec.o
LOAD obj_cc2538dk/anti-replay.o
LOAD obj_cc2538dk/ccm-star-packetbuf.o
LOAD obj_cc2538dk/noncoresec.o
LOAD mq2-mqtt.co
LOAD obj_cc2538dk/mqtt_sn.o
LOAD /usr/lib/gcc/arm-none-eabi/7.3.1/../../../arm-none-eabi/lib/thumb/v7-m/libm.a
START GROUP
LOAD /usr/lib/gcc/arm-none-eabi/7.3.1/thumb/v7-m/libgcc.a
LOAD /usr/lib/gcc/arm-none-eabi/7.3.1/../../../arm-none-eabi/lib/thumb/v7-m/libc.a
END GROUP

.text           0x0000000000200000     0xeaa7
                0x0000000000200000                _text = .
 *(SORT_BY_ALIGNMENT(.vectors))
 .vectors       0x0000000000200000      0x28c obj_cc2538dk/startup-gcc.o
                0x0000000000200000                vectors
 *(SORT_BY_ALIGNMENT(.text*))
 *fill*         0x000000000020028c        0x4 00000000
 .text          0x0000000000200290      0x114 /usr/lib/gcc/arm-none-eabi/7.3.1/../../../arm-none-eabi/lib/thumb/v7-m/libm.a(lib_a-e_log10.o)
                0x0000000000200290                __ieee754_log10
 *fill*         0x00000000002003a4        0x4 00000000
 .text          0x00000000002003a8      0xae4 /usr/lib/gcc/arm-none-eabi/7.3.1/../../../arm-none-eabi/lib/thumb/v7-m/libm.a(lib_a-e_pow.o)
                0x00000000002003a8                __ieee754_pow
 *fill*         0x0000000000200e8c        0x4 00000000
 .text          0x0000000000200e90       0xf4 /usr/lib/gcc/arm-none-eabi/7.3.1/../../../arm-none-eabi/lib/thumb/v7-m/libm.a(lib_a-s_scalbn.o)
                0x0000000000200e90                scalbn
 *fill*         0x0000000000200f84        0x4 00000000
 .text          0x0000000000200f88      0x394 /usr/lib/gcc/arm-none-eabi/7.3.1/../../../arm-none-eabi/lib/thumb/v7-m/libm.a(lib_a-e_log.o)
                0x0000000000200f88                __ieee754_log
 .text.reset_handler
                0x000000000020131c       0x40 obj_cc2538dk/startup-gcc.o
                0x000000000020131c                reset_handler
 .text.leds_init
                0x000000000020135c       0x14 obj_cc2538dk/leds.o
                0x000000000020135c                leds_init
 .text.leds_on  0x0000000000201370       0x10 obj_cc2538dk/leds.o
                0x0000000000201370                leds_on
 .text.leds_off
                0x0000000000201380       0x14 obj_cc2538dk/leds.o
                0x0000000000201380                leds_off
 .text.leds_arch_init
                0x0000000000201394       0x10 obj_cc2538dk/leds-arch.o
                0x0000000000201394                leds_arch_init
 .text.leds_arch_set
                0x00000000002013a4        0xc obj_cc2538dk/leds-arch.o
                0x00000000002013a4                leds_arch_set
 .text.startup.main
                0x00000000002013b0      0x1a8 obj_cc2538dk/contiki-main.o
                0x00000000002013b0                main
 .text.process_thread_sensors_process
                0x0000000000201558       0xd4 obj_cc2538dk/sensors.o
 .text.sensors_changed
                0x000000000020162c       0x3c obj_cc2538dk/sensors.o
                0x000000000020162c                sensors_changed
 .text.config_select
                0x0000000000201668       0x34 obj_cc2538dk/button-sensor.o
 .text.config_left
                0x000000000020169c       0x34 obj_cc2538dk/button-sensor.o
 .text.config_right
                0x00000000002016d0       0x34 obj_cc2538dk/button-sensor.o
 .text.config_up
                0x0000000000201704       0x34 obj_cc2538dk/button-sensor.o
 .text.config_down
                0x0000000000201738       0x34 obj_cc2538dk/button-sensor.o
 .text.btn_callback
                0x000000000020176c       0x64 obj_cc2538dk/button-sensor.o
 .text.button_sensor_init
                0x00000000002017d0        0xc obj_cc2538dk/button-sensor.o
                0x00000000002017d0                button_sensor_init
 .text.value    0x00000000002017dc       0x24 obj_cc2538dk/als-sensor.o
 .text.configure
                0x0000000000201800       0x54 obj_cc2538dk/als-sensor.o
 .text.soc_get_rev
                0x0000000000201854       0x18 obj_cc2538dk/soc.o
                0x0000000000201854                soc_get_rev
 .text.soc_get_sram_size
                0x000000000020186c       0x1c obj_cc2538dk/soc.o
                0x000000000020186c                soc_get_sram_size
 .text.soc_print_info
                0x0000000000201888       0x70 obj_cc2538dk/soc.o
                0x0000000000201888                soc_print_info
 .text.update_ticks
                0x00000000002018f8       0x58 obj_cc2538dk/clock.o
 .text.clock_init
                0x0000000000201950       0x4c obj_cc2538dk/clock.o
                0x0000000000201950                clock_init
 .text.clock_time
                0x000000000020199c       0x14 obj_cc2538dk/clock.o
                0x000000000020199c                clock_time
 .text.clock_seconds
                0x00000000002019b0       0x14 obj_cc2538dk/clock.o
                0x00000000002019b0                clock_seconds
 .text.clock_delay_usec
                0x00000000002019c4       0x1c obj_cc2538dk/clock.o
                0x00000000002019c4                clock_delay_usec
 .text.clock_adjust
                0x00000000002019e0       0x20 obj_cc2538dk/clock.o
                0x00000000002019e0                clock_adjust
 .text.rtimer_arch_next_trigger
                0x0000000000201a00        0xc obj_cc2538dk/rtimer-arch.o
                0x0000000000201a00                rtimer_arch_next_trigger
 .text.rtimer_arch_now
                0x0000000000201a0c       0x24 obj_cc2538dk/rtimer-arch.o
                0x0000000000201a0c                rtimer_arch_now
 .text.rtimer_arch_schedule
                0x0000000000201a30       0x58 obj_cc2538dk/rtimer-arch.o
                0x0000000000201a30                rtimer_arch_schedule
 .text.rtimer_isr
                0x0000000000201a88       0x2c obj_cc2538dk/rtimer-arch.o
                0x0000000000201a88                rtimer_isr
 .text.permit_pm1
                0x0000000000201ab4       0x24 obj_cc2538dk/uart.o
 .text.uart_isr
                0x0000000000201ad8       0x60 obj_cc2538dk/uart.o
 .text.uart_init
                0x0000000000201b38      0x198 obj_cc2538dk/uart.o
                0x0000000000201b38                uart_init
 .text.uart_set_input
                0x0000000000201cd0       0x10 obj_cc2538dk/uart.o
                0x0000000000201cd0                uart_set_input
 .text.uart_write_byte
                0x0000000000201ce0       0x1c obj_cc2538dk/uart.o
                0x0000000000201ce0                uart_write_byte
 .text.watchdog_init
                0x0000000000201cfc        0xc obj_cc2538dk/watchdog.o
                0x0000000000201cfc                watchdog_init
 .text.watchdog_start
                0x0000000000201d08        0xc obj_cc2538dk/watchdog.o
                0x0000000000201d08                watchdog_start
 .text.watchdog_periodic
                0x0000000000201d14       0x10 obj_cc2538dk/watchdog.o
                0x0000000000201d14                watchdog_periodic
 .text.nvic_init
                0x0000000000201d24       0x10 obj_cc2538dk/nvic.o
                0x0000000000201d24                nvic_init
 .text.sys_ctrl_get_reset_cause
                0x0000000000201d34       0x10 obj_cc2538dk/sys-ctrl.o
                0x0000000000201d34                sys_ctrl_get_reset_cause
 .text.sys_ctrl_get_reset_cause_str
                0x0000000000201d44       0x14 obj_cc2538dk/sys-ctrl.o
                0x0000000000201d44                sys_ctrl_get_reset_cause_str
 .text.sys_ctrl_init
                0x0000000000201d58       0x74 obj_cc2538dk/sys-ctrl.o
                0x0000000000201d58                sys_ctrl_init
 .text.sys_ctrl_get_sys_clock
                0x0000000000201dcc       0x18 obj_cc2538dk/sys-ctrl.o
                0x0000000000201dcc                sys_ctrl_get_sys_clock
 .text.sys_ctrl_get_io_clock
                0x0000000000201de4       0x18 obj_cc2538dk/sys-ctrl.o
                0x0000000000201de4                sys_ctrl_get_io_clock
 .text.gpio_register_callback
                0x0000000000201dfc       0x10 obj_cc2538dk/gpio.o
                0x0000000000201dfc                gpio_register_callback
 .text.notify   0x0000000000201e0c       0x30 obj_cc2538dk/gpio.o
                0x0000000000201e0c                notify
 .text.gpio_port_isr
                0x0000000000201e3c       0x50 obj_cc2538dk/gpio.o
 .text.gpio_init
                0x0000000000201e8c       0x10 obj_cc2538dk/gpio.o
                0x0000000000201e8c                gpio_init
 .text.ioc_init
                0x0000000000201e9c       0x1c obj_cc2538dk/ioc.o
                0x0000000000201e9c                ioc_init
 .text.ioc_set_over
                0x0000000000201eb8       0x14 obj_cc2538dk/ioc.o
                0x0000000000201eb8                ioc_set_over
 .text.ioc_set_sel
                0x0000000000201ecc       0x14 obj_cc2538dk/ioc.o
                0x0000000000201ecc                ioc_set_sel
 .text.adc_init
                0x0000000000201ee0       0x10 obj_cc2538dk/adc.o
                0x0000000000201ee0                adc_init
 .text.adc_get  0x0000000000201ef0       0x74 obj_cc2538dk/adc.o
                0x0000000000201ef0                adc_get
 .text.permit_pm1
                0x0000000000201f64       0x10 obj_cc2538dk/crypto.o
 .text.crypto_isr
                0x0000000000201f74       0x28 obj_cc2538dk/crypto.o
                0x0000000000201f74                crypto_isr
 .text.crypto_enable
                0x0000000000201f9c       0x20 obj_cc2538dk/crypto.o
                0x0000000000201f9c                crypto_enable
 .text.crypto_init
                0x0000000000201fbc       0x3c obj_cc2538dk/crypto.o
                0x0000000000201fbc                crypto_init
 .text.crypto_disable
                0x0000000000201ff8       0x20 obj_cc2538dk/crypto.o
                0x0000000000201ff8                crypto_disable
 .text.off      0x0000000000202018       0x40 obj_cc2538dk/cc2538-rf.o
 .text.receiving_packet
                0x0000000000202058       0x18 obj_cc2538dk/cc2538-rf.o
 .text.pending_packet
                0x0000000000202070       0x10 obj_cc2538dk/cc2538-rf.o
 .text.set_poll_mode
                0x0000000000202080       0x98 obj_cc2538dk/cc2538-rf.o
 .text.on       0x0000000000202118       0x2c obj_cc2538dk/cc2538-rf.o
 .text.set_channel
                0x0000000000202144       0x48 obj_cc2538dk/cc2538-rf.o
 .text.get_value
                0x000000000020218c      0x160 obj_cc2538dk/cc2538-rf.o
 .text.channel_clear
                0x00000000002022ec       0x3c obj_cc2538dk/cc2538-rf.o
 .text.set_value
                0x0000000000202328       0xf4 obj_cc2538dk/cc2538-rf.o
 .text.prepare  0x000000000020241c       0x64 obj_cc2538dk/cc2538-rf.o
 .text.transmit
                0x0000000000202480       0x9c obj_cc2538dk/cc2538-rf.o
 .text.set_object
                0x000000000020251c       0x30 obj_cc2538dk/cc2538-rf.o
 .text.read     0x000000000020254c       0xe4 obj_cc2538dk/cc2538-rf.o
 .text.init     0x0000000000202630       0xc8 obj_cc2538dk/cc2538-rf.o
 .text.process_thread_cc2538_rf_process
                0x00000000002026f8       0x90 obj_cc2538dk/cc2538-rf.o
 .text.get_object
                0x0000000000202788      0x148 obj_cc2538dk/cc2538-rf.o
 .text.cc2538_rf_rx_tx_isr
                0x00000000002028d0       0x24 obj_cc2538dk/cc2538-rf.o
                0x00000000002028d0                cc2538_rf_rx_tx_isr
 .text.cc2538_rf_err_isr
                0x00000000002028f4       0x28 obj_cc2538dk/cc2538-rf.o
                0x00000000002028f4                cc2538_rf_err_isr
 .text.udma_init
                0x000000000020291c       0x34 obj_cc2538dk/udma.o
                0x000000000020291c                udma_init
 .text.udma_set_channel_src
                0x0000000000202950       0x10 obj_cc2538dk/udma.o
                0x0000000000202950                udma_set_channel_src
 .text.udma_set_channel_dst
                0x0000000000202960       0x14 obj_cc2538dk/udma.o
                0x0000000000202960                udma_set_channel_dst
 .text.udma_set_channel_control_word
                0x0000000000202974       0x14 obj_cc2538dk/udma.o
                0x0000000000202974                udma_set_channel_control_word
 .text.udma_channel_enable
                0x0000000000202988       0x18 obj_cc2538dk/udma.o
                0x0000000000202988                udma_channel_enable
 .text.udma_channel_mask_set
                0x00000000002029a0       0x18 obj_cc2538dk/udma.o
                0x00000000002029a0                udma_channel_mask_set
 .text.udma_channel_sw_request
                0x00000000002029b8       0x18 obj_cc2538dk/udma.o
                0x00000000002029b8                udma_channel_sw_request
 .text.udma_channel_get_mode
                0x00000000002029d0       0x1c obj_cc2538dk/udma.o
                0x00000000002029d0                udma_channel_get_mode
 .text.udma_isr
                0x00000000002029ec       0x10 obj_cc2538dk/udma.o
                0x00000000002029ec                udma_isr
 .text.udma_err_isr
                0x00000000002029fc        0xc obj_cc2538dk/udma.o
                0x00000000002029fc                udma_err_isr
 .text.select_32_mhz_xosc
                0x0000000000202a08       0x2c obj_cc2538dk/lpm.o
 .text.lpm_exit
                0x0000000000202a34       0x30 obj_cc2538dk/lpm.o
                0x0000000000202a34                lpm_exit
 .text.lpm_enter
                0x0000000000202a64       0xb4 obj_cc2538dk/lpm.o
                0x0000000000202a64                lpm_enter
 .text.lpm_set_max_pm
                0x0000000000202b18       0x10 obj_cc2538dk/lpm.o
                0x0000000000202b18                lpm_set_max_pm
 .text.lpm_register_peripheral
                0x0000000000202b28       0x20 obj_cc2538dk/lpm.o
                0x0000000000202b28                lpm_register_peripheral
 .text.lpm_init
                0x0000000000202b48       0x24 obj_cc2538dk/lpm.o
                0x0000000000202b48                lpm_init
 .text.pka_isr  0x0000000000202b6c       0x28 obj_cc2538dk/pka.o
                0x0000000000202b6c                pka_isr
 .text.ieee_addr_cpy_to
                0x0000000000202b94       0x74 obj_cc2538dk/ieee-addr.o
                0x0000000000202b94                ieee_addr_cpy_to
 .text.printf   0x0000000000202c08       0x20 obj_cc2538dk/dbg-printf.o
                0x0000000000202c08                printf
 .text.sprintf  0x0000000000202c28       0x30 obj_cc2538dk/dbg-sprintf.o
                0x0000000000202c28                sprintf
 .text.fill_space
                0x0000000000202c58       0x34 obj_cc2538dk/strformat.o
 .text.format_str_v
                0x0000000000202c8c      0x6dc obj_cc2538dk/strformat.o
                0x0000000000202c8c                format_str_v
 .text.stimer_expired
                0x0000000000203368       0x20 obj_cc2538dk/stimer.o
                0x0000000000203368                stimer_expired
 .text.update_time
                0x0000000000203388       0x44 obj_cc2538dk/etimer.o
 .text.etimer_request_poll
                0x00000000002033cc        0xc obj_cc2538dk/etimer.o
                0x00000000002033cc                etimer_request_poll
 .text.process_thread_etimer_process
                0x00000000002033d8       0xac obj_cc2538dk/etimer.o
 .text.add_timer
                0x0000000000203484       0x40 obj_cc2538dk/etimer.o
 .text.etimer_pending
                0x00000000002034c4       0x10 obj_cc2538dk/etimer.o
                0x00000000002034c4                etimer_pending
 .text.etimer_stop
                0x00000000002034d4       0x34 obj_cc2538dk/etimer.o
                0x00000000002034d4                etimer_stop
 .text.process_thread_ctimer_process
                0x0000000000203508       0x7c obj_cc2538dk/ctimer.o
 .text.ctimer_init
                0x0000000000203584       0x28 obj_cc2538dk/ctimer.o
                0x0000000000203584                ctimer_init
 .text.ctimer_set_with_process
                0x00000000002035ac       0x44 obj_cc2538dk/ctimer.o
                0x00000000002035ac                ctimer_set_with_process
 .text.ctimer_set
                0x00000000002035f0       0x14 obj_cc2538dk/ctimer.o
                0x00000000002035f0                ctimer_set
 .text.ctimer_reset
                0x0000000000203604       0x38 obj_cc2538dk/ctimer.o
                0x0000000000203604                ctimer_reset
 .text.ctimer_restart
                0x000000000020363c       0x38 obj_cc2538dk/ctimer.o
                0x000000000020363c                ctimer_restart
 .text.ctimer_stop
                0x0000000000203674       0x2c obj_cc2538dk/ctimer.o
                0x0000000000203674                ctimer_stop
 .text.call_process.part.0
                0x00000000002036a0       0x38 obj_cc2538dk/process.o
 .text.exit_process
                0x00000000002036d8       0x80 obj_cc2538dk/process.o
 .text.do_poll  0x0000000000203758       0x30 obj_cc2538dk/process.o
 .text.process_alloc_event
                0x0000000000203788       0x10 obj_cc2538dk/process.o
                0x0000000000203788                process_alloc_event
 .text.process_init
                0x0000000000203798       0x30 obj_cc2538dk/process.o
                0x0000000000203798                process_init
 .text.process_run
                0x00000000002037c8       0x88 obj_cc2538dk/process.o
                0x00000000002037c8                process_run
 .text.process_nevents
                0x0000000000203850       0x14 obj_cc2538dk/process.o
                0x0000000000203850                process_nevents
 .text.process_post
                0x0000000000203864       0x3c obj_cc2538dk/process.o
                0x0000000000203864                process_post
 .text.process_post_synch
                0x00000000002038a0       0x14 obj_cc2538dk/process.o
                0x00000000002038a0                process_post_synch
 .text.process_start
                0x00000000002038b4       0x30 obj_cc2538dk/process.o
                0x00000000002038b4                process_start
 .text.process_poll
                0x00000000002038e4       0x18 obj_cc2538dk/process.o
                0x00000000002038e4                process_poll
 .text.rtimer_set
                0x00000000002038fc       0x24 obj_cc2538dk/rtimer.o
                0x00000000002038fc                rtimer_set
 .text.rtimer_run_next
                0x0000000000203920       0x28 obj_cc2538dk/rtimer.o
                0x0000000000203920                rtimer_run_next
 .text.process_thread_serial_line_process
                0x0000000000203948       0x98 obj_cc2538dk/serial-line.o
 .text.serial_line_input_byte
                0x00000000002039e0       0x48 obj_cc2538dk/serial-line.o
                0x00000000002039e0                serial_line_input_byte
 .text.serial_line_init
                0x0000000000203a28       0x24 obj_cc2538dk/serial-line.o
                0x0000000000203a28                serial_line_init
 .text.random_rand
                0x0000000000203a4c       0x24 obj_cc2538dk/random.o
                0x0000000000203a4c                random_rand
 .text.random_init
                0x0000000000203a70       0x78 obj_cc2538dk/random.o
                0x0000000000203a70                random_init
 .text.echo_reply_input
                0x0000000000203ae8       0xa0 obj_cc2538dk/uip-icmp6.o
 .text.echo_request_input
                0x0000000000203b88       0xd0 obj_cc2538dk/uip-icmp6.o
 .text.uip_icmp6_input
                0x0000000000203c58       0x38 obj_cc2538dk/uip-icmp6.o
                0x0000000000203c58                uip_icmp6_input
 .text.uip_icmp6_register_input_handler
                0x0000000000203c90        0xc obj_cc2538dk/uip-icmp6.o
                0x0000000000203c90                uip_icmp6_register_input_handler
 .text.uip_icmp6_error_output
                0x0000000000203c9c      0x148 obj_cc2538dk/uip-icmp6.o
                0x0000000000203c9c                uip_icmp6_error_output
 .text.uip_icmp6_send
                0x0000000000203de4       0x8c obj_cc2538dk/uip-icmp6.o
                0x0000000000203de4                uip_icmp6_send
 .text.uip_icmp6_init
                0x0000000000203e70       0x1c obj_cc2538dk/uip-icmp6.o
                0x0000000000203e70                uip_icmp6_init
 .text.uip_ds6_prefix_add
                0x0000000000203e8c       0x64 obj_cc2538dk/uip-ds6.o
                0x0000000000203e8c                uip_ds6_prefix_add
 .text.uip_ds6_is_addr_onlink
                0x0000000000203ef0       0x3c obj_cc2538dk/uip-ds6.o
                0x0000000000203ef0                uip_ds6_is_addr_onlink
 .text.uip_ds6_addr_lookup
                0x0000000000203f2c       0x2c obj_cc2538dk/uip-ds6.o
                0x0000000000203f2c                uip_ds6_addr_lookup
 .text.uip_ds6_get_link_local
                0x0000000000203f58       0x3c obj_cc2538dk/uip-ds6.o
                0x0000000000203f58                uip_ds6_get_link_local
 .text.uip_ds6_maddr_add
                0x0000000000203f94       0x4c obj_cc2538dk/uip-ds6.o
                0x0000000000203f94                uip_ds6_maddr_add
 .text.uip_ds6_addr_add
                0x0000000000203fe0       0x98 obj_cc2538dk/uip-ds6.o
                0x0000000000203fe0                uip_ds6_addr_add
 .text.uip_ds6_maddr_lookup
                0x0000000000204078       0x2c obj_cc2538dk/uip-ds6.o
                0x0000000000204078                uip_ds6_maddr_lookup
 .text.uip_ds6_addr_rm
                0x00000000002040a4       0x44 obj_cc2538dk/uip-ds6.o
                0x00000000002040a4                uip_ds6_addr_rm
 .text.uip_ds6_periodic
                0x00000000002040e8       0x48 obj_cc2538dk/uip-ds6.o
                0x00000000002040e8                uip_ds6_periodic
 .text.uip_ds6_select_src
                0x0000000000204130       0x94 obj_cc2538dk/uip-ds6.o
                0x0000000000204130                uip_ds6_select_src
 .text.uip_ds6_compute_reachable_time
                0x00000000002041c4       0x2c obj_cc2538dk/uip-ds6.o
                0x00000000002041c4                uip_ds6_compute_reachable_time
 .text.uip_ds6_init
                0x00000000002041f0       0xe4 obj_cc2538dk/uip-ds6.o
                0x00000000002041f0                uip_ds6_init
 .text.call_route_callback
                0x00000000002042d4       0x54 obj_cc2538dk/uip-ds6-route.o
 .text.uip_ds6_route_init
                0x0000000000204328       0x4c obj_cc2538dk/uip-ds6-route.o
                0x0000000000204328                uip_ds6_route_init
 .text.uip_ds6_route_nexthop
                0x0000000000204374       0x1c obj_cc2538dk/uip-ds6-route.o
                0x0000000000204374                uip_ds6_route_nexthop
 .text.uip_ds6_route_head
                0x0000000000204390        0xc obj_cc2538dk/uip-ds6-route.o
                0x0000000000204390                uip_ds6_route_head
 .text.uip_ds6_route_is_nexthop
                0x000000000020439c       0x20 obj_cc2538dk/uip-ds6-route.o
                0x000000000020439c                uip_ds6_route_is_nexthop
 .text.uip_ds6_route_lookup
                0x00000000002043bc       0x64 obj_cc2538dk/uip-ds6-route.o
                0x00000000002043bc                uip_ds6_route_lookup
 .text.uip_ds6_route_rm
                0x0000000000204420       0xa0 obj_cc2538dk/uip-ds6-route.o
                0x0000000000204420                uip_ds6_route_rm
 .text.rm_routelist
                0x00000000002044c0       0x30 obj_cc2538dk/uip-ds6-route.o
 .text.uip_ds6_route_add
                0x00000000002044f0       0xf8 obj_cc2538dk/uip-ds6-route.o
                0x00000000002044f0                uip_ds6_route_add
 .text.uip_ds6_defrt_rm
                0x00000000002045e8       0x44 obj_cc2538dk/uip-ds6-route.o
                0x00000000002045e8                uip_ds6_defrt_rm
 .text.uip_ds6_defrt_lookup
                0x000000000020462c       0x2c obj_cc2538dk/uip-ds6-route.o
                0x000000000020462c                uip_ds6_defrt_lookup
 .text.uip_ds6_defrt_add
                0x0000000000204658       0x64 obj_cc2538dk/uip-ds6-route.o
                0x0000000000204658                uip_ds6_defrt_add
 .text.uip_ds6_defrt_choose
                0x00000000002046bc       0x30 obj_cc2538dk/uip-ds6-route.o
                0x00000000002046bc                uip_ds6_defrt_choose
 .text.uip_ds6_defrt_periodic
                0x00000000002046ec       0x3c obj_cc2538dk/uip-ds6-route.o
                0x00000000002046ec                uip_ds6_defrt_periodic
 .text.upper_layer_chksum
                0x0000000000204728       0x50 obj_cc2538dk/uip6.o
 .text.ext_hdr_options_process
                0x0000000000204778       0xb8 obj_cc2538dk/uip6.o
 .text.uip_init
                0x0000000000204830       0x34 obj_cc2538dk/uip6.o
                0x0000000000204830                uip_init
 .text.remove_ext_hdr
                0x0000000000204864       0x50 obj_cc2538dk/uip6.o
                0x0000000000204864                remove_ext_hdr
 .text.uip_udp_new
                0x00000000002048b4       0x90 obj_cc2538dk/uip6.o
                0x00000000002048b4                uip_udp_new
 .text.uip_process
                0x0000000000204944      0x404 obj_cc2538dk/uip6.o
                0x0000000000204944                uip_process
 .text.uip_htonl
                0x0000000000204d48       0x1c obj_cc2538dk/uip6.o
                0x0000000000204d48                uip_htonl
 .text.uip_ds6_nbr_rm
                0x0000000000204d64       0x20 obj_cc2538dk/uip-ds6-nbr.o
                0x0000000000204d64                uip_ds6_nbr_rm
 .text.uip_ds6_neighbors_init
                0x0000000000204d84       0x1c obj_cc2538dk/uip-ds6-nbr.o
                0x0000000000204d84                uip_ds6_neighbors_init
 .text.uip_ds6_nbr_add
                0x0000000000204da0       0x3c obj_cc2538dk/uip-ds6-nbr.o
                0x0000000000204da0                uip_ds6_nbr_add
 .text.uip_ds6_nbr_get_ll
                0x0000000000204ddc       0x10 obj_cc2538dk/uip-ds6-nbr.o
                0x0000000000204ddc                uip_ds6_nbr_get_ll
 .text.uip_ds6_nbr_lookup
                0x0000000000204dec       0x38 obj_cc2538dk/uip-ds6-nbr.o
                0x0000000000204dec                uip_ds6_nbr_lookup
 .text.uip_ds6_nbr_ll_lookup
                0x0000000000204e24       0x10 obj_cc2538dk/uip-ds6-nbr.o
                0x0000000000204e24                uip_ds6_nbr_ll_lookup
 .text.uip_ds6_link_neighbor_callback
                0x0000000000204e34       0x34 obj_cc2538dk/uip-ds6-nbr.o
                0x0000000000204e34                uip_ds6_link_neighbor_callback
 .text.ns_input
                0x0000000000204e68      0x278 obj_cc2538dk/uip-nd6.o
 .text.uip_nd6_init
                0x00000000002050e0        0xc obj_cc2538dk/uip-nd6.o
                0x00000000002050e0                uip_nd6_init
 .text.clear_fragments
                0x00000000002050ec       0x3c obj_cc2538dk/sicslowpan.o
 .text.sicslowpan_init
                0x0000000000205128       0x24 obj_cc2538dk/sicslowpan.o
                0x0000000000205128                sicslowpan_init
 .text.compress_addr_64
                0x000000000020514c       0x90 obj_cc2538dk/sicslowpan.o
 .text.set_packet_attrs
                0x00000000002051dc       0x40 obj_cc2538dk/sicslowpan.o
 .text.addr_context_lookup_by_prefix
                0x000000000020521c       0x28 obj_cc2538dk/sicslowpan.o
 .text.send_packet
                0x0000000000205244       0x24 obj_cc2538dk/sicslowpan.o
 .text.packet_sent
                0x0000000000205268       0x28 obj_cc2538dk/sicslowpan.o
 .text.store_fragment
                0x0000000000205290       0x64 obj_cc2538dk/sicslowpan.o
 .text.uncompress_addr
                0x00000000002052f4       0x90 obj_cc2538dk/sicslowpan.o
 .text.output   0x0000000000205384      0x6f8 obj_cc2538dk/sicslowpan.o
 .text.add_fragment
                0x0000000000205a7c      0x148 obj_cc2538dk/sicslowpan.o
 .text.input    0x0000000000205bc4      0x578 obj_cc2538dk/sicslowpan.o
 .text.uip_debug_ipaddr_print
                0x000000000020613c       0xac obj_cc2538dk/uip-debug.o
                0x000000000020613c                uip_debug_ipaddr_print
 .text.uip_udp_packet_send
                0x00000000002061e8       0x38 obj_cc2538dk/uip-udp-packet.o
                0x00000000002061e8                uip_udp_packet_send
 .text.tcpip_output
                0x0000000000206220       0x10 obj_cc2538dk/tcpip.o
                0x0000000000206220                tcpip_output
 .text.tcpip_set_outputfunc
                0x0000000000206230        0xc obj_cc2538dk/tcpip.o
                0x0000000000206230                tcpip_set_outputfunc
 .text.udp_new  0x000000000020623c       0x18 obj_cc2538dk/tcpip.o
                0x000000000020623c                udp_new
 .text.tcpip_icmp6_call
                0x0000000000206254       0x28 obj_cc2538dk/tcpip.o
                0x0000000000206254                tcpip_icmp6_call
 .text.tcpip_input
                0x000000000020627c       0x24 obj_cc2538dk/tcpip.o
                0x000000000020627c                tcpip_input
 .text.tcpip_ipv6_output
                0x00000000002062a0       0xb4 obj_cc2538dk/tcpip.o
                0x00000000002062a0                tcpip_ipv6_output
 .text.process_thread_tcpip_process
                0x0000000000206354       0xdc obj_cc2538dk/tcpip.o
 .text.tcpip_uipcall
                0x0000000000206430       0x2c obj_cc2538dk/tcpip.o
                0x0000000000206430                tcpip_uipcall
 .text.process_thread_simple_udp_process
                0x000000000020645c       0xac obj_cc2538dk/simple-udp.o
 .text.simple_udp_register
                0x0000000000206508       0x80 obj_cc2538dk/simple-udp.o
                0x0000000000206508                simple_udp_register
 .text.dao_ack_input
                0x0000000000206588       0x14 obj_cc2538dk/rpl-icmp6.o
 .text.dio_input
                0x000000000020659c      0x244 obj_cc2538dk/rpl-icmp6.o
 .text.dao_input
                0x00000000002067e0      0x274 obj_cc2538dk/rpl-icmp6.o
 .text.dis_output
                0x0000000000206a54       0x3c obj_cc2538dk/rpl-icmp6.o
                0x0000000000206a54                dis_output
 .text.dio_output
                0x0000000000206a90      0x1fc obj_cc2538dk/rpl-icmp6.o
                0x0000000000206a90                dio_output
 .text.dis_input
                0x0000000000206c8c       0x50 obj_cc2538dk/rpl-icmp6.o
 .text.dao_output_target
                0x0000000000206cdc      0x100 obj_cc2538dk/rpl-icmp6.o
                0x0000000000206cdc                dao_output_target
 .text.dao_output
                0x0000000000206ddc       0x90 obj_cc2538dk/rpl-icmp6.o
                0x0000000000206ddc                dao_output
 .text.rpl_icmp6_register_handlers
                0x0000000000206e6c       0x30 obj_cc2538dk/rpl-icmp6.o
                0x0000000000206e6c                rpl_icmp6_register_handlers
 .text.rpl_set_preferred_parent
                0x0000000000206e9c       0x28 obj_cc2538dk/rpl-dag.o
 .text.set_ip_from_prefix
                0x0000000000206ec4       0x28 obj_cc2538dk/rpl-dag.o
 .text.find_parent_any_dag_any_instance
                0x0000000000206eec       0x1c obj_cc2538dk/rpl-dag.o
 .text.rpl_dag_init
                0x0000000000206f08       0x14 obj_cc2538dk/rpl-dag.o
                0x0000000000206f08                rpl_dag_init
 .text.rpl_get_parent
                0x0000000000206f1c       0x10 obj_cc2538dk/rpl-dag.o
                0x0000000000206f1c                rpl_get_parent
 .text.rpl_get_parent_lladdr
                0x0000000000206f2c       0x10 obj_cc2538dk/rpl-dag.o
                0x0000000000206f2c                rpl_get_parent_lladdr
 .text.best_parent
                0x0000000000206f3c       0x7c obj_cc2538dk/rpl-dag.o
 .text.rpl_alloc_instance
                0x0000000000206fb8       0x34 obj_cc2538dk/rpl-dag.o
                0x0000000000206fb8                rpl_alloc_instance
 .text.rpl_add_parent
                0x0000000000206fec       0x30 obj_cc2538dk/rpl-dag.o
                0x0000000000206fec                rpl_add_parent
 .text.rpl_remove_parent
                0x000000000020701c       0x1c obj_cc2538dk/rpl-dag.o
                0x000000000020701c                rpl_remove_parent
 .text.remove_parents.constprop.8
                0x0000000000207038       0x2c obj_cc2538dk/rpl-dag.o
 .text.rpl_get_dag
                0x0000000000207064       0x54 obj_cc2538dk/rpl-dag.o
                0x0000000000207064                rpl_get_dag
 .text.rpl_get_any_dag
                0x00000000002070b8       0x18 obj_cc2538dk/rpl-dag.o
                0x00000000002070b8                rpl_get_any_dag
 .text.rpl_get_instance
                0x00000000002070d0       0x20 obj_cc2538dk/rpl-dag.o
                0x00000000002070d0                rpl_get_instance
 .text.rpl_find_of
                0x00000000002070f0       0x14 obj_cc2538dk/rpl-dag.o
                0x00000000002070f0                rpl_find_of
 .text.rpl_join_instance
                0x0000000000207104      0x130 obj_cc2538dk/rpl-dag.o
                0x0000000000207104                rpl_join_instance
 .text.rpl_local_repair
                0x0000000000207234       0x78 obj_cc2538dk/rpl-dag.o
                0x0000000000207234                rpl_local_repair
 .text.rpl_recalculate_ranks
                0x00000000002072ac       0x3c obj_cc2538dk/rpl-dag.o
                0x00000000002072ac                rpl_recalculate_ranks
 .text.new_dio_interval
                0x00000000002072e8       0x5c obj_cc2538dk/rpl-timers.o
 .text.handle_periodic_timer
                0x0000000000207344       0x4c obj_cc2538dk/rpl-timers.o
 .text.handle_dio_timer
                0x0000000000207390       0x80 obj_cc2538dk/rpl-timers.o
 .text.set_dao_lifetime_timer.part.1
                0x0000000000207410       0x3c obj_cc2538dk/rpl-timers.o
 .text.handle_dao_timer
                0x000000000020744c       0x60 obj_cc2538dk/rpl-timers.o
 .text.schedule_dao
                0x00000000002074ac       0x58 obj_cc2538dk/rpl-timers.o
 .text.rpl_reset_periodic_timer
                0x0000000000207504       0x34 obj_cc2538dk/rpl-timers.o
                0x0000000000207504                rpl_reset_periodic_timer
 .text.rpl_schedule_unicast_dio_immediately
                0x0000000000207538       0x14 obj_cc2538dk/rpl-timers.o
                0x0000000000207538                rpl_schedule_unicast_dio_immediately
 .text.get_probing_target
                0x000000000020754c       0xc4 obj_cc2538dk/rpl-timers.o
                0x000000000020754c                get_probing_target
 .text.rpl_schedule_probing
                0x0000000000207610       0x20 obj_cc2538dk/rpl-timers.o
                0x0000000000207610                rpl_schedule_probing
 .text.update_hbh_header
                0x0000000000207630       0xc8 obj_cc2538dk/rpl-ext-header.o
 .text.insert_hbh_header
                0x00000000002076f8       0xa8 obj_cc2538dk/rpl-ext-header.o
 .text.rpl_verify_hbh_header
                0x00000000002077a0       0xfc obj_cc2538dk/rpl-ext-header.o
                0x00000000002077a0                rpl_verify_hbh_header
 .text.rpl_remove_header
                0x000000000020789c       0x74 obj_cc2538dk/rpl-ext-header.o
                0x000000000020789c                rpl_remove_header
 .text.rpl_update_header
                0x0000000000207910       0x6c obj_cc2538dk/rpl-ext-header.o
                0x0000000000207910                rpl_update_header
 .text.rpl_get_mode
                0x000000000020797c        0xc obj_cc2538dk/rpl.o
                0x000000000020797c                rpl_get_mode
 .text.rpl_purge_routes
                0x0000000000207988       0x6c obj_cc2538dk/rpl.o
                0x0000000000207988                rpl_purge_routes
 .text.rpl_link_neighbor_callback
                0x00000000002079f4       0x3c obj_cc2538dk/rpl.o
                0x00000000002079f4                rpl_link_neighbor_callback
 .text.rpl_ipv6_neighbor_callback
                0x0000000000207a30       0x28 obj_cc2538dk/rpl.o
                0x0000000000207a30                rpl_ipv6_neighbor_callback
 .text.rpl_purge_dags
                0x0000000000207a58       0x58 obj_cc2538dk/rpl.o
                0x0000000000207a58                rpl_purge_dags
 .text.rpl_init
                0x0000000000207ab0       0x34 obj_cc2538dk/rpl.o
                0x0000000000207ab0                rpl_init
 .text.update_nbr
                0x0000000000207ae4       0xe8 obj_cc2538dk/rpl-nbr-policy.o
 .text.handle_periodic_timer
                0x0000000000207bcc       0x14 obj_cc2538dk/rpl-nbr-policy.o
 .text.find_removable_dis
                0x0000000000207be0       0x20 obj_cc2538dk/rpl-nbr-policy.o
                0x0000000000207be0                find_removable_dis
 .text.find_removable_dio
                0x0000000000207c00       0x3c obj_cc2538dk/rpl-nbr-policy.o
                0x0000000000207c00                find_removable_dio
 .text.find_removable_dao
                0x0000000000207c3c       0x38 obj_cc2538dk/rpl-nbr-policy.o
                0x0000000000207c3c                find_removable_dao
 .text.rpl_nbr_policy_find_removable
                0x0000000000207c74       0x28 obj_cc2538dk/rpl-nbr-policy.o
                0x0000000000207c74                rpl_nbr_policy_find_removable
 .text._sbrk    0x0000000000207c9c       0x2c obj_cc2538dk/syscalls.o
                0x0000000000207c9c                _sbrk
 .text.queuebuf_init
                0x0000000000207cc8       0x1c obj_cc2538dk/queuebuf.o
                0x0000000000207cc8                queuebuf_init
 .text.queuebuf_numfree
                0x0000000000207ce4        0xc obj_cc2538dk/queuebuf.o
                0x0000000000207ce4                queuebuf_numfree
 .text.queuebuf_new_from_packetbuf
                0x0000000000207cf0       0x44 obj_cc2538dk/queuebuf.o
                0x0000000000207cf0                queuebuf_new_from_packetbuf
 .text.queuebuf_free
                0x0000000000207d34       0x2c obj_cc2538dk/queuebuf.o
                0x0000000000207d34                queuebuf_free
 .text.queuebuf_to_packetbuf
                0x0000000000207d60       0x30 obj_cc2538dk/queuebuf.o
                0x0000000000207d60                queuebuf_to_packetbuf
 .text.key_from_index
                0x0000000000207d90       0x18 obj_cc2538dk/nbr-table.o
 .text.index_from_key
                0x0000000000207da8       0x20 obj_cc2538dk/nbr-table.o
 .text.index_from_lladdr
                0x0000000000207dc8       0x40 obj_cc2538dk/nbr-table.o
 .text.nbr_get_bit.constprop.0
                0x0000000000207e08       0x24 obj_cc2538dk/nbr-table.o
 .text.remove_key
                0x0000000000207e2c       0x60 obj_cc2538dk/nbr-table.o
 .text.nbr_table_register
                0x0000000000207e8c       0x28 obj_cc2538dk/nbr-table.o
                0x0000000000207e8c                nbr_table_register
 .text.nbr_table_head
                0x0000000000207eb4       0x38 obj_cc2538dk/nbr-table.o
                0x0000000000207eb4                nbr_table_head
 .text.nbr_table_add_lladdr
                0x0000000000207eec       0xf8 obj_cc2538dk/nbr-table.o
                0x0000000000207eec                nbr_table_add_lladdr
 .text.nbr_table_remove
                0x0000000000207fe4       0x2c obj_cc2538dk/nbr-table.o
                0x0000000000207fe4                nbr_table_remove
 .text.nbr_table_lock
                0x0000000000208010       0x10 obj_cc2538dk/nbr-table.o
                0x0000000000208010                nbr_table_lock
 .text.nbr_table_unlock
                0x0000000000208020       0x10 obj_cc2538dk/nbr-table.o
                0x0000000000208020                nbr_table_unlock
 .text.packetbuf_hdrreduce
                0x0000000000208030       0x28 obj_cc2538dk/packetbuf.o
                0x0000000000208030                packetbuf_hdrreduce
 .text.packetbuf_set_datalen
                0x0000000000208058        0xc obj_cc2538dk/packetbuf.o
                0x0000000000208058                packetbuf_set_datalen
 .text.packetbuf_hdrptr
                0x0000000000208064        0x8 obj_cc2538dk/packetbuf.o
                0x0000000000208064                packetbuf_hdrptr
 .text.packetbuf_datalen
                0x000000000020806c        0xc obj_cc2538dk/packetbuf.o
                0x000000000020806c                packetbuf_datalen
 .text.packetbuf_hdrlen
                0x0000000000208078       0x18 obj_cc2538dk/packetbuf.o
                0x0000000000208078                packetbuf_hdrlen
 .text.packetbuf_dataptr
                0x0000000000208090       0x10 obj_cc2538dk/packetbuf.o
                0x0000000000208090                packetbuf_dataptr
 .text.packetbuf_copyto
                0x00000000002080a0       0x40 obj_cc2538dk/packetbuf.o
                0x00000000002080a0                packetbuf_copyto
 .text.packetbuf_totlen
                0x00000000002080e0       0x14 obj_cc2538dk/packetbuf.o
                0x00000000002080e0                packetbuf_totlen
 .text.packetbuf_hdralloc
                0x00000000002080f4       0x3c obj_cc2538dk/packetbuf.o
                0x00000000002080f4                packetbuf_hdralloc
 .text.packetbuf_attr_clear
                0x0000000000208130       0x34 obj_cc2538dk/packetbuf.o
                0x0000000000208130                packetbuf_attr_clear
 .text.packetbuf_clear
                0x0000000000208164       0x20 obj_cc2538dk/packetbuf.o
                0x0000000000208164                packetbuf_clear
 .text.packetbuf_copyfrom
                0x0000000000208184       0x2c obj_cc2538dk/packetbuf.o
                0x0000000000208184                packetbuf_copyfrom
 .text.packetbuf_attr_copyto
                0x00000000002081b0       0x34 obj_cc2538dk/packetbuf.o
                0x00000000002081b0                packetbuf_attr_copyto
 .text.packetbuf_attr_copyfrom
                0x00000000002081e4       0x34 obj_cc2538dk/packetbuf.o
                0x00000000002081e4                packetbuf_attr_copyfrom
 .text.packetbuf_set_attr
                0x0000000000208218       0x10 obj_cc2538dk/packetbuf.o
                0x0000000000208218                packetbuf_set_attr
 .text.packetbuf_attr
                0x0000000000208228        0xc obj_cc2538dk/packetbuf.o
                0x0000000000208228                packetbuf_attr
 .text.packetbuf_set_addr
                0x0000000000208234       0x18 obj_cc2538dk/packetbuf.o
                0x0000000000208234                packetbuf_set_addr
 .text.packetbuf_addr
                0x000000000020824c       0x10 obj_cc2538dk/packetbuf.o
                0x000000000020824c                packetbuf_addr
 .text.packetbuf_holds_broadcast
                0x000000000020825c       0x10 obj_cc2538dk/packetbuf.o
                0x000000000020825c                packetbuf_holds_broadcast
 .text.netstack_init
                0x000000000020826c       0x38 obj_cc2538dk/netstack.o
                0x000000000020826c                netstack_init
 .text.periodic
                0x00000000002082a4       0x2c obj_cc2538dk/link-stats.o
 .text.link_stats_from_lladdr
                0x00000000002082d0        0xc obj_cc2538dk/link-stats.o
                0x00000000002082d0                link_stats_from_lladdr
 .text.link_stats_packet_sent
                0x00000000002082dc       0x78 obj_cc2538dk/link-stats.o
                0x00000000002082dc                link_stats_packet_sent
 .text.link_stats_input_callback
                0x0000000000208354       0x4c obj_cc2538dk/link-stats.o
                0x0000000000208354                link_stats_input_callback
 .text.link_stats_init
                0x00000000002083a0       0x28 obj_cc2538dk/link-stats.o
                0x00000000002083a0                link_stats_init
 .text.mac_sequence_is_duplicate
                0x00000000002083c8       0x48 obj_cc2538dk/mac-sequence.o
                0x00000000002083c8                mac_sequence_is_duplicate
 .text.mac_sequence_register_seqno
                0x0000000000208410       0x60 obj_cc2538dk/mac-sequence.o
                0x0000000000208410                mac_sequence_register_seqno
 .text.frame802154_get_pan_id
                0x0000000000208470        0xc obj_cc2538dk/frame802154.o
                0x0000000000208470                frame802154_get_pan_id
 .text.frame802154_parse
                0x000000000020847c      0x12c obj_cc2538dk/frame802154.o
                0x000000000020847c                frame802154_parse
 .text.create_frame.isra.0
                0x00000000002085a8      0x130 obj_cc2538dk/framer-802154.o
 .text.input_packet
                0x00000000002086d8        0xc obj_cc2538dk/csma.o
 .text.on       0x00000000002086e4        0xc obj_cc2538dk/csma.o
 .text.off      0x00000000002086f0        0xc obj_cc2538dk/csma.o
 .text.channel_check_interval
                0x00000000002086fc       0x10 obj_cc2538dk/csma.o
 .text.schedule_transmission
                0x000000000020870c       0x4c obj_cc2538dk/csma.o
 .text.send_packet
                0x0000000000208758      0x138 obj_cc2538dk/csma.o
 .text.init     0x0000000000208890       0x24 obj_cc2538dk/csma.o
 .text.transmit_packet_list
                0x00000000002088b4       0x30 obj_cc2538dk/csma.o
 .text.tx_done  0x00000000002088e4       0x7c obj_cc2538dk/csma.o
 .text.packet_sent
                0x0000000000208960       0xdc obj_cc2538dk/csma.o
 .text.init     0x0000000000208a3c       0x40 obj_cc2538dk/contikimac.o
 .text.on       0x0000000000208a7c       0x2c obj_cc2538dk/contikimac.o
 .text.off      0x0000000000208aa8       0x38 obj_cc2538dk/contikimac.o
 .text.recv_burst_off
                0x0000000000208ae0       0x14 obj_cc2538dk/contikimac.o
 .text.powercycle_turn_radio_off
                0x0000000000208af4       0x1c obj_cc2538dk/contikimac.o
 .text.turn_off
                0x0000000000208b10       0x38 obj_cc2538dk/contikimac.o
 .text.turn_on  0x0000000000208b48       0x40 obj_cc2538dk/contikimac.o
 .text.schedule_powercycle_fixed
                0x0000000000208b88       0x38 obj_cc2538dk/contikimac.o
 .text.input_packet
                0x0000000000208bc0       0xa4 obj_cc2538dk/contikimac.o
 .text.send_packet.isra.8
                0x0000000000208c64      0x1f8 obj_cc2538dk/contikimac.o
 .text.qsend_list
                0x0000000000208e5c       0xdc obj_cc2538dk/contikimac.o
 .text.powercycle_wrapper
                0x0000000000208f38      0x1e8 obj_cc2538dk/contikimac.o
 .text.input    0x0000000000209120        0xc obj_cc2538dk/nullsec.o
 .text.send     0x000000000020912c       0x20 obj_cc2538dk/nullsec.o
 .text.mqtt_sn_callback
                0x000000000020914c       0x24 mq2-mqtt.co
                0x000000000020914c                mqtt_sn_callback
 .text.process_thread_initMQ
                0x0000000000209170       0x3c mq2-mqtt.co
 .text.MQResistanceCalculation
                0x00000000002091ac       0x2c mq2-mqtt.co
                0x00000000002091ac                MQResistanceCalculation
 .text.MQCalibration
                0x00000000002091d8       0x98 mq2-mqtt.co
                0x00000000002091d8                MQCalibration
 .text.MQRead   0x0000000000209270       0x5c mq2-mqtt.co
                0x0000000000209270                MQRead
 .text.MQGetPercentage
                0x00000000002092cc       0x64 mq2-mqtt.co
                0x00000000002092cc                MQGetPercentage
 .text.init_broker
                0x0000000000209330       0xc0 mq2-mqtt.co
                0x0000000000209330                init_broker
 .text.process_thread_MQtest
                0x00000000002093f0      0x128 mq2-mqtt.co
 .text.unlock_tasks
                0x0000000000209518       0x10 obj_cc2538dk/mqtt_sn.o
                0x0000000000209518                unlock_tasks
 .text.parse_mqtt_type_string
                0x0000000000209528       0x80 obj_cc2538dk/mqtt_sn.o
                0x0000000000209528                parse_mqtt_type_string
 .text.mqtt_sn_get_qos_flag
                0x00000000002095a8       0x14 obj_cc2538dk/mqtt_sn.o
                0x00000000002095a8                mqtt_sn_get_qos_flag
 .text.verf_hist_sub
                0x00000000002095bc       0x34 obj_cc2538dk/mqtt_sn.o
                0x00000000002095bc                verf_hist_sub
 .text.verf_register
                0x00000000002095f0       0x28 obj_cc2538dk/mqtt_sn.o
                0x00000000002095f0                verf_register
 .text.mqtt_sn_will_topic_send
                0x0000000000209618       0x54 obj_cc2538dk/mqtt_sn.o
                0x0000000000209618                mqtt_sn_will_topic_send
 .text.mqtt_sn_will_message_send
                0x000000000020966c       0x4c obj_cc2538dk/mqtt_sn.o
                0x000000000020966c                mqtt_sn_will_message_send
 .text.mqtt_sn_ping_send
                0x00000000002096b8       0x50 obj_cc2538dk/mqtt_sn.o
                0x00000000002096b8                mqtt_sn_ping_send
 .text.timeout_ping_mqtt
                0x0000000000209708       0x68 obj_cc2538dk/mqtt_sn.o
                0x0000000000209708                timeout_ping_mqtt
 .text.mqtt_sn_con_send
                0x0000000000209770       0x78 obj_cc2538dk/mqtt_sn.o
                0x0000000000209770                mqtt_sn_con_send
 .text.mqtt_sn_reg_send
                0x00000000002097e8       0x84 obj_cc2538dk/mqtt_sn.o
                0x00000000002097e8                mqtt_sn_reg_send
 .text.mqtt_sn_regack_send
                0x000000000020986c       0x3c obj_cc2538dk/mqtt_sn.o
                0x000000000020986c                mqtt_sn_regack_send
 .text.mqtt_sn_pub_send
                0x00000000002098a8       0xb8 obj_cc2538dk/mqtt_sn.o
                0x00000000002098a8                mqtt_sn_pub_send
 .text.mqtt_sn_sub_send
                0x0000000000209960       0x6c obj_cc2538dk/mqtt_sn.o
                0x0000000000209960                mqtt_sn_sub_send
 .text.timeout_con
                0x00000000002099cc       0xb8 obj_cc2538dk/mqtt_sn.o
                0x00000000002099cc                timeout_con
 .text.mqtt_sn_sub_send_wildcard
                0x0000000000209a84       0x68 obj_cc2538dk/mqtt_sn.o
                0x0000000000209a84                mqtt_sn_sub_send_wildcard
 .text.mqtt_sn_insert_queue
                0x0000000000209aec       0x84 obj_cc2538dk/mqtt_sn.o
                0x0000000000209aec                mqtt_sn_insert_queue
 .text.mqtt_sn_sub_wildcard
                0x0000000000209b70       0x34 obj_cc2538dk/mqtt_sn.o
                0x0000000000209b70                mqtt_sn_sub_wildcard
 .text.mqtt_sn_sub
                0x0000000000209ba4       0x80 obj_cc2538dk/mqtt_sn.o
                0x0000000000209ba4                mqtt_sn_sub
 .text.mqtt_sn_delete_queue
                0x0000000000209c24       0x6c obj_cc2538dk/mqtt_sn.o
                0x0000000000209c24                mqtt_sn_delete_queue
 .text.mqtt_sn_check_empty
                0x0000000000209c90       0x10 obj_cc2538dk/mqtt_sn.o
                0x0000000000209c90                mqtt_sn_check_empty
 .text.init_vectors
                0x0000000000209ca0       0x34 obj_cc2538dk/mqtt_sn.o
                0x0000000000209ca0                init_vectors
 .text.mqtt_sn_recv_parser
                0x0000000000209cd4      0x1c0 obj_cc2538dk/mqtt_sn.o
                0x0000000000209cd4                mqtt_sn_recv_parser
 .text.mqtt_sn_create_sck
                0x0000000000209e94      0x1a4 obj_cc2538dk/mqtt_sn.o
                0x0000000000209e94                mqtt_sn_create_sck
 .text.process_thread_mqtt_sn_main
                0x000000000020a038      0x35c obj_cc2538dk/mqtt_sn.o
 .text.mqtt_sn_init
                0x000000000020a394       0xa8 obj_cc2538dk/mqtt_sn.o
                0x000000000020a394                mqtt_sn_init
 .text          0x000000000020a43c      0x100 /usr/lib/gcc/arm-none-eabi/7.3.1/../../../arm-none-eabi/lib/thumb/v7-m/libm.a(lib_a-w_log10.o)
                0x000000000020a43c                log10
 .text          0x000000000020a53c      0x334 /usr/lib/gcc/arm-none-eabi/7.3.1/../../../arm-none-eabi/lib/thumb/v7-m/libm.a(lib_a-w_pow.o)
                0x000000000020a53c                pow
 .text          0x000000000020a870      0x184 /usr/lib/gcc/arm-none-eabi/7.3.1/../../../arm-none-eabi/lib/thumb/v7-m/libm.a(lib_a-e_sqrt.o)
                0x000000000020a870                __ieee754_sqrt
 .text          0x000000000020a9f4        0x8 /usr/lib/gcc/arm-none-eabi/7.3.1/../../../arm-none-eabi/lib/thumb/v7-m/libm.a(lib_a-s_fabs.o)
                0x000000000020a9f4                fabs
 .text          0x000000000020a9fc        0xc /usr/lib/gcc/arm-none-eabi/7.3.1/../../../arm-none-eabi/lib/thumb/v7-m/libm.a(lib_a-s_finite.o)
                0x000000000020a9fc                finite
 .text          0x000000000020aa08        0x4 /usr/lib/gcc/arm-none-eabi/7.3.1/../../../arm-none-eabi/lib/thumb/v7-m/libm.a(lib_a-s_matherr.o)
                0x000000000020aa08                matherr
 .text          0x000000000020aa0c        0xc /usr/lib/gcc/arm-none-eabi/7.3.1/../../../arm-none-eabi/lib/thumb/v7-m/libm.a(lib_a-s_nan.o)
                0x000000000020aa0c                nan
 .text          0x000000000020aa18      0x118 /usr/lib/gcc/arm-none-eabi/7.3.1/../../../arm-none-eabi/lib/thumb/v7-m/libm.a(lib_a-s_rint.o)
                0x000000000020aa18                rint
 .text          0x000000000020ab30      0x378 /usr/lib/gcc/arm-none-eabi/7.3.1/thumb/v7-m/libgcc.a(_arm_addsubdf3.o)
                0x000000000020ab30                __aeabi_drsub
                0x000000000020ab38                __aeabi_dsub
                0x000000000020ab38                __subdf3
                0x000000000020ab3c                __adddf3
                0x000000000020ab3c                __aeabi_dadd
                0x000000000020adb4                __aeabi_ui2d
                0x000000000020adb4                __floatunsidf
                0x000000000020add4                __floatsidf
                0x000000000020add4                __aeabi_i2d
                0x000000000020adf8                __extendsfdf2
                0x000000000020adf8                __aeabi_f2d
                0x000000000020ae3c                __aeabi_ul2d
                0x000000000020ae3c                __floatundidf
                0x000000000020ae4c                __floatdidf
                0x000000000020ae4c                __aeabi_l2d
 .text          0x000000000020aea8      0x424 /usr/lib/gcc/arm-none-eabi/7.3.1/thumb/v7-m/libgcc.a(_arm_muldivdf3.o)
                0x000000000020aea8                __aeabi_dmul
                0x000000000020aea8                __muldf3
                0x000000000020b0fc                __aeabi_ddiv
                0x000000000020b0fc                __divdf3
 .text          0x000000000020b2cc      0x110 /usr/lib/gcc/arm-none-eabi/7.3.1/thumb/v7-m/libgcc.a(_arm_cmpdf2.o)
                0x000000000020b2cc                __gtdf2
                0x000000000020b2cc                __gedf2
                0x000000000020b2d4                __ltdf2
                0x000000000020b2d4                __ledf2
                0x000000000020b2dc                __cmpdf2
                0x000000000020b2dc                __eqdf2
                0x000000000020b2dc                __nedf2
                0x000000000020b358                __aeabi_cdrcmple
                0x000000000020b368                __aeabi_cdcmple
                0x000000000020b368                __aeabi_cdcmpeq
                0x000000000020b378                __aeabi_dcmpeq
                0x000000000020b38c                __aeabi_dcmplt
                0x000000000020b3a0                __aeabi_dcmple
                0x000000000020b3b4                __aeabi_dcmpge
                0x000000000020b3c8                __aeabi_dcmpgt
 .text          0x000000000020b3dc       0x2c /usr/lib/gcc/arm-none-eabi/7.3.1/thumb/v7-m/libgcc.a(_arm_unorddf2.o)
                0x000000000020b3dc                __aeabi_dcmpun
                0x000000000020b3dc                __unorddf2
 .text          0x000000000020b408       0xa0 /usr/lib/gcc/arm-none-eabi/7.3.1/thumb/v7-m/libgcc.a(_arm_truncdfsf2.o)
                0x000000000020b408                __aeabi_d2f
                0x000000000020b408                __truncdfsf2
 .text          0x000000000020b4a8      0x21c /usr/lib/gcc/arm-none-eabi/7.3.1/thumb/v7-m/libgcc.a(_arm_addsubsf3.o)
                0x000000000020b4a8                __aeabi_frsub
                0x000000000020b4b0                __subsf3
                0x000000000020b4b0                __aeabi_fsub
                0x000000000020b4b4                __aeabi_fadd
                0x000000000020b4b4                __addsf3
                0x000000000020b614                __aeabi_ui2f
                0x000000000020b614                __floatunsisf
                0x000000000020b61c                __aeabi_i2f
                0x000000000020b61c                __floatsisf
                0x000000000020b638                __floatundisf
                0x000000000020b638                __aeabi_ul2f
                0x000000000020b648                __floatdisf
                0x000000000020b648                __aeabi_l2f
 .text          0x000000000020b6c4      0x2a0 /usr/lib/gcc/arm-none-eabi/7.3.1/thumb/v7-m/libgcc.a(_arm_muldivsf3.o)
                0x000000000020b6c4                __mulsf3
                0x000000000020b6c4                __aeabi_fmul
                0x000000000020b82c                __divsf3
                0x000000000020b82c                __aeabi_fdiv
 .text          0x000000000020b964       0x4c /usr/lib/gcc/arm-none-eabi/7.3.1/thumb/v7-m/libgcc.a(_arm_fixsfsi.o)
                0x000000000020b964                __fixsfsi
                0x000000000020b964                __aeabi_f2iz
 .text          0x000000000020b9b0       0x30 /usr/lib/gcc/arm-none-eabi/7.3.1/thumb/v7-m/libgcc.a(_aeabi_uldivmod.o)
                0x000000000020b9b0                __aeabi_uldivmod
 .text          0x000000000020b9e0      0x2d0 /usr/lib/gcc/arm-none-eabi/7.3.1/thumb/v7-m/libgcc.a(_udivmoddi4.o)
                0x000000000020b9e0                __udivmoddi4
 .text          0x000000000020bcb0        0x4 /usr/lib/gcc/arm-none-eabi/7.3.1/thumb/v7-m/libgcc.a(_dvmd_tls.o)
                0x000000000020bcb0                __aeabi_ldiv0
                0x000000000020bcb0                __aeabi_idiv0
 .text          0x000000000020bcb4        0xc /usr/lib/gcc/arm-none-eabi/7.3.1/../../../arm-none-eabi/lib/thumb/v7-m/libc.a(lib_a-errno.o)
                0x000000000020bcb4                __errno
 .text          0x000000000020bcc0       0x20 /usr/lib/gcc/arm-none-eabi/7.3.1/../../../arm-none-eabi/lib/thumb/v7-m/libc.a(lib_a-malloc.o)
                0x000000000020bcc0                malloc
                0x000000000020bcd0                free
 .text          0x000000000020bce0      0x548 /usr/lib/gcc/arm-none-eabi/7.3.1/../../../arm-none-eabi/lib/thumb/v7-m/libc.a(lib_a-mallocr.o)
                0x000000000020bce0                _malloc_r
 .text          0x000000000020c228       0x64 /usr/lib/gcc/arm-none-eabi/7.3.1/../../../arm-none-eabi/lib/thumb/v7-m/libc.a(lib_a-memcmp.o)
                0x000000000020c228                memcmp
 .text          0x000000000020c28c       0xec /usr/lib/gcc/arm-none-eabi/7.3.1/../../../arm-none-eabi/lib/thumb/v7-m/libc.a(lib_a-memcpy.o)
                0x000000000020c28c                memcpy
 .text          0x000000000020c378       0xc4 /usr/lib/gcc/arm-none-eabi/7.3.1/../../../arm-none-eabi/lib/thumb/v7-m/libc.a(lib_a-memmove.o)
                0x000000000020c378                memmove
 .text          0x000000000020c43c       0x94 /usr/lib/gcc/arm-none-eabi/7.3.1/../../../arm-none-eabi/lib/thumb/v7-m/libc.a(lib_a-memset.o)
                0x000000000020c43c                memset
 .text          0x000000000020c4d0        0x8 /usr/lib/gcc/arm-none-eabi/7.3.1/../../../arm-none-eabi/lib/thumb/v7-m/libc.a(lib_a-mlock.o)
                0x000000000020c4d0                __malloc_lock
                0x000000000020c4d4                __malloc_unlock
 .text          0x000000000020c4d8       0x24 /usr/lib/gcc/arm-none-eabi/7.3.1/../../../arm-none-eabi/lib/thumb/v7-m/libc.a(lib_a-sbrkr.o)
                0x000000000020c4d8                _sbrk_r
 .text          0x000000000020c4fc       0xe8 /usr/lib/gcc/arm-none-eabi/7.3.1/../../../arm-none-eabi/lib/thumb/v7-m/libc.a(lib_a-strchr.o)
                0x000000000020c4fc                strchr
 .text          0x000000000020c5e4      0x1bc /usr/lib/gcc/arm-none-eabi/7.3.1/../../../arm-none-eabi/lib/thumb/v7-m/libc.a(lib_a-strcmp.o)
                0x000000000020c5e4                strcmp
 .text          0x000000000020c7a0       0xbc /usr/lib/gcc/arm-none-eabi/7.3.1/../../../arm-none-eabi/lib/thumb/v7-m/libc.a(lib_a-strcpy.o)
                0x000000000020c7a0                strcpy
 .text          0x000000000020c85c       0x5c /usr/lib/gcc/arm-none-eabi/7.3.1/../../../arm-none-eabi/lib/thumb/v7-m/libc.a(lib_a-strlen-stub.o)
                0x000000000020c85c                strlen
 .text          0x000000000020c8b8       0x64 /usr/lib/gcc/arm-none-eabi/7.3.1/../../../arm-none-eabi/lib/thumb/v7-m/libc.a(lib_a-strncpy.o)
                0x000000000020c8b8                strncpy
 .text          0x000000000020c91c      0x288 /usr/lib/gcc/arm-none-eabi/7.3.1/../../../arm-none-eabi/lib/thumb/v7-m/libc.a(lib_a-freer.o)
                0x000000000020c91c                _malloc_trim_r
                0x000000000020c9bc                _free_r
 .text.default_handler
                0x000000000020cba4        0x2 obj_cc2538dk/startup-gcc.o
                0x000000000020cba4                default_handler
 .text.nmi_handler
                0x000000000020cba6        0x6 obj_cc2538dk/startup-gcc.o
                0x000000000020cba6                nmi_handler
 .text.fade     0x000000000020cbac       0x58 obj_cc2538dk/contiki-main.o
 .text.config   0x000000000020cc04       0x40 obj_cc2538dk/button-sensor.o
 .text.status   0x000000000020cc44        0x4 obj_cc2538dk/als-sensor.o
 .text.clock_isr
                0x000000000020cc48        0x4 obj_cc2538dk/clock.o
                0x000000000020cc48                clock_isr
 .text.rtimer_arch_init
                0x000000000020cc4c        0x2 obj_cc2538dk/rtimer-arch.o
                0x000000000020cc4c                rtimer_arch_init
 .text.uart0_isr
                0x000000000020cc4e        0x6 obj_cc2538dk/uart.o
                0x000000000020cc4e                uart0_isr
 .text.uart1_isr
                0x000000000020cc54        0x6 obj_cc2538dk/uart.o
                0x000000000020cc54                uart1_isr
 .text.gpio_port_a_isr
                0x000000000020cc5a        0x6 obj_cc2538dk/gpio.o
                0x000000000020cc5a                gpio_port_a_isr
 .text.gpio_port_b_isr
                0x000000000020cc60        0x6 obj_cc2538dk/gpio.o
                0x000000000020cc60                gpio_port_b_isr
 .text.gpio_port_c_isr
                0x000000000020cc66        0x6 obj_cc2538dk/gpio.o
                0x000000000020cc66                gpio_port_c_isr
 .text.gpio_port_d_isr
                0x000000000020cc6c        0x6 obj_cc2538dk/gpio.o
                0x000000000020cc6c                gpio_port_d_isr
 .text.send     0x000000000020cc72       0x12 obj_cc2538dk/cc2538-rf.o
 .text.putchar  0x000000000020cc84       0x10 obj_cc2538dk/dbg.o
                0x000000000020cc84                putchar
 .text.dbg_send_bytes
                0x000000000020cc94       0x20 obj_cc2538dk/dbg.o
                0x000000000020cc94                dbg_send_bytes
 .text.puts     0x000000000020ccb4       0x22 obj_cc2538dk/dbg.o
                0x000000000020ccb4                puts
 .text.configure
                0x000000000020ccd6        0x4 obj_cc2538dk/cc2538-temp-sensor.o
 .text.status   0x000000000020ccda        0x4 obj_cc2538dk/cc2538-temp-sensor.o
 .text.value    0x000000000020ccde       0x34 obj_cc2538dk/cc2538-temp-sensor.o
 .text.configure
                0x000000000020cd12        0x4 obj_cc2538dk/vdd3-sensor.o
 .text.status   0x000000000020cd16        0x4 obj_cc2538dk/vdd3-sensor.o
 .text.value    0x000000000020cd1a       0x2a obj_cc2538dk/vdd3-sensor.o
 .text.write_str
                0x000000000020cd44       0x10 obj_cc2538dk/dbg-printf.o
 .text.buffer_str
                0x000000000020cd54       0x16 obj_cc2538dk/dbg-sprintf.o
 .text.autostart_start
                0x000000000020cd6a       0x14 obj_cc2538dk/autostart.o
                0x000000000020cd6a                autostart_start
 .text.stimer_set
                0x000000000020cd7e        0xe obj_cc2538dk/stimer.o
                0x000000000020cd7e                stimer_set
 .text.energest_init
                0x000000000020cd8c        0x2 obj_cc2538dk/energest.o
                0x000000000020cd8c                energest_init
 .text.etimer_set
                0x000000000020cd8e       0x12 obj_cc2538dk/etimer.o
                0x000000000020cd8e                etimer_set
 .text.etimer_reset
                0x000000000020cda0       0x12 obj_cc2538dk/etimer.o
                0x000000000020cda0                etimer_reset
 .text.etimer_restart
                0x000000000020cdb2       0x12 obj_cc2538dk/etimer.o
                0x000000000020cdb2                etimer_restart
 .text.etimer_expired
                0x000000000020cdc4        0xa obj_cc2538dk/etimer.o
                0x000000000020cdc4                etimer_expired
 .text.etimer_expiration_time
                0x000000000020cdce        0x8 obj_cc2538dk/etimer.o
                0x000000000020cdce                etimer_expiration_time
 .text.call_process
                0x000000000020cdd6        0xc obj_cc2538dk/process.o
 .text.rtimer_init
                0x000000000020cde2        0x4 obj_cc2538dk/rtimer.o
                0x000000000020cde2                rtimer_init
 .text.timer_set
                0x000000000020cde6        0xe obj_cc2538dk/timer.o
                0x000000000020cde6                timer_set
 .text.timer_reset
                0x000000000020cdf4        0xa obj_cc2538dk/timer.o
                0x000000000020cdf4                timer_reset
 .text.timer_restart
                0x000000000020cdfe        0xc obj_cc2538dk/timer.o
                0x000000000020cdfe                timer_restart
 .text.timer_expired
                0x000000000020ce0a       0x1c obj_cc2538dk/timer.o
                0x000000000020ce0a                timer_expired
 .text.list_init
                0x000000000020ce26        0x6 obj_cc2538dk/list.o
                0x000000000020ce26                list_init
 .text.list_head
                0x000000000020ce2c        0x4 obj_cc2538dk/list.o
                0x000000000020ce2c                list_head
 .text.list_tail
                0x000000000020ce30       0x10 obj_cc2538dk/list.o
                0x000000000020ce30                list_tail
 .text.list_remove
                0x000000000020ce40       0x26 obj_cc2538dk/list.o
                0x000000000020ce40                list_remove
 .text.list_add
                0x000000000020ce66       0x1a obj_cc2538dk/list.o
                0x000000000020ce66                list_add
 .text.list_push
                0x000000000020ce80       0x10 obj_cc2538dk/list.o
                0x000000000020ce80                list_push
 .text.list_length
                0x000000000020ce90        0xe obj_cc2538dk/list.o
                0x000000000020ce90                list_length
 .text.list_item_next
                0x000000000020ce9e        0x6 obj_cc2538dk/list.o
                0x000000000020ce9e                list_item_next
 .text.memb_init
                0x000000000020cea4       0x20 obj_cc2538dk/memb.o
                0x000000000020cea4                memb_init
 .text.memb_alloc
                0x000000000020cec4       0x28 obj_cc2538dk/memb.o
                0x000000000020cec4                memb_alloc
 .text.memb_free
                0x000000000020ceec       0x2c obj_cc2538dk/memb.o
                0x000000000020ceec                memb_free
 .text.memb_inmemb
                0x000000000020cf18       0x1c obj_cc2538dk/memb.o
                0x000000000020cf18                memb_inmemb
 .text.memb_numfree
                0x000000000020cf34       0x1c obj_cc2538dk/memb.o
                0x000000000020cf34                memb_numfree
 .text.ringbuf_init
                0x000000000020cf50        0xe obj_cc2538dk/ringbuf.o
                0x000000000020cf50                ringbuf_init
 .text.ringbuf_put
                0x000000000020cf5e       0x26 obj_cc2538dk/ringbuf.o
                0x000000000020cf5e                ringbuf_put
 .text.ringbuf_get
                0x000000000020cf84       0x20 obj_cc2538dk/ringbuf.o
                0x000000000020cf84                ringbuf_get
 .text.uip_ds6_list_loop
                0x000000000020cfa4       0x46 obj_cc2538dk/uip-ds6.o
                0x000000000020cfa4                uip_ds6_list_loop
 .text.uip_ds6_maddr_rm
                0x000000000020cfea        0x8 obj_cc2538dk/uip-ds6.o
                0x000000000020cfea                uip_ds6_maddr_rm
 .text.uip_ds6_set_addr_iid
                0x000000000020cff2       0x12 obj_cc2538dk/uip-ds6.o
                0x000000000020cff2                uip_ds6_set_addr_iid
 .text.get_match_length
                0x000000000020d004       0x36 obj_cc2538dk/uip-ds6.o
                0x000000000020d004                get_match_length
 .text.uip_ds6_route_next
                0x000000000020d03a        0x8 obj_cc2538dk/uip-ds6-route.o
                0x000000000020d03a                uip_ds6_route_next
 .text.rm_routelist_callback
                0x000000000020d042        0x4 obj_cc2538dk/uip-ds6-route.o
 .text.chksum   0x000000000020d046       0x38 obj_cc2538dk/uip6.o
 .text.uip_icmp6chksum
                0x000000000020d07e        0x6 obj_cc2538dk/uip6.o
                0x000000000020d07e                uip_icmp6chksum
 .text.uip_udpchksum
                0x000000000020d084        0x6 obj_cc2538dk/uip6.o
                0x000000000020d084                uip_udpchksum
 .text.uip_htons
                0x000000000020d08a        0x6 obj_cc2538dk/uip6.o
                0x000000000020d08a                uip_htons
 .text.uip_ds6_nbr_ipaddr_from_lladdr
                0x000000000020d090        0x4 obj_cc2538dk/uip-ds6-nbr.o
                0x000000000020d090                uip_ds6_nbr_ipaddr_from_lladdr
 .text.uip_ds6_nbr_lladdr_from_ipaddr
                0x000000000020d094       0x12 obj_cc2538dk/uip-ds6-nbr.o
                0x000000000020d094                uip_ds6_nbr_lladdr_from_ipaddr
 .text.uip_udp_packet_sendto
                0x000000000020d0a6       0x50 obj_cc2538dk/uip-udp-packet.o
                0x000000000020d0a6                uip_udp_packet_sendto
 .text.simple_udp_send
                0x000000000020d0f6       0x20 obj_cc2538dk/simple-udp.o
                0x000000000020d0f6                simple_udp_send
 .text.get32    0x000000000020d116       0x18 obj_cc2538dk/rpl-icmp6.o
 .text.set32    0x000000000020d12e       0x12 obj_cc2538dk/rpl-icmp6.o
 .text.get16    0x000000000020d140        0xc obj_cc2538dk/rpl-icmp6.o
 .text.set16    0x000000000020d14c        0xa obj_cc2538dk/rpl-icmp6.o
 .text.rpl_icmp6_update_nbr_table
                0x000000000020d156       0x2e obj_cc2538dk/rpl-icmp6.o
                0x000000000020d156                rpl_icmp6_update_nbr_table
 .text.check_prefix
                0x000000000020d184       0x58 obj_cc2538dk/rpl-dag.o
 .text.lollipop_greater_than
                0x000000000020d1dc       0x34 obj_cc2538dk/rpl-dag.o
 .text.rpl_rank_via_parent
                0x000000000020d210       0x1a obj_cc2538dk/rpl-dag.o
                0x000000000020d210                rpl_rank_via_parent
 .text.rpl_get_parent_ipaddr
                0x000000000020d22a        0xe obj_cc2538dk/rpl-dag.o
                0x000000000020d22a                rpl_get_parent_ipaddr
 .text.rpl_get_parent_link_stats
                0x000000000020d238        0xe obj_cc2538dk/rpl-dag.o
                0x000000000020d238                rpl_get_parent_link_stats
 .text.rpl_parent_is_fresh
                0x000000000020d246        0xe obj_cc2538dk/rpl-dag.o
                0x000000000020d246                rpl_parent_is_fresh
 .text.rpl_parent_is_reachable
                0x000000000020d254       0x36 obj_cc2538dk/rpl-dag.o
                0x000000000020d254                rpl_parent_is_reachable
 .text.rpl_set_prefix
                0x000000000020d28a       0x6a obj_cc2538dk/rpl-dag.o
                0x000000000020d28a                rpl_set_prefix
 .text.rpl_set_default_route
                0x000000000020d2f4       0x30 obj_cc2538dk/rpl-dag.o
                0x000000000020d2f4                rpl_set_default_route
 .text.rpl_find_parent
                0x000000000020d324       0x16 obj_cc2538dk/rpl-dag.o
                0x000000000020d324                rpl_find_parent
 .text.rpl_find_parent_any_dag
                0x000000000020d33a       0x1e obj_cc2538dk/rpl-dag.o
                0x000000000020d33a                rpl_find_parent_any_dag
 .text.rpl_select_parent
                0x000000000020d358       0x4a obj_cc2538dk/rpl-dag.o
                0x000000000020d358                rpl_select_parent
 .text.rpl_select_dag
                0x000000000020d3a2      0x152 obj_cc2538dk/rpl-dag.o
                0x000000000020d3a2                rpl_select_dag
 .text.rpl_nullify_parent
                0x000000000020d4f4       0x54 obj_cc2538dk/rpl-dag.o
                0x000000000020d4f4                rpl_nullify_parent
 .text.nbr_callback
                0x000000000020d548        0x4 obj_cc2538dk/rpl-dag.o
 .text.rpl_free_dag
                0x000000000020d54c       0x3a obj_cc2538dk/rpl-dag.o
                0x000000000020d54c                rpl_free_dag
 .text.rpl_move_parent
                0x000000000020d586       0x58 obj_cc2538dk/rpl-dag.o
                0x000000000020d586                rpl_move_parent
 .text.rpl_repair_root
                0x000000000020d5de       0x44 obj_cc2538dk/rpl-dag.o
                0x000000000020d5de                rpl_repair_root
 .text.rpl_alloc_dag
                0x000000000020d622       0x4a obj_cc2538dk/rpl-dag.o
                0x000000000020d622                rpl_alloc_dag
 .text.rpl_process_parent_event
                0x000000000020d66c       0x90 obj_cc2538dk/rpl-dag.o
                0x000000000020d66c                rpl_process_parent_event
 .text.rpl_add_dag
                0x000000000020d6fc      0x110 obj_cc2538dk/rpl-dag.o
                0x000000000020d6fc                rpl_add_dag
 .text.rpl_process_dio
                0x000000000020d80c      0x2da obj_cc2538dk/rpl-dag.o
                0x000000000020d80c                rpl_process_dio
 .text.handle_unicast_dio_timer
                0x000000000020dae6       0x1c obj_cc2538dk/rpl-timers.o
 .text.rpl_reset_dio_timer
                0x000000000020db02       0x1c obj_cc2538dk/rpl-timers.o
                0x000000000020db02                rpl_reset_dio_timer
 .text.rpl_schedule_dao
                0x000000000020db1e        0x8 obj_cc2538dk/rpl-timers.o
                0x000000000020db1e                rpl_schedule_dao
 .text.get_probing_delay
                0x000000000020db26       0x3a obj_cc2538dk/rpl-timers.o
                0x000000000020db26                get_probing_delay
 .text.handle_probing_timer
                0x000000000020db60       0x32 obj_cc2538dk/rpl-timers.o
 .text.rpl_remove_routes
                0x000000000020db92       0x1e obj_cc2538dk/rpl.o
                0x000000000020db92                rpl_remove_routes
 .text.rpl_remove_routes_by_nexthop
                0x000000000020dbb0       0x30 obj_cc2538dk/rpl.o
                0x000000000020dbb0                rpl_remove_routes_by_nexthop
 .text.rpl_add_route
                0x000000000020dbe0       0x36 obj_cc2538dk/rpl.o
                0x000000000020dbe0                rpl_add_route
 .text.reset    0x000000000020dc16        0x2 obj_cc2538dk/rpl-mrhof.o
 .text.update_metric_container
                0x000000000020dc18        0x6 obj_cc2538dk/rpl-mrhof.o
 .text.parent_link_metric
                0x000000000020dc1e       0x12 obj_cc2538dk/rpl-mrhof.o
 .text.parent_has_usable_link
                0x000000000020dc30       0x12 obj_cc2538dk/rpl-mrhof.o
 .text.best_dag
                0x000000000020dc42       0x2c obj_cc2538dk/rpl-mrhof.o
 .text.parent_path_cost
                0x000000000020dc6e       0x34 obj_cc2538dk/rpl-mrhof.o
 .text.rank_via_parent
                0x000000000020dca2       0x34 obj_cc2538dk/rpl-mrhof.o
 .text.parent_is_acceptable
                0x000000000020dcd6       0x26 obj_cc2538dk/rpl-mrhof.o
 .text.best_parent
                0x000000000020dcfc       0x64 obj_cc2538dk/rpl-mrhof.o
 .text.svcall_handler
                0x000000000020dd60       0x1e obj_cc2538dk/mtarch.o
                0x000000000020dd60                svcall_handler
 .text.pendsv_handler
                0x000000000020dd7e       0x18 obj_cc2538dk/mtarch.o
                0x000000000020dd7e                pendsv_handler
 .text.queuebuf_update_attr_from_packetbuf
                0x000000000020dd96        0xc obj_cc2538dk/queuebuf.o
                0x000000000020dd96                queuebuf_update_attr_from_packetbuf
 .text.queuebuf_update_from_packetbuf
                0x000000000020dda2       0x1c obj_cc2538dk/queuebuf.o
                0x000000000020dda2                queuebuf_update_from_packetbuf
 .text.queuebuf_attr
                0x000000000020ddbe        0xc obj_cc2538dk/queuebuf.o
                0x000000000020ddbe                queuebuf_attr
 .text.item_from_index
                0x000000000020ddca       0x14 obj_cc2538dk/nbr-table.o
 .text.index_from_item
                0x000000000020ddde       0x16 obj_cc2538dk/nbr-table.o
 .text.nbr_set_bit
                0x000000000020ddf4       0x3a obj_cc2538dk/nbr-table.o
 .text.nbr_table_next
                0x000000000020de2e       0x36 obj_cc2538dk/nbr-table.o
                0x000000000020de2e                nbr_table_next
 .text.nbr_table_get_from_lladdr
                0x000000000020de64       0x26 obj_cc2538dk/nbr-table.o
                0x000000000020de64                nbr_table_get_from_lladdr
 .text.nbr_table_get_lladdr
                0x000000000020de8a       0x10 obj_cc2538dk/nbr-table.o
                0x000000000020de8a                nbr_table_get_lladdr
 .text.nbr_table_update_lladdr
                0x000000000020de9a       0x44 obj_cc2538dk/nbr-table.o
                0x000000000020de9a                nbr_table_update_lladdr
 .text.linkaddr_copy
                0x000000000020dede        0xa obj_cc2538dk/linkaddr.o
                0x000000000020dede                linkaddr_copy
 .text.linkaddr_cmp
                0x000000000020dee8       0x10 obj_cc2538dk/linkaddr.o
                0x000000000020dee8                linkaddr_cmp
 .text.link_stats_is_fresh
                0x000000000020def8       0x24 obj_cc2538dk/link-stats.o
                0x000000000020def8                link_stats_is_fresh
 .text.frame802154_has_panid
                0x000000000020df1c       0xbc obj_cc2538dk/frame802154.o
                0x000000000020df1c                frame802154_has_panid
 .text.field_len
                0x000000000020dfd8       0x80 obj_cc2538dk/frame802154.o
 .text.frame802154_is_broadcast_addr
                0x000000000020e058       0x1e obj_cc2538dk/frame802154.o
                0x000000000020e058                frame802154_is_broadcast_addr
 .text.frame802154_hdrlen
                0x000000000020e076       0x32 obj_cc2538dk/frame802154.o
                0x000000000020e076                frame802154_hdrlen
 .text.frame802154_create_fcf
                0x000000000020e0a8       0x5e obj_cc2538dk/frame802154.o
                0x000000000020e0a8                frame802154_create_fcf
 .text.frame802154_create
                0x000000000020e106       0x8e obj_cc2538dk/frame802154.o
                0x000000000020e106                frame802154_create
 .text.frame802154_parse_fcf
                0x000000000020e194       0x40 obj_cc2538dk/frame802154.o
                0x000000000020e194                frame802154_parse_fcf
 .text.mac_call_sent_callback
                0x000000000020e1d4       0x18 obj_cc2538dk/mac.o
                0x000000000020e1d4                mac_call_sent_callback
 .text.parse    0x000000000020e1ec       0x94 obj_cc2538dk/framer-802154.o
 .text.create   0x000000000020e280        0x6 obj_cc2538dk/framer-802154.o
 .text.hdr_length
                0x000000000020e286        0x6 obj_cc2538dk/framer-802154.o
 .text.duty_cycle
                0x000000000020e28c        0x4 obj_cc2538dk/contikimac.o
 .text.qsend_packet
                0x000000000020e290       0x22 obj_cc2538dk/contikimac.o
 .text.init     0x000000000020e2b2        0x2 obj_cc2538dk/nullsec.o
 .text.adc_raw_value
                0x000000000020e2b4       0x12 mq2-mqtt.co
                0x000000000020e2b4                adc_raw_value
 .text.mqtt_sn_pub
                0x000000000020e2c6       0x28 obj_cc2538dk/mqtt_sn.o
                0x000000000020e2c6                mqtt_sn_pub
 .text.mqtt_sn_udp_rec_cb
                0x000000000020e2ee        0x6 obj_cc2538dk/mqtt_sn.o
                0x000000000020e2ee                mqtt_sn_udp_rec_cb
 *(SORT_BY_ALIGNMENT(.rodata*))
 *fill*         0x000000000020e2f4        0x4 00000000
 .rodata        0x000000000020e2f8       0x10 /usr/lib/gcc/arm-none-eabi/7.3.1/../../../arm-none-eabi/lib/thumb/v7-m/libm.a(lib_a-s_rint.o)
 .rodata.button_down_sensor
                0x000000000020e308       0x10 obj_cc2538dk/button-sensor.o
                0x000000000020e308                button_down_sensor
 .rodata.button_left_sensor
                0x000000000020e318       0x10 obj_cc2538dk/button-sensor.o
                0x000000000020e318                button_left_sensor
 .rodata.button_right_sensor
                0x000000000020e328       0x10 obj_cc2538dk/button-sensor.o
                0x000000000020e328                button_right_sensor
 .rodata.button_select_sensor
                0x000000000020e338       0x10 obj_cc2538dk/button-sensor.o
                0x000000000020e338                button_select_sensor
 .rodata.button_up_sensor
                0x000000000020e348       0x10 obj_cc2538dk/button-sensor.o
                0x000000000020e348                button_up_sensor
 .rodata.als_sensor
                0x000000000020e358       0x10 obj_cc2538dk/als-sensor.o
                0x000000000020e358                als_sensor
 .rodata.uart_regs
                0x000000000020e368       0x58 obj_cc2538dk/uart.o
 .rodata.reset_cause.5256
                0x000000000020e3c0       0x10 obj_cc2538dk/sys-ctrl.o
 .rodata.cc2538_rf_driver
                0x000000000020e3d0       0x38 obj_cc2538dk/cc2538-rf.o
                0x000000000020e3d0                cc2538_rf_driver
 .rodata.output_power
                0x000000000020e408       0x70 obj_cc2538dk/cc2538-rf.o
 .rodata.cc2538_temp_sensor
                0x000000000020e478       0x10 obj_cc2538dk/cc2538-temp-sensor.o
                0x000000000020e478                cc2538_temp_sensor
 .rodata.vdd3_sensor
                0x000000000020e488       0x10 obj_cc2538dk/vdd3-sensor.o
                0x000000000020e488                vdd3_sensor
 .rodata.sicslowpan_driver
                0x000000000020e498        0xc obj_cc2538dk/sicslowpan.o
                0x000000000020e498                sicslowpan_driver
 .rodata.framer_802154
                0x000000000020e4a4        0xc obj_cc2538dk/framer-802154.o
                0x000000000020e4a4                framer_802154
 .rodata.csma_driver
                0x000000000020e4b0       0x1c obj_cc2538dk/csma.o
                0x000000000020e4b0                csma_driver
 .rodata.contikimac_driver
                0x000000000020e4cc       0x20 obj_cc2538dk/contikimac.o
                0x000000000020e4cc                contikimac_driver
 .rodata.nullsec_driver
                0x000000000020e4ec       0x10 obj_cc2538dk/nullsec.o
                0x000000000020e4ec                nullsec_driver
 .rodata.autostart_processes
                0x000000000020e4fc        0xc mq2-mqtt.co
                0x000000000020e4fc                autostart_processes
 .rodata.str1.4
                0x000000000020e508        0x9 /usr/lib/gcc/arm-none-eabi/7.3.1/../../../arm-none-eabi/lib/thumb/v7-m/libm.a(lib_a-w_log10.o)
 *fill*         0x000000000020e511        0x3 00000000
 .rodata.str1.4
                0x000000000020e514        0x4 /usr/lib/gcc/arm-none-eabi/7.3.1/../../../arm-none-eabi/lib/thumb/v7-m/libm.a(lib_a-w_pow.o)
 .rodata.str1.4
                0x000000000020e518        0x1 /usr/lib/gcc/arm-none-eabi/7.3.1/../../../arm-none-eabi/lib/thumb/v7-m/libm.a(lib_a-e_pow.o)
 .rodata.main.str1.1
                0x000000000020e518       0x73 obj_cc2538dk/contiki-main.o
 .rodata.str1.1
                0x000000000020e58b        0x8 obj_cc2538dk/sensors.o
 .rodata.str1.1
                0x000000000020e593        0x7 obj_cc2538dk/button-sensor.o
 .rodata.str1.1
                0x000000000020e59a        0x4 obj_cc2538dk/als-sensor.o
 .rodata.soc_print_info.str1.1
                0x000000000020e59e       0x94 obj_cc2538dk/soc.o
 .rodata.str1.1
                0x000000000020e632       0x2d obj_cc2538dk/sys-ctrl.o
 .rodata.str1.1
                0x000000000020e65f       0x11 obj_cc2538dk/cc2538-rf.o
 .rodata.str1.1
                0x000000000020e670       0x14 obj_cc2538dk/cc2538-temp-sensor.o
 .rodata.str1.1
                0x000000000020e684        0x5 obj_cc2538dk/vdd3-sensor.o
 .rodata.buffer.4173
                0x000000000020e689       0x10 obj_cc2538dk/strformat.o
 .rodata.buffer.4182
                0x000000000020e699       0x10 obj_cc2538dk/strformat.o
 .rodata.format_str_v.str1.1
                0x000000000020e6a9       0x35 obj_cc2538dk/strformat.o
                                         0x37 (size before relaxing)
 .rodata.str1.1
                0x000000000020e6de        0xc obj_cc2538dk/etimer.o
 .rodata.str1.1
                0x000000000020e6ea        0xf obj_cc2538dk/ctimer.o
 .rodata.str1.1
                0x000000000020e6f9        0xe obj_cc2538dk/serial-line.o
 .rodata        0x000000000020e707        0x2 obj_cc2538dk/sicslowpan.o
 .rodata.llprefix
                0x000000000020e709        0x2 obj_cc2538dk/sicslowpan.o
                0x000000000020e709                llprefix
 .rodata.str1.1
                0x000000000020e70b        0xb obj_cc2538dk/sicslowpan.o
 .rodata.ttl_values
                0x000000000020e716        0x4 obj_cc2538dk/sicslowpan.o
 .rodata.unc_ctxconf
                0x000000000020e71a        0x4 obj_cc2538dk/sicslowpan.o
                0x000000000020e71a                unc_ctxconf
 .rodata.unc_llconf
                0x000000000020e71e        0x4 obj_cc2538dk/sicslowpan.o
                0x000000000020e71e                unc_llconf
 .rodata.unc_mxconf
                0x000000000020e722        0x4 obj_cc2538dk/sicslowpan.o
                0x000000000020e722                unc_mxconf
 .rodata.uip_debug_ipaddr_print.str1.1
                0x000000000020e726       0x28 obj_cc2538dk/uip-debug.o
 .rodata.str1.1
                0x000000000020e74e        0xd obj_cc2538dk/tcpip.o
 .rodata.str1.1
                0x000000000020e75b       0x13 obj_cc2538dk/simple-udp.o
 .rodata.linkaddr_null
                0x000000000020e76e        0x8 obj_cc2538dk/linkaddr.o
                0x000000000020e76e                linkaddr_null
 .rodata.str1.1
                0x000000000020e776        0x5 obj_cc2538dk/csma.o
 .rodata.str1.1
                0x000000000020e77b        0xb obj_cc2538dk/contikimac.o
 .rodata.str1.1
                0x000000000020e786        0x8 obj_cc2538dk/nullsec.o
 .rodata.MQCalibration.str1.1
                0x000000000020e78e       0x43 mq2-mqtt.co
 .rodata.init_broker.str1.1
                0x000000000020e7d1       0x40 mq2-mqtt.co
 .rodata.mqtt_sn_callback.str1.1
                0x000000000020e811       0x28 mq2-mqtt.co
 .rodata.process_thread_MQtest.str1.1
                0x000000000020e839       0x3b mq2-mqtt.co
                                         0x3e (size before relaxing)
 .rodata.str1.1
                0x000000000020e874       0x13 mq2-mqtt.co
 .rodata.CSWTCH.116
                0x000000000020e887        0x4 obj_cc2538dk/mqtt_sn.o
 .rodata.CSWTCH.118
                0x000000000020e88b        0x4 obj_cc2538dk/mqtt_sn.o
 .rodata.mqtt_sn_delete_queue.str1.1
                0x000000000020e88f       0x44 obj_cc2538dk/mqtt_sn.o
 .rodata.mqtt_sn_insert_queue.str1.1
                0x000000000020e8d3       0x26 obj_cc2538dk/mqtt_sn.o
 .rodata.mqtt_sn_pub_send.str1.1
                0x000000000020e8f9       0x1e obj_cc2538dk/mqtt_sn.o
 .rodata.mqtt_sn_sub_wildcard.str1.1
                0x000000000020e917       0x24 obj_cc2538dk/mqtt_sn.o
 .rodata.parse_mqtt_type_string.str1.1
                0x000000000020e93b       0x81 obj_cc2538dk/mqtt_sn.o
                                         0x89 (size before relaxing)
 .rodata.process_thread_mqtt_sn_main.str1.1
                0x000000000020e9bc       0x48 obj_cc2538dk/mqtt_sn.o
 .rodata.str1.1
                0x000000000020ea04       0xa3 obj_cc2538dk/mqtt_sn.o
                0x000000000020eaa7                _etext = .

.glue_7         0x000000000020eaa8        0x0
 .glue_7        0x000000000020eaa8        0x0 linker stubs

.glue_7t        0x000000000020eaa8        0x0
 .glue_7t       0x000000000020eaa8        0x0 linker stubs

.vfp11_veneer   0x000000000020eaa8        0x0
 .vfp11_veneer  0x000000000020eaa8        0x0 linker stubs

.v4_bx          0x000000000020eaa8        0x0
 .v4_bx         0x000000000020eaa8        0x0 linker stubs
