Archive member included to satisfy reference by file (symbol)

/usr/lib/gcc/arm-none-eabi/7.3.1/thumb/v7-m/libgcc.a(_arm_addsubdf3.o)
                              obj_cc2538dk/si7021.o (__aeabi_dadd)
/usr/lib/gcc/arm-none-eabi/7.3.1/thumb/v7-m/libgcc.a(_aeabi_ldivmod.o)
                              obj_cc2538dk/spi.o (__aeabi_ldivmod)
/usr/lib/gcc/arm-none-eabi/7.3.1/thumb/v7-m/libgcc.a(_aeabi_uldivmod.o)
                              obj_cc2538dk/spi.o (__aeabi_uldivmod)
/usr/lib/gcc/arm-none-eabi/7.3.1/thumb/v7-m/libgcc.a(_udivmoddi4.o)
                              /usr/lib/gcc/arm-none-eabi/7.3.1/thumb/v7-m/libgcc.a(_aeabi_ldivmod.o) (__udivmoddi4)
/usr/lib/gcc/arm-none-eabi/7.3.1/thumb/v7-m/libgcc.a(_dvmd_tls.o)
                              /usr/lib/gcc/arm-none-eabi/7.3.1/thumb/v7-m/libgcc.a(_aeabi_ldivmod.o) (__aeabi_ldiv0)
/usr/lib/gcc/arm-none-eabi/7.3.1/../../../arm-none-eabi/lib/thumb/v7-m/libc.a(lib_a-ctype_.o)
                              obj_cc2538dk/resolv.o (_ctype_)
/usr/lib/gcc/arm-none-eabi/7.3.1/../../../arm-none-eabi/lib/thumb/v7-m/libc.a(lib_a-malloc.o)
                              obj_cc2538dk/mqtt_sn.o (malloc)
/usr/lib/gcc/arm-none-eabi/7.3.1/../../../arm-none-eabi/lib/thumb/v7-m/libc.a(lib_a-mallocr.o)
                              /usr/lib/gcc/arm-none-eabi/7.3.1/../../../arm-none-eabi/lib/thumb/v7-m/libc.a(lib_a-malloc.o) (_malloc_r)
/usr/lib/gcc/arm-none-eabi/7.3.1/../../../arm-none-eabi/lib/thumb/v7-m/libc.a(lib_a-memcmp.o)
                              obj_cc2538dk/uip-ds6.o (memcmp)
/usr/lib/gcc/arm-none-eabi/7.3.1/../../../arm-none-eabi/lib/thumb/v7-m/libc.a(lib_a-memcpy.o)
                              obj_cc2538dk/dbg-snprintf.o (memcpy)
/usr/lib/gcc/arm-none-eabi/7.3.1/../../../arm-none-eabi/lib/thumb/v7-m/libc.a(lib_a-memmove.o)
                              obj_cc2538dk/mmem.o (memmove)
/usr/lib/gcc/arm-none-eabi/7.3.1/../../../arm-none-eabi/lib/thumb/v7-m/libc.a(lib_a-memset.o)
                              obj_cc2538dk/powertrace.o (memset)
/usr/lib/gcc/arm-none-eabi/7.3.1/../../../arm-none-eabi/lib/thumb/v7-m/libc.a(lib_a-mlock.o)
                              /usr/lib/gcc/arm-none-eabi/7.3.1/../../../arm-none-eabi/lib/thumb/v7-m/libc.a(lib_a-mallocr.o) (__malloc_lock)
/usr/lib/gcc/arm-none-eabi/7.3.1/../../../arm-none-eabi/lib/thumb/v7-m/libc.a(lib_a-reent.o)
                              obj_cc2538dk/syscalls.o (errno)
/usr/lib/gcc/arm-none-eabi/7.3.1/../../../arm-none-eabi/lib/thumb/v7-m/libc.a(lib_a-sbrkr.o)
                              /usr/lib/gcc/arm-none-eabi/7.3.1/../../../arm-none-eabi/lib/thumb/v7-m/libc.a(lib_a-mallocr.o) (_sbrk_r)
/usr/lib/gcc/arm-none-eabi/7.3.1/../../../arm-none-eabi/lib/thumb/v7-m/libc.a(lib_a-strcasecmp.o)
                              obj_cc2538dk/resolv.o (strcasecmp)
/usr/lib/gcc/arm-none-eabi/7.3.1/../../../arm-none-eabi/lib/thumb/v7-m/libc.a(lib_a-strchr.o)
                              obj_cc2538dk/mqtt_sn.o (strchr)
/usr/lib/gcc/arm-none-eabi/7.3.1/../../../arm-none-eabi/lib/thumb/v7-m/libc.a(lib_a-strcmp.o)
                              obj_cc2538dk/cfs-coffee.o (strcmp)
/usr/lib/gcc/arm-none-eabi/7.3.1/../../../arm-none-eabi/lib/thumb/v7-m/libc.a(lib_a-strcpy.o)
                              obj_cc2538dk/mqtt_sn.o (strcpy)
/usr/lib/gcc/arm-none-eabi/7.3.1/../../../arm-none-eabi/lib/thumb/v7-m/libc.a(lib_a-strlen-stub.o)
                              obj_cc2538dk/sensors.o (strlen)
/usr/lib/gcc/arm-none-eabi/7.3.1/../../../arm-none-eabi/lib/thumb/v7-m/libc.a(lib_a-strncasecmp.o)
                              obj_cc2538dk/resolv.o (strncasecmp)
/usr/lib/gcc/arm-none-eabi/7.3.1/../../../arm-none-eabi/lib/thumb/v7-m/libc.a(lib_a-strncat.o)
                              obj_cc2538dk/resolv.o (strncat)
/usr/lib/gcc/arm-none-eabi/7.3.1/../../../arm-none-eabi/lib/thumb/v7-m/libc.a(lib_a-strncmp.o)
                              obj_cc2538dk/sensors.o (strncmp)
/usr/lib/gcc/arm-none-eabi/7.3.1/../../../arm-none-eabi/lib/thumb/v7-m/libc.a(lib_a-strncpy.o)
                              obj_cc2538dk/cfs-coffee.o (strncpy)
/usr/lib/gcc/arm-none-eabi/7.3.1/../../../arm-none-eabi/lib/thumb/v7-m/libc.a(lib_a-freer.o)
                              /usr/lib/gcc/arm-none-eabi/7.3.1/../../../arm-none-eabi/lib/thumb/v7-m/libc.a(lib_a-malloc.o) (_free_r)
/usr/lib/gcc/arm-none-eabi/7.3.1/../../../arm-none-eabi/lib/thumb/v7-m/libc.a(lib_a-impure.o)
                              /usr/lib/gcc/arm-none-eabi/7.3.1/../../../arm-none-eabi/lib/thumb/v7-m/libc.a(lib_a-malloc.o) (_impure_ptr)

Allocating common symbols
Common symbol       size              file

compower_idle_activity
                    0x8               obj_cc2538dk/compower.o
presence_int_callback
                    0x4               obj_cc2538dk/motion-sensor.o
uip_ds6_timer_ra    0x8               obj_cc2538dk/uip-ds6.o
usb_setup_buffer    0x8               obj_cc2538dk/usb-core.o
uip_ds6_if          0xf8              obj_cc2538dk/uip-ds6.o
[...]
Memory Configuration

Name             Origin             Length             Attributes
FLASH_FW         0x0000000000200000 0x000000000007ffd4 xr
FLASH_CCA        0x000000000027ffd4 0x000000000000002c xr
NRSRAM           0x0000000020000000 0x0000000000000000 xrw
FRSRAM           0x0000000020000000 0x0000000000008000 xrw
*default*        0x0000000000000000 0xffffffffffffffff

Linker script and memory map

LOAD obj_cc2538dk/startup-gcc.o
LOAD obj_cc2538dk/powertrace.o
LOAD obj_cc2538dk/leds.o
LOAD obj_cc2538dk/leds-arch.o
LOAD obj_cc2538dk/contiki-main.o
LOAD obj_cc2538dk/tsl256x.o
LOAD obj_cc2538dk/sensors.o
LOAD obj_cc2538dk/smartrf-sensors.o
LOAD obj_cc2538dk/button-sensor.o
LOAD obj_cc2538dk/als-sensor.o
LOAD obj_cc2538dk/si7021.o
LOAD obj_cc2538dk/bmpx8x.o
LOAD obj_cc2538dk/servo.o
LOAD obj_cc2538dk/motion-sensor.o
LOAD obj_cc2538dk/dht22.o
LOAD obj_cc2538dk/soc.o
LOAD obj_cc2538dk/clock.o
LOAD obj_cc2538dk/rtimer-arch.o
LOAD obj_cc2538dk/uart.o
LOAD obj_cc2538dk/watchdog.o
LOAD obj_cc2538dk/nvic.o
LOAD obj_cc2538dk/sys-ctrl.o
LOAD obj_cc2538dk/gpio.o
LOAD obj_cc2538dk/ioc.o
LOAD obj_cc2538dk/spi.o
LOAD obj_cc2538dk/adc.o
LOAD obj_cc2538dk/crypto.o
LOAD obj_cc2538dk/aes.o
LOAD obj_cc2538dk/ecb.o
LOAD obj_cc2538dk/cbc.o
LOAD obj_cc2538dk/ctr.o
LOAD obj_cc2538dk/cbc-mac.o
LOAD obj_cc2538dk/gcm.o
LOAD obj_cc2538dk/ccm.o
LOAD obj_cc2538dk/sha256.o
LOAD obj_cc2538dk/cc2538-aes-128.o
LOAD obj_cc2538dk/cc2538-ccm-star.o
LOAD obj_cc2538dk/cc2538-rf.o
LOAD obj_cc2538dk/udma.o
LOAD obj_cc2538dk/lpm.o
LOAD obj_cc2538dk/pka.o
LOAD obj_cc2538dk/bignum-driver.o
LOAD obj_cc2538dk/ecc-driver.o
LOAD obj_cc2538dk/ecc-algorithm.o
LOAD obj_cc2538dk/ecc-curve.o
LOAD obj_cc2538dk/dbg.o
LOAD obj_cc2538dk/ieee-addr.o
LOAD obj_cc2538dk/slip-arch.o
LOAD obj_cc2538dk/slip.o
LOAD obj_cc2538dk/i2c.o
LOAD obj_cc2538dk/cc2538-temp-sensor.o
LOAD obj_cc2538dk/vdd3-sensor.o
LOAD obj_cc2538dk/cfs-coffee.o
LOAD obj_cc2538dk/cfs-coffee-arch.o
LOAD obj_cc2538dk/pwm.o
LOAD obj_cc2538dk/dbg-printf.o
LOAD obj_cc2538dk/dbg-snprintf.o
LOAD obj_cc2538dk/dbg-sprintf.o
LOAD obj_cc2538dk/strformat.o
LOAD obj_cc2538dk/usb-core.o
LOAD obj_cc2538dk/cdc-acm.o
LOAD obj_cc2538dk/usb-arch.o
LOAD obj_cc2538dk/usb-serial.o
LOAD obj_cc2538dk/cdc-acm-descriptors.o
LOAD obj_cc2538dk/autostart.o
LOAD obj_cc2538dk/stimer.o
LOAD obj_cc2538dk/arg.o
LOAD obj_cc2538dk/energest.o
LOAD obj_cc2538dk/etimer.o
LOAD obj_cc2538dk/ctimer.o
LOAD obj_cc2538dk/compower.o
LOAD obj_cc2538dk/process.o
LOAD obj_cc2538dk/rtimer.o
LOAD obj_cc2538dk/mt.o
LOAD obj_cc2538dk/procinit.o
LOAD obj_cc2538dk/timer.o
LOAD obj_cc2538dk/serial-line.o
LOAD obj_cc2538dk/nullradio.o
LOAD obj_cc2538dk/settings.o
LOAD obj_cc2538dk/crc16.o
LOAD obj_cc2538dk/mmem.o
LOAD obj_cc2538dk/ccm-star.o
LOAD obj_cc2538dk/ifft.o
LOAD obj_cc2538dk/me_tabs.o
LOAD obj_cc2538dk/me.o
LOAD obj_cc2538dk/ringbufindex.o
LOAD obj_cc2538dk/list.o
LOAD obj_cc2538dk/aes-128.o
LOAD obj_cc2538dk/trickle-timer.o
LOAD obj_cc2538dk/memb.o
LOAD obj_cc2538dk/print-stats.o
LOAD obj_cc2538dk/petsciiconv.o
LOAD obj_cc2538dk/gcr.o
LOAD obj_cc2538dk/random.o
LOAD obj_cc2538dk/assert.o
LOAD obj_cc2538dk/ringbuf.o
LOAD obj_cc2538dk/websocket.o
LOAD obj_cc2538dk/uip-icmp6.o
LOAD obj_cc2538dk/uip-ds6.o
LOAD obj_cc2538dk/uip-ds6-route.o
LOAD obj_cc2538dk/uip6.o
LOAD obj_cc2538dk/uip-ds6-nbr.o
LOAD obj_cc2538dk/uip-nd6.o
LOAD obj_cc2538dk/websocket-http-client.o
LOAD obj_cc2538dk/sicslowpan.o
LOAD obj_cc2538dk/slipdev.o
LOAD obj_cc2538dk/dhcpc.o
LOAD obj_cc2538dk/uip-packetqueue.o
LOAD obj_cc2538dk/tcp-socket.o
LOAD obj_cc2538dk/uip-debug.o
LOAD obj_cc2538dk/ip64-addr.o
LOAD obj_cc2538dk/uip-udp-packet.o
LOAD obj_cc2538dk/psock.o
LOAD obj_cc2538dk/tcpip.o
LOAD obj_cc2538dk/resolv.o
LOAD obj_cc2538dk/uip-nameserver.o
LOAD obj_cc2538dk/uip-split.o
LOAD obj_cc2538dk/udp-socket.o
LOAD obj_cc2538dk/simple-udp.o
LOAD obj_cc2538dk/uiplib.o
LOAD obj_cc2538dk/rpl-icmp6.o
LOAD obj_cc2538dk/rpl-of0.o
LOAD obj_cc2538dk/rpl-dag.o
LOAD obj_cc2538dk/rpl-timers.o
LOAD obj_cc2538dk/rpl-ext-header.o
LOAD obj_cc2538dk/rpl.o
LOAD obj_cc2538dk/rpl-nbr-policy.o
LOAD obj_cc2538dk/rpl-mrhof.o
LOAD obj_cc2538dk/rpl-ns.o
LOAD obj_cc2538dk/rpl-dag-root.o
LOAD obj_cc2538dk/syscalls.o
LOAD obj_cc2538dk/mtarch.o
LOAD obj_cc2538dk/queuebuf.o
LOAD obj_cc2538dk/nbr-table.o
LOAD obj_cc2538dk/packetbuf.o
LOAD obj_cc2538dk/netstack.o
LOAD obj_cc2538dk/linkaddr.o
LOAD obj_cc2538dk/net-debug.o
LOAD obj_cc2538dk/link-stats.o
LOAD obj_cc2538dk/nullmac.o
LOAD obj_cc2538dk/nullrdc-noframer.o
LOAD obj_cc2538dk/frame802154e-ie.o
LOAD obj_cc2538dk/mac-sequence.o
LOAD obj_cc2538dk/nordc.o
LOAD obj_cc2538dk/frame802154.o
LOAD obj_cc2538dk/mac.o
LOAD obj_cc2538dk/framer-802154.o
LOAD obj_cc2538dk/csma.o
LOAD obj_cc2538dk/framer-nullmac.o
LOAD obj_cc2538dk/phase.o
LOAD obj_cc2538dk/nullrdc.o
LOAD obj_cc2538dk/contikimac.o
LOAD obj_cc2538dk/contikimac-framer.o
LOAD obj_cc2538dk/nullsec.o
LOAD obj_cc2538dk/anti-replay.o
LOAD obj_cc2538dk/ccm-star-packetbuf.o
LOAD obj_cc2538dk/noncoresec.o
LOAD mqtt-sn-sensor.co
LOAD obj_cc2538dk/mqtt_sn.o
LOAD /usr/lib/gcc/arm-none-eabi/7.3.1/../../../arm-none-eabi/lib/thumb/v7-m/libm.a
START GROUP
LOAD /usr/lib/gcc/arm-none-eabi/7.3.1/thumb/v7-m/libgcc.a
LOAD /usr/lib/gcc/arm-none-eabi/7.3.1/../../../arm-none-eabi/lib/thumb/v7-m/libc.a
END GROUP

.text           0x0000000000200000     0xc85b
                0x0000000000200000                _text = .
 *(SORT_BY_ALIGNMENT(.vectors))
 .vectors       0x0000000000200000      0x28c obj_cc2538dk/startup-gcc.o
                0x0000000000200000                vectors
 *(SORT_BY_ALIGNMENT(.text*))
 .text.reset_handler
                0x000000000020028c       0x40 obj_cc2538dk/startup-gcc.o
                0x000000000020028c                reset_handler
 .text.leds_init
                0x00000000002002cc       0x14 obj_cc2538dk/leds.o
                0x00000000002002cc                leds_init
 .text.leds_on  0x00000000002002e0       0x10 obj_cc2538dk/leds.o
                0x00000000002002e0                leds_on
 .text.leds_off
                0x00000000002002f0       0x14 obj_cc2538dk/leds.o
                0x00000000002002f0                leds_off
 .text.leds_arch_init
                0x0000000000200304       0x10 obj_cc2538dk/leds-arch.o
                0x0000000000200304                leds_arch_init
 .text.leds_arch_set
                0x0000000000200314        0xc obj_cc2538dk/leds-arch.o
                0x0000000000200314                leds_arch_set
 .text.startup.main
                0x0000000000200320      0x1a8 obj_cc2538dk/contiki-main.o
                0x0000000000200320                main
 .text.process_thread_sensors_process
                0x00000000002004c8       0xd4 obj_cc2538dk/sensors.o
 .text.sensors_changed
                0x000000000020059c       0x3c obj_cc2538dk/sensors.o
                0x000000000020059c                sensors_changed
 .text.config_select
                0x00000000002005d8       0x34 obj_cc2538dk/button-sensor.o
 .text.config_left
                0x000000000020060c       0x34 obj_cc2538dk/button-sensor.o
 .text.config_right
                0x0000000000200640       0x34 obj_cc2538dk/button-sensor.o
 .text.config_up
                0x0000000000200674       0x34 obj_cc2538dk/button-sensor.o
 .text.config_down
                0x00000000002006a8       0x34 obj_cc2538dk/button-sensor.o
 .text.btn_callback
                0x00000000002006dc       0x64 obj_cc2538dk/button-sensor.o
 .text.button_sensor_init
                0x0000000000200740        0xc obj_cc2538dk/button-sensor.o
                0x0000000000200740                button_sensor_init
 .text.value    0x000000000020074c       0x24 obj_cc2538dk/als-sensor.o
 .text.configure
                0x0000000000200770       0x54 obj_cc2538dk/als-sensor.o
 .text.status   0x00000000002007c4       0x14 obj_cc2538dk/bmpx8x.o
 .text.configure
                0x00000000002007d8       0xfc obj_cc2538dk/bmpx8x.o
 .text.value    0x00000000002008d4      0x18c obj_cc2538dk/bmpx8x.o
 .text.soc_get_rev
                0x0000000000200a60       0x18 obj_cc2538dk/soc.o
                0x0000000000200a60                soc_get_rev
 .text.soc_get_sram_size
                0x0000000000200a78       0x1c obj_cc2538dk/soc.o
                0x0000000000200a78                soc_get_sram_size
 .text.soc_print_info
                0x0000000000200a94       0x70 obj_cc2538dk/soc.o
                0x0000000000200a94                soc_print_info
 .text.update_ticks
                0x0000000000200b04       0x58 obj_cc2538dk/clock.o
 .text.clock_init
                0x0000000000200b5c       0x4c obj_cc2538dk/clock.o
                0x0000000000200b5c                clock_init
 .text.clock_time
                0x0000000000200ba8       0x14 obj_cc2538dk/clock.o
                0x0000000000200ba8                clock_time
 .text.clock_seconds
                0x0000000000200bbc       0x14 obj_cc2538dk/clock.o
                0x0000000000200bbc                clock_seconds
 .text.clock_delay_usec
                0x0000000000200bd0       0x1c obj_cc2538dk/clock.o
                0x0000000000200bd0                clock_delay_usec
 .text.clock_adjust
                0x0000000000200bec       0x20 obj_cc2538dk/clock.o
                0x0000000000200bec                clock_adjust
 .text.rtimer_arch_next_trigger
                0x0000000000200c0c        0xc obj_cc2538dk/rtimer-arch.o
                0x0000000000200c0c                rtimer_arch_next_trigger
 .text.rtimer_arch_now
                0x0000000000200c18       0x24 obj_cc2538dk/rtimer-arch.o
                0x0000000000200c18                rtimer_arch_now
 .text.rtimer_arch_schedule
                0x0000000000200c3c       0x58 obj_cc2538dk/rtimer-arch.o
                0x0000000000200c3c                rtimer_arch_schedule
 .text.rtimer_isr
                0x0000000000200c94       0x2c obj_cc2538dk/rtimer-arch.o
                0x0000000000200c94                rtimer_isr
 .text.permit_pm1
                0x0000000000200cc0       0x24 obj_cc2538dk/uart.o
 .text.uart_isr
                0x0000000000200ce4       0x60 obj_cc2538dk/uart.o
 .text.uart_init
                0x0000000000200d44      0x198 obj_cc2538dk/uart.o
                0x0000000000200d44                uart_init
 .text.uart_set_input
                0x0000000000200edc       0x10 obj_cc2538dk/uart.o
                0x0000000000200edc                uart_set_input
 .text.uart_write_byte
                0x0000000000200eec       0x1c obj_cc2538dk/uart.o
                0x0000000000200eec                uart_write_byte
 .text.watchdog_init
                0x0000000000200f08        0xc obj_cc2538dk/watchdog.o
                0x0000000000200f08                watchdog_init
 .text.watchdog_start
                0x0000000000200f14        0xc obj_cc2538dk/watchdog.o
                0x0000000000200f14                watchdog_start
 .text.watchdog_periodic
                0x0000000000200f20       0x10 obj_cc2538dk/watchdog.o
                0x0000000000200f20                watchdog_periodic
 .text.nvic_init
                0x0000000000200f30       0x10 obj_cc2538dk/nvic.o
                0x0000000000200f30                nvic_init
 .text.sys_ctrl_get_reset_cause
                0x0000000000200f40       0x10 obj_cc2538dk/sys-ctrl.o
                0x0000000000200f40                sys_ctrl_get_reset_cause
 .text.sys_ctrl_get_reset_cause_str
                0x0000000000200f50       0x14 obj_cc2538dk/sys-ctrl.o
                0x0000000000200f50                sys_ctrl_get_reset_cause_str
 .text.sys_ctrl_init
                0x0000000000200f64       0x74 obj_cc2538dk/sys-ctrl.o
                0x0000000000200f64                sys_ctrl_init
 .text.sys_ctrl_get_sys_clock
                0x0000000000200fd8       0x18 obj_cc2538dk/sys-ctrl.o
                0x0000000000200fd8                sys_ctrl_get_sys_clock
 .text.sys_ctrl_get_io_clock
                0x0000000000200ff0       0x18 obj_cc2538dk/sys-ctrl.o
                0x0000000000200ff0                sys_ctrl_get_io_clock
 .text.gpio_register_callback
                0x0000000000201008       0x10 obj_cc2538dk/gpio.o
                0x0000000000201008                gpio_register_callback
 .text.notify   0x0000000000201018       0x30 obj_cc2538dk/gpio.o
                0x0000000000201018                notify
 .text.gpio_port_isr
                0x0000000000201048       0x50 obj_cc2538dk/gpio.o
 .text.gpio_init
                0x0000000000201098       0x10 obj_cc2538dk/gpio.o
                0x0000000000201098                gpio_init
 .text.ioc_init
                0x00000000002010a8       0x1c obj_cc2538dk/ioc.o
                0x00000000002010a8                ioc_init
 .text.ioc_set_over
                0x00000000002010c4       0x14 obj_cc2538dk/ioc.o
                0x00000000002010c4                ioc_set_over
 .text.ioc_set_sel
                0x00000000002010d8       0x14 obj_cc2538dk/ioc.o
                0x00000000002010d8                ioc_set_sel
 .text.adc_init
                0x00000000002010ec       0x10 obj_cc2538dk/adc.o
                0x00000000002010ec                adc_init
 .text.adc_get  0x00000000002010fc       0x74 obj_cc2538dk/adc.o
                0x00000000002010fc                adc_get
 .text.permit_pm1
                0x0000000000201170       0x10 obj_cc2538dk/crypto.o
 .text.crypto_isr
                0x0000000000201180       0x28 obj_cc2538dk/crypto.o
                0x0000000000201180                crypto_isr
 .text.crypto_enable
                0x00000000002011a8       0x20 obj_cc2538dk/crypto.o
                0x00000000002011a8                crypto_enable
 .text.crypto_init
                0x00000000002011c8       0x3c obj_cc2538dk/crypto.o
                0x00000000002011c8                crypto_init
 .text.crypto_disable
                0x0000000000201204       0x20 obj_cc2538dk/crypto.o
                0x0000000000201204                crypto_disable
 .text.off      0x0000000000201224       0x40 obj_cc2538dk/cc2538-rf.o
 .text.receiving_packet
                0x0000000000201264       0x18 obj_cc2538dk/cc2538-rf.o
 .text.pending_packet
                0x000000000020127c       0x10 obj_cc2538dk/cc2538-rf.o
 .text.set_poll_mode
                0x000000000020128c       0x98 obj_cc2538dk/cc2538-rf.o
 .text.on       0x0000000000201324       0x2c obj_cc2538dk/cc2538-rf.o
 .text.set_channel
                0x0000000000201350       0x48 obj_cc2538dk/cc2538-rf.o
 .text.get_value
                0x0000000000201398      0x160 obj_cc2538dk/cc2538-rf.o
 .text.channel_clear
                0x00000000002014f8       0x3c obj_cc2538dk/cc2538-rf.o
 .text.set_value
                0x0000000000201534       0xf4 obj_cc2538dk/cc2538-rf.o
 .text.prepare  0x0000000000201628       0x64 obj_cc2538dk/cc2538-rf.o
 .text.transmit
                0x000000000020168c       0x9c obj_cc2538dk/cc2538-rf.o
 .text.set_object
                0x0000000000201728       0x30 obj_cc2538dk/cc2538-rf.o
 .text.read     0x0000000000201758       0xe4 obj_cc2538dk/cc2538-rf.o
 .text.init     0x000000000020183c       0xc8 obj_cc2538dk/cc2538-rf.o
 .text.process_thread_cc2538_rf_process
                0x0000000000201904       0x90 obj_cc2538dk/cc2538-rf.o
 .text.get_object
                0x0000000000201994      0x148 obj_cc2538dk/cc2538-rf.o
 .text.cc2538_rf_rx_tx_isr
                0x0000000000201adc       0x24 obj_cc2538dk/cc2538-rf.o
                0x0000000000201adc                cc2538_rf_rx_tx_isr
 .text.cc2538_rf_err_isr
                0x0000000000201b00       0x28 obj_cc2538dk/cc2538-rf.o
                0x0000000000201b00                cc2538_rf_err_isr
 .text.udma_init
                0x0000000000201b28       0x34 obj_cc2538dk/udma.o
                0x0000000000201b28                udma_init
 .text.udma_set_channel_src
                0x0000000000201b5c       0x10 obj_cc2538dk/udma.o
                0x0000000000201b5c                udma_set_channel_src
 .text.udma_set_channel_dst
                0x0000000000201b6c       0x14 obj_cc2538dk/udma.o
                0x0000000000201b6c                udma_set_channel_dst
 .text.udma_set_channel_control_word
                0x0000000000201b80       0x14 obj_cc2538dk/udma.o
                0x0000000000201b80                udma_set_channel_control_word
 .text.udma_channel_enable
                0x0000000000201b94       0x18 obj_cc2538dk/udma.o
                0x0000000000201b94                udma_channel_enable
 .text.udma_channel_mask_set
                0x0000000000201bac       0x18 obj_cc2538dk/udma.o
                0x0000000000201bac                udma_channel_mask_set
 .text.udma_channel_sw_request
                0x0000000000201bc4       0x18 obj_cc2538dk/udma.o
                0x0000000000201bc4                udma_channel_sw_request
 .text.udma_channel_get_mode
                0x0000000000201bdc       0x1c obj_cc2538dk/udma.o
                0x0000000000201bdc                udma_channel_get_mode
 .text.udma_isr
                0x0000000000201bf8       0x10 obj_cc2538dk/udma.o
                0x0000000000201bf8                udma_isr
 .text.udma_err_isr
                0x0000000000201c08        0xc obj_cc2538dk/udma.o
                0x0000000000201c08                udma_err_isr
 .text.select_32_mhz_xosc
                0x0000000000201c14       0x2c obj_cc2538dk/lpm.o
 .text.lpm_exit
                0x0000000000201c40       0x30 obj_cc2538dk/lpm.o
                0x0000000000201c40                lpm_exit
 .text.lpm_enter
                0x0000000000201c70       0xb4 obj_cc2538dk/lpm.o
                0x0000000000201c70                lpm_enter
 .text.lpm_register_peripheral
                0x0000000000201d24       0x20 obj_cc2538dk/lpm.o
                0x0000000000201d24                lpm_register_peripheral
 .text.lpm_init
                0x0000000000201d44       0x24 obj_cc2538dk/lpm.o
                0x0000000000201d44                lpm_init
 .text.pka_isr  0x0000000000201d68       0x28 obj_cc2538dk/pka.o
                0x0000000000201d68                pka_isr
 .text.ieee_addr_cpy_to
                0x0000000000201d90       0x74 obj_cc2538dk/ieee-addr.o
                0x0000000000201d90                ieee_addr_cpy_to
 .text.i2c_master_enable
                0x0000000000201e04       0x10 obj_cc2538dk/i2c.o
                0x0000000000201e04                i2c_master_enable
 .text.i2c_set_frequency
                0x0000000000201e14       0x1c obj_cc2538dk/i2c.o
                0x0000000000201e14                i2c_set_frequency
 .text.i2c_init
                0x0000000000201e30       0xc8 obj_cc2538dk/i2c.o
                0x0000000000201e30                i2c_init
 .text.i2c_master_command
                0x0000000000201ef8       0x10 obj_cc2538dk/i2c.o
                0x0000000000201ef8                i2c_master_command
 .text.i2c_master_busy
                0x0000000000201f08       0x10 obj_cc2538dk/i2c.o
                0x0000000000201f08                i2c_master_busy
 .text.i2c_master_error
                0x0000000000201f18       0x1c obj_cc2538dk/i2c.o
                0x0000000000201f18                i2c_master_error
 .text.i2c_single_send
                0x0000000000201f34       0x28 obj_cc2538dk/i2c.o
                0x0000000000201f34                i2c_single_send
 .text.i2c_single_receive
                0x0000000000201f5c       0x38 obj_cc2538dk/i2c.o
                0x0000000000201f5c                i2c_single_receive
 .text.i2c_burst_send
                0x0000000000201f94       0x94 obj_cc2538dk/i2c.o
                0x0000000000201f94                i2c_burst_send
 .text.i2c_burst_receive
                0x0000000000202028       0x94 obj_cc2538dk/i2c.o
                0x0000000000202028                i2c_burst_receive
 .text.printf   0x00000000002020bc       0x20 obj_cc2538dk/dbg-printf.o
                0x00000000002020bc                printf
 .text.sprintf  0x00000000002020dc       0x30 obj_cc2538dk/dbg-sprintf.o
                0x00000000002020dc                sprintf
 .text.fill_space
                0x000000000020210c       0x34 obj_cc2538dk/strformat.o
 .text.format_str_v
                0x0000000000202140      0x6dc obj_cc2538dk/strformat.o
                0x0000000000202140                format_str_v
 .text.stimer_expired
                0x000000000020281c       0x20 obj_cc2538dk/stimer.o
                0x000000000020281c                stimer_expired
 .text.update_time
                0x000000000020283c       0x44 obj_cc2538dk/etimer.o
 .text.etimer_request_poll
                0x0000000000202880        0xc obj_cc2538dk/etimer.o
                0x0000000000202880                etimer_request_poll
 .text.process_thread_etimer_process
                0x000000000020288c       0xac obj_cc2538dk/etimer.o
 .text.add_timer
                0x0000000000202938       0x40 obj_cc2538dk/etimer.o
 .text.etimer_pending
                0x0000000000202978       0x10 obj_cc2538dk/etimer.o
                0x0000000000202978                etimer_pending
 .text.etimer_stop
                0x0000000000202988       0x34 obj_cc2538dk/etimer.o
                0x0000000000202988                etimer_stop
 .text.process_thread_ctimer_process
                0x00000000002029bc       0x7c obj_cc2538dk/ctimer.o
 .text.ctimer_init
                0x0000000000202a38       0x28 obj_cc2538dk/ctimer.o
                0x0000000000202a38                ctimer_init
 .text.ctimer_set_with_process
                0x0000000000202a60       0x44 obj_cc2538dk/ctimer.o
                0x0000000000202a60                ctimer_set_with_process
 .text.ctimer_set
                0x0000000000202aa4       0x14 obj_cc2538dk/ctimer.o
                0x0000000000202aa4                ctimer_set
 .text.ctimer_reset
                0x0000000000202ab8       0x38 obj_cc2538dk/ctimer.o
                0x0000000000202ab8                ctimer_reset
 .text.ctimer_restart
                0x0000000000202af0       0x38 obj_cc2538dk/ctimer.o
                0x0000000000202af0                ctimer_restart
 .text.ctimer_stop
                0x0000000000202b28       0x2c obj_cc2538dk/ctimer.o
                0x0000000000202b28                ctimer_stop
 .text.call_process.part.0
                0x0000000000202b54       0x38 obj_cc2538dk/process.o
 .text.exit_process
                0x0000000000202b8c       0x80 obj_cc2538dk/process.o
 .text.do_poll  0x0000000000202c0c       0x30 obj_cc2538dk/process.o
 .text.process_alloc_event
                0x0000000000202c3c       0x10 obj_cc2538dk/process.o
                0x0000000000202c3c                process_alloc_event
 .text.process_init
                0x0000000000202c4c       0x30 obj_cc2538dk/process.o
                0x0000000000202c4c                process_init
 .text.process_run
                0x0000000000202c7c       0x88 obj_cc2538dk/process.o
                0x0000000000202c7c                process_run
 .text.process_nevents
                0x0000000000202d04       0x14 obj_cc2538dk/process.o
                0x0000000000202d04                process_nevents
 .text.process_post
                0x0000000000202d18       0x3c obj_cc2538dk/process.o
                0x0000000000202d18                process_post
 .text.process_post_synch
                0x0000000000202d54       0x14 obj_cc2538dk/process.o
                0x0000000000202d54                process_post_synch
 .text.process_start
                0x0000000000202d68       0x30 obj_cc2538dk/process.o
                0x0000000000202d68                process_start
 .text.process_poll
                0x0000000000202d98       0x18 obj_cc2538dk/process.o
                0x0000000000202d98                process_poll
 .text.rtimer_set
                0x0000000000202db0       0x24 obj_cc2538dk/rtimer.o
                0x0000000000202db0                rtimer_set
 .text.rtimer_run_next
                0x0000000000202dd4       0x28 obj_cc2538dk/rtimer.o
                0x0000000000202dd4                rtimer_run_next
 .text.process_thread_serial_line_process
                0x0000000000202dfc       0x98 obj_cc2538dk/serial-line.o
 .text.serial_line_input_byte
                0x0000000000202e94       0x48 obj_cc2538dk/serial-line.o
                0x0000000000202e94                serial_line_input_byte
 .text.serial_line_init
                0x0000000000202edc       0x24 obj_cc2538dk/serial-line.o
                0x0000000000202edc                serial_line_init
 .text.random_rand
                0x0000000000202f00       0x24 obj_cc2538dk/random.o
                0x0000000000202f00                random_rand
 .text.random_init
                0x0000000000202f24       0x78 obj_cc2538dk/random.o
                0x0000000000202f24                random_init
 .text.echo_reply_input
                0x0000000000202f9c       0xa0 obj_cc2538dk/uip-icmp6.o
 .text.echo_request_input
                0x000000000020303c       0xd0 obj_cc2538dk/uip-icmp6.o
 .text.uip_icmp6_input
                0x000000000020310c       0x38 obj_cc2538dk/uip-icmp6.o
                0x000000000020310c                uip_icmp6_input
 .text.uip_icmp6_register_input_handler
                0x0000000000203144        0xc obj_cc2538dk/uip-icmp6.o
                0x0000000000203144                uip_icmp6_register_input_handler
 .text.uip_icmp6_error_output
                0x0000000000203150      0x148 obj_cc2538dk/uip-icmp6.o
                0x0000000000203150                uip_icmp6_error_output
 .text.uip_icmp6_send
                0x0000000000203298       0x8c obj_cc2538dk/uip-icmp6.o
                0x0000000000203298                uip_icmp6_send
 .text.uip_icmp6_init
                0x0000000000203324       0x1c obj_cc2538dk/uip-icmp6.o
                0x0000000000203324                uip_icmp6_init
 .text.uip_ds6_prefix_add
                0x0000000000203340       0x64 obj_cc2538dk/uip-ds6.o
                0x0000000000203340                uip_ds6_prefix_add
 .text.uip_ds6_is_addr_onlink
                0x00000000002033a4       0x3c obj_cc2538dk/uip-ds6.o
                0x00000000002033a4                uip_ds6_is_addr_onlink
 .text.uip_ds6_addr_lookup
                0x00000000002033e0       0x2c obj_cc2538dk/uip-ds6.o
                0x00000000002033e0                uip_ds6_addr_lookup
 .text.uip_ds6_get_link_local
                0x000000000020340c       0x3c obj_cc2538dk/uip-ds6.o
                0x000000000020340c                uip_ds6_get_link_local
 .text.uip_ds6_maddr_add
                0x0000000000203448       0x4c obj_cc2538dk/uip-ds6.o
                0x0000000000203448                uip_ds6_maddr_add
 .text.uip_ds6_addr_add
                0x0000000000203494       0x98 obj_cc2538dk/uip-ds6.o
                0x0000000000203494                uip_ds6_addr_add
 .text.uip_ds6_maddr_lookup
                0x000000000020352c       0x2c obj_cc2538dk/uip-ds6.o
                0x000000000020352c                uip_ds6_maddr_lookup
 .text.uip_ds6_addr_rm
                0x0000000000203558       0x44 obj_cc2538dk/uip-ds6.o
                0x0000000000203558                uip_ds6_addr_rm
 .text.uip_ds6_periodic
                0x000000000020359c       0x48 obj_cc2538dk/uip-ds6.o
                0x000000000020359c                uip_ds6_periodic
 .text.uip_ds6_select_src
                0x00000000002035e4       0x94 obj_cc2538dk/uip-ds6.o
                0x00000000002035e4                uip_ds6_select_src
 .text.uip_ds6_compute_reachable_time
                0x0000000000203678       0x2c obj_cc2538dk/uip-ds6.o
                0x0000000000203678                uip_ds6_compute_reachable_time
 .text.uip_ds6_init
                0x00000000002036a4       0xe4 obj_cc2538dk/uip-ds6.o
                0x00000000002036a4                uip_ds6_init
 .text.call_route_callback
                0x0000000000203788       0x54 obj_cc2538dk/uip-ds6-route.o
 .text.uip_ds6_route_init
                0x00000000002037dc       0x4c obj_cc2538dk/uip-ds6-route.o
                0x00000000002037dc                uip_ds6_route_init
 .text.uip_ds6_route_nexthop
                0x0000000000203828       0x1c obj_cc2538dk/uip-ds6-route.o
                0x0000000000203828                uip_ds6_route_nexthop
 .text.uip_ds6_route_head
                0x0000000000203844        0xc obj_cc2538dk/uip-ds6-route.o
                0x0000000000203844                uip_ds6_route_head
 .text.uip_ds6_route_is_nexthop
                0x0000000000203850       0x20 obj_cc2538dk/uip-ds6-route.o
                0x0000000000203850                uip_ds6_route_is_nexthop
 .text.uip_ds6_route_lookup
                0x0000000000203870       0x64 obj_cc2538dk/uip-ds6-route.o
                0x0000000000203870                uip_ds6_route_lookup
 .text.uip_ds6_route_rm
                0x00000000002038d4       0xa0 obj_cc2538dk/uip-ds6-route.o
                0x00000000002038d4                uip_ds6_route_rm
 .text.rm_routelist
                0x0000000000203974       0x30 obj_cc2538dk/uip-ds6-route.o
 .text.uip_ds6_route_add
                0x00000000002039a4       0xf8 obj_cc2538dk/uip-ds6-route.o
                0x00000000002039a4                uip_ds6_route_add
 .text.uip_ds6_defrt_rm
                0x0000000000203a9c       0x44 obj_cc2538dk/uip-ds6-route.o
                0x0000000000203a9c                uip_ds6_defrt_rm
 .text.uip_ds6_defrt_lookup
                0x0000000000203ae0       0x2c obj_cc2538dk/uip-ds6-route.o
                0x0000000000203ae0                uip_ds6_defrt_lookup
 .text.uip_ds6_defrt_add
                0x0000000000203b0c       0x64 obj_cc2538dk/uip-ds6-route.o
                0x0000000000203b0c                uip_ds6_defrt_add
 .text.uip_ds6_defrt_choose
                0x0000000000203b70       0x30 obj_cc2538dk/uip-ds6-route.o
                0x0000000000203b70                uip_ds6_defrt_choose
 .text.uip_ds6_defrt_periodic
                0x0000000000203ba0       0x3c obj_cc2538dk/uip-ds6-route.o
                0x0000000000203ba0                uip_ds6_defrt_periodic
 .text.upper_layer_chksum
                0x0000000000203bdc       0x50 obj_cc2538dk/uip6.o
 .text.ext_hdr_options_process
                0x0000000000203c2c       0xb8 obj_cc2538dk/uip6.o
 .text.uip_init
                0x0000000000203ce4       0x34 obj_cc2538dk/uip6.o
                0x0000000000203ce4                uip_init
 .text.remove_ext_hdr
                0x0000000000203d18       0x50 obj_cc2538dk/uip6.o
                0x0000000000203d18                remove_ext_hdr
 .text.uip_udp_new
                0x0000000000203d68       0x90 obj_cc2538dk/uip6.o
                0x0000000000203d68                uip_udp_new
 .text.uip_process
                0x0000000000203df8      0x404 obj_cc2538dk/uip6.o
                0x0000000000203df8                uip_process
 .text.uip_htonl
                0x00000000002041fc       0x1c obj_cc2538dk/uip6.o
                0x00000000002041fc                uip_htonl
 .text.uip_ds6_nbr_rm
                0x0000000000204218       0x20 obj_cc2538dk/uip-ds6-nbr.o
                0x0000000000204218                uip_ds6_nbr_rm
 .text.uip_ds6_neighbors_init
                0x0000000000204238       0x1c obj_cc2538dk/uip-ds6-nbr.o
                0x0000000000204238                uip_ds6_neighbors_init
 .text.uip_ds6_nbr_add
                0x0000000000204254       0x3c obj_cc2538dk/uip-ds6-nbr.o
                0x0000000000204254                uip_ds6_nbr_add
 .text.uip_ds6_nbr_get_ll
                0x0000000000204290       0x10 obj_cc2538dk/uip-ds6-nbr.o
                0x0000000000204290                uip_ds6_nbr_get_ll
 .text.uip_ds6_nbr_lookup
                0x00000000002042a0       0x38 obj_cc2538dk/uip-ds6-nbr.o
                0x00000000002042a0                uip_ds6_nbr_lookup
 .text.uip_ds6_nbr_ll_lookup
                0x00000000002042d8       0x10 obj_cc2538dk/uip-ds6-nbr.o
                0x00000000002042d8                uip_ds6_nbr_ll_lookup
 .text.uip_ds6_link_neighbor_callback
                0x00000000002042e8       0x34 obj_cc2538dk/uip-ds6-nbr.o
                0x00000000002042e8                uip_ds6_link_neighbor_callback
 .text.ns_input
                0x000000000020431c      0x278 obj_cc2538dk/uip-nd6.o
 .text.uip_nd6_init
                0x0000000000204594        0xc obj_cc2538dk/uip-nd6.o
                0x0000000000204594                uip_nd6_init
 .text.clear_fragments
                0x00000000002045a0       0x3c obj_cc2538dk/sicslowpan.o
 .text.sicslowpan_init
                0x00000000002045dc       0x24 obj_cc2538dk/sicslowpan.o
                0x00000000002045dc                sicslowpan_init
 .text.compress_addr_64
                0x0000000000204600       0x90 obj_cc2538dk/sicslowpan.o
 .text.set_packet_attrs
                0x0000000000204690       0x40 obj_cc2538dk/sicslowpan.o
 .text.addr_context_lookup_by_prefix
                0x00000000002046d0       0x28 obj_cc2538dk/sicslowpan.o
 .text.send_packet
                0x00000000002046f8       0x24 obj_cc2538dk/sicslowpan.o
 .text.packet_sent
                0x000000000020471c       0x28 obj_cc2538dk/sicslowpan.o
 .text.store_fragment
                0x0000000000204744       0x64 obj_cc2538dk/sicslowpan.o
 .text.uncompress_addr
                0x00000000002047a8       0x90 obj_cc2538dk/sicslowpan.o
 .text.output   0x0000000000204838      0x6f8 obj_cc2538dk/sicslowpan.o
 .text.add_fragment
                0x0000000000204f30      0x148 obj_cc2538dk/sicslowpan.o
 .text.input    0x0000000000205078      0x578 obj_cc2538dk/sicslowpan.o
 .text.uip_debug_ipaddr_print
                0x00000000002055f0       0xac obj_cc2538dk/uip-debug.o
                0x00000000002055f0                uip_debug_ipaddr_print
 .text.uip_udp_packet_send
                0x000000000020569c       0x38 obj_cc2538dk/uip-udp-packet.o
                0x000000000020569c                uip_udp_packet_send
 .text.tcpip_output
                0x00000000002056d4       0x10 obj_cc2538dk/tcpip.o
                0x00000000002056d4                tcpip_output
 .text.tcpip_set_outputfunc
                0x00000000002056e4        0xc obj_cc2538dk/tcpip.o
                0x00000000002056e4                tcpip_set_outputfunc
 .text.udp_new  0x00000000002056f0       0x18 obj_cc2538dk/tcpip.o
                0x00000000002056f0                udp_new
 .text.tcpip_icmp6_call
                0x0000000000205708       0x28 obj_cc2538dk/tcpip.o
                0x0000000000205708                tcpip_icmp6_call
 .text.tcpip_input
                0x0000000000205730       0x24 obj_cc2538dk/tcpip.o
                0x0000000000205730                tcpip_input
 .text.tcpip_ipv6_output
                0x0000000000205754       0xb4 obj_cc2538dk/tcpip.o
                0x0000000000205754                tcpip_ipv6_output
 .text.process_thread_tcpip_process
                0x0000000000205808       0xdc obj_cc2538dk/tcpip.o
 .text.tcpip_uipcall
                0x00000000002058e4       0x2c obj_cc2538dk/tcpip.o
                0x00000000002058e4                tcpip_uipcall
 .text.process_thread_simple_udp_process
                0x0000000000205910       0xac obj_cc2538dk/simple-udp.o
 .text.simple_udp_register
                0x00000000002059bc       0x80 obj_cc2538dk/simple-udp.o
                0x00000000002059bc                simple_udp_register
 .text.dao_ack_input
                0x0000000000205a3c       0x14 obj_cc2538dk/rpl-icmp6.o
 .text.dio_input
                0x0000000000205a50      0x244 obj_cc2538dk/rpl-icmp6.o
 .text.dao_input
                0x0000000000205c94      0x274 obj_cc2538dk/rpl-icmp6.o
 .text.dis_output
                0x0000000000205f08       0x3c obj_cc2538dk/rpl-icmp6.o
                0x0000000000205f08                dis_output
 .text.dio_output
                0x0000000000205f44      0x1fc obj_cc2538dk/rpl-icmp6.o
                0x0000000000205f44                dio_output
 .text.dis_input
                0x0000000000206140       0x50 obj_cc2538dk/rpl-icmp6.o
 .text.dao_output_target
                0x0000000000206190      0x100 obj_cc2538dk/rpl-icmp6.o
                0x0000000000206190                dao_output_target
 .text.dao_output
                0x0000000000206290       0x90 obj_cc2538dk/rpl-icmp6.o
                0x0000000000206290                dao_output
 .text.rpl_icmp6_register_handlers
                0x0000000000206320       0x30 obj_cc2538dk/rpl-icmp6.o
                0x0000000000206320                rpl_icmp6_register_handlers
 .text.rpl_set_preferred_parent
                0x0000000000206350       0x28 obj_cc2538dk/rpl-dag.o
 .text.set_ip_from_prefix
                0x0000000000206378       0x28 obj_cc2538dk/rpl-dag.o
 .text.find_parent_any_dag_any_instance
                0x00000000002063a0       0x1c obj_cc2538dk/rpl-dag.o
 .text.rpl_dag_init
                0x00000000002063bc       0x14 obj_cc2538dk/rpl-dag.o
                0x00000000002063bc                rpl_dag_init
 .text.rpl_get_parent
                0x00000000002063d0       0x10 obj_cc2538dk/rpl-dag.o
                0x00000000002063d0                rpl_get_parent
 .text.rpl_get_parent_lladdr
                0x00000000002063e0       0x10 obj_cc2538dk/rpl-dag.o
                0x00000000002063e0                rpl_get_parent_lladdr
 .text.best_parent
                0x00000000002063f0       0x7c obj_cc2538dk/rpl-dag.o
 .text.rpl_alloc_instance
                0x000000000020646c       0x34 obj_cc2538dk/rpl-dag.o
                0x000000000020646c                rpl_alloc_instance
 .text.rpl_add_parent
                0x00000000002064a0       0x30 obj_cc2538dk/rpl-dag.o
                0x00000000002064a0                rpl_add_parent
 .text.rpl_remove_parent
                0x00000000002064d0       0x1c obj_cc2538dk/rpl-dag.o
                0x00000000002064d0                rpl_remove_parent
 .text.remove_parents.constprop.8
                0x00000000002064ec       0x2c obj_cc2538dk/rpl-dag.o
 .text.rpl_get_dag
                0x0000000000206518       0x54 obj_cc2538dk/rpl-dag.o
                0x0000000000206518                rpl_get_dag
 .text.rpl_get_any_dag
                0x000000000020656c       0x18 obj_cc2538dk/rpl-dag.o
                0x000000000020656c                rpl_get_any_dag
 .text.rpl_get_instance
                0x0000000000206584       0x20 obj_cc2538dk/rpl-dag.o
                0x0000000000206584                rpl_get_instance
 .text.rpl_find_of
                0x00000000002065a4       0x14 obj_cc2538dk/rpl-dag.o
                0x00000000002065a4                rpl_find_of
 .text.rpl_join_instance
                0x00000000002065b8      0x130 obj_cc2538dk/rpl-dag.o
                0x00000000002065b8                rpl_join_instance
 .text.rpl_local_repair
                0x00000000002066e8       0x78 obj_cc2538dk/rpl-dag.o
                0x00000000002066e8                rpl_local_repair
 .text.rpl_recalculate_ranks
                0x0000000000206760       0x3c obj_cc2538dk/rpl-dag.o
                0x0000000000206760                rpl_recalculate_ranks
 .text.new_dio_interval
                0x000000000020679c       0x5c obj_cc2538dk/rpl-timers.o
 .text.handle_periodic_timer
                0x00000000002067f8       0x4c obj_cc2538dk/rpl-timers.o
 .text.handle_dio_timer
                0x0000000000206844       0x80 obj_cc2538dk/rpl-timers.o
 .text.set_dao_lifetime_timer.part.1
                0x00000000002068c4       0x3c obj_cc2538dk/rpl-timers.o
 .text.handle_dao_timer
                0x0000000000206900       0x60 obj_cc2538dk/rpl-timers.o
 .text.schedule_dao
                0x0000000000206960       0x58 obj_cc2538dk/rpl-timers.o
 .text.rpl_reset_periodic_timer
                0x00000000002069b8       0x34 obj_cc2538dk/rpl-timers.o
                0x00000000002069b8                rpl_reset_periodic_timer
 .text.rpl_schedule_unicast_dio_immediately
                0x00000000002069ec       0x14 obj_cc2538dk/rpl-timers.o
                0x00000000002069ec                rpl_schedule_unicast_dio_immediately
 .text.get_probing_target
                0x0000000000206a00       0xc4 obj_cc2538dk/rpl-timers.o
                0x0000000000206a00                get_probing_target
 .text.rpl_schedule_probing
                0x0000000000206ac4       0x20 obj_cc2538dk/rpl-timers.o
                0x0000000000206ac4                rpl_schedule_probing
 .text.update_hbh_header
                0x0000000000206ae4       0xc8 obj_cc2538dk/rpl-ext-header.o
 .text.insert_hbh_header
                0x0000000000206bac       0xa8 obj_cc2538dk/rpl-ext-header.o
 .text.rpl_verify_hbh_header
                0x0000000000206c54       0xfc obj_cc2538dk/rpl-ext-header.o
                0x0000000000206c54                rpl_verify_hbh_header
 .text.rpl_remove_header
                0x0000000000206d50       0x74 obj_cc2538dk/rpl-ext-header.o
                0x0000000000206d50                rpl_remove_header
 .text.rpl_update_header
                0x0000000000206dc4       0x6c obj_cc2538dk/rpl-ext-header.o
                0x0000000000206dc4                rpl_update_header
 .text.rpl_get_mode
                0x0000000000206e30        0xc obj_cc2538dk/rpl.o
                0x0000000000206e30                rpl_get_mode
 .text.rpl_purge_routes
                0x0000000000206e3c       0x6c obj_cc2538dk/rpl.o
                0x0000000000206e3c                rpl_purge_routes
 .text.rpl_link_neighbor_callback
                0x0000000000206ea8       0x3c obj_cc2538dk/rpl.o
                0x0000000000206ea8                rpl_link_neighbor_callback
 .text.rpl_ipv6_neighbor_callback
                0x0000000000206ee4       0x28 obj_cc2538dk/rpl.o
                0x0000000000206ee4                rpl_ipv6_neighbor_callback
 .text.rpl_purge_dags
                0x0000000000206f0c       0x58 obj_cc2538dk/rpl.o
                0x0000000000206f0c                rpl_purge_dags
 .text.rpl_init
                0x0000000000206f64       0x34 obj_cc2538dk/rpl.o
                0x0000000000206f64                rpl_init
 .text.update_nbr
                0x0000000000206f98       0xe8 obj_cc2538dk/rpl-nbr-policy.o
 .text.handle_periodic_timer
                0x0000000000207080       0x14 obj_cc2538dk/rpl-nbr-policy.o
 .text.find_removable_dis
                0x0000000000207094       0x20 obj_cc2538dk/rpl-nbr-policy.o
                0x0000000000207094                find_removable_dis
 .text.find_removable_dio
                0x00000000002070b4       0x3c obj_cc2538dk/rpl-nbr-policy.o
                0x00000000002070b4                find_removable_dio
 .text.find_removable_dao
                0x00000000002070f0       0x38 obj_cc2538dk/rpl-nbr-policy.o
                0x00000000002070f0                find_removable_dao
 .text.rpl_nbr_policy_find_removable
                0x0000000000207128       0x28 obj_cc2538dk/rpl-nbr-policy.o
                0x0000000000207128                rpl_nbr_policy_find_removable
 .text._sbrk    0x0000000000207150       0x2c obj_cc2538dk/syscalls.o
                0x0000000000207150                _sbrk
 .text.queuebuf_init
                0x000000000020717c       0x1c obj_cc2538dk/queuebuf.o
                0x000000000020717c                queuebuf_init
 .text.queuebuf_numfree
                0x0000000000207198        0xc obj_cc2538dk/queuebuf.o
                0x0000000000207198                queuebuf_numfree
 .text.queuebuf_new_from_packetbuf
                0x00000000002071a4       0x44 obj_cc2538dk/queuebuf.o
                0x00000000002071a4                queuebuf_new_from_packetbuf
 .text.queuebuf_free
                0x00000000002071e8       0x2c obj_cc2538dk/queuebuf.o
                0x00000000002071e8                queuebuf_free
 .text.queuebuf_to_packetbuf
                0x0000000000207214       0x30 obj_cc2538dk/queuebuf.o
                0x0000000000207214                queuebuf_to_packetbuf
 .text.key_from_index
                0x0000000000207244       0x18 obj_cc2538dk/nbr-table.o
 .text.index_from_key
                0x000000000020725c       0x20 obj_cc2538dk/nbr-table.o
 .text.index_from_lladdr
                0x000000000020727c       0x40 obj_cc2538dk/nbr-table.o
 .text.nbr_get_bit.constprop.0
                0x00000000002072bc       0x24 obj_cc2538dk/nbr-table.o
 .text.remove_key
                0x00000000002072e0       0x60 obj_cc2538dk/nbr-table.o
 .text.nbr_table_register
                0x0000000000207340       0x28 obj_cc2538dk/nbr-table.o
                0x0000000000207340                nbr_table_register
 .text.nbr_table_head
                0x0000000000207368       0x38 obj_cc2538dk/nbr-table.o
                0x0000000000207368                nbr_table_head
 .text.nbr_table_add_lladdr
                0x00000000002073a0       0xf8 obj_cc2538dk/nbr-table.o
                0x00000000002073a0                nbr_table_add_lladdr
 .text.nbr_table_remove
                0x0000000000207498       0x2c obj_cc2538dk/nbr-table.o
                0x0000000000207498                nbr_table_remove
 .text.nbr_table_lock
                0x00000000002074c4       0x10 obj_cc2538dk/nbr-table.o
                0x00000000002074c4                nbr_table_lock
 .text.nbr_table_unlock
                0x00000000002074d4       0x10 obj_cc2538dk/nbr-table.o
                0x00000000002074d4                nbr_table_unlock
 .text.packetbuf_hdrreduce
                0x00000000002074e4       0x28 obj_cc2538dk/packetbuf.o
                0x00000000002074e4                packetbuf_hdrreduce
 .text.packetbuf_set_datalen
                0x000000000020750c        0xc obj_cc2538dk/packetbuf.o
                0x000000000020750c                packetbuf_set_datalen
 .text.packetbuf_hdrptr
                0x0000000000207518        0x8 obj_cc2538dk/packetbuf.o
                0x0000000000207518                packetbuf_hdrptr
 .text.packetbuf_datalen
                0x0000000000207520        0xc obj_cc2538dk/packetbuf.o
                0x0000000000207520                packetbuf_datalen
 .text.packetbuf_hdrlen
                0x000000000020752c       0x18 obj_cc2538dk/packetbuf.o
                0x000000000020752c                packetbuf_hdrlen
 .text.packetbuf_dataptr
                0x0000000000207544       0x10 obj_cc2538dk/packetbuf.o
                0x0000000000207544                packetbuf_dataptr
 .text.packetbuf_copyto
                0x0000000000207554       0x40 obj_cc2538dk/packetbuf.o
                0x0000000000207554                packetbuf_copyto
 .text.packetbuf_totlen
                0x0000000000207594       0x14 obj_cc2538dk/packetbuf.o
                0x0000000000207594                packetbuf_totlen
 .text.packetbuf_hdralloc
                0x00000000002075a8       0x3c obj_cc2538dk/packetbuf.o
                0x00000000002075a8                packetbuf_hdralloc
 .text.packetbuf_attr_clear
                0x00000000002075e4       0x34 obj_cc2538dk/packetbuf.o
                0x00000000002075e4                packetbuf_attr_clear
 .text.packetbuf_clear
                0x0000000000207618       0x20 obj_cc2538dk/packetbuf.o
                0x0000000000207618                packetbuf_clear
 .text.packetbuf_copyfrom
                0x0000000000207638       0x2c obj_cc2538dk/packetbuf.o
                0x0000000000207638                packetbuf_copyfrom
 .text.packetbuf_attr_copyto
                0x0000000000207664       0x34 obj_cc2538dk/packetbuf.o
                0x0000000000207664                packetbuf_attr_copyto
 .text.packetbuf_attr_copyfrom
                0x0000000000207698       0x34 obj_cc2538dk/packetbuf.o
                0x0000000000207698                packetbuf_attr_copyfrom
 .text.packetbuf_set_attr
                0x00000000002076cc       0x10 obj_cc2538dk/packetbuf.o
                0x00000000002076cc                packetbuf_set_attr
 .text.packetbuf_attr
                0x00000000002076dc        0xc obj_cc2538dk/packetbuf.o
                0x00000000002076dc                packetbuf_attr
 .text.packetbuf_set_addr
                0x00000000002076e8       0x18 obj_cc2538dk/packetbuf.o
                0x00000000002076e8                packetbuf_set_addr
 .text.packetbuf_addr
                0x0000000000207700       0x10 obj_cc2538dk/packetbuf.o
                0x0000000000207700                packetbuf_addr
 .text.packetbuf_holds_broadcast
                0x0000000000207710       0x10 obj_cc2538dk/packetbuf.o
                0x0000000000207710                packetbuf_holds_broadcast
 .text.netstack_init
                0x0000000000207720       0x38 obj_cc2538dk/netstack.o
                0x0000000000207720                netstack_init
 .text.periodic
                0x0000000000207758       0x2c obj_cc2538dk/link-stats.o
 .text.link_stats_from_lladdr
                0x0000000000207784        0xc obj_cc2538dk/link-stats.o
                0x0000000000207784                link_stats_from_lladdr
 .text.link_stats_packet_sent
                0x0000000000207790       0x78 obj_cc2538dk/link-stats.o
                0x0000000000207790                link_stats_packet_sent
 .text.link_stats_input_callback
                0x0000000000207808       0x4c obj_cc2538dk/link-stats.o
                0x0000000000207808                link_stats_input_callback
 .text.link_stats_init
                0x0000000000207854       0x28 obj_cc2538dk/link-stats.o
                0x0000000000207854                link_stats_init
 .text.mac_sequence_is_duplicate
                0x000000000020787c       0x48 obj_cc2538dk/mac-sequence.o
                0x000000000020787c                mac_sequence_is_duplicate
 .text.mac_sequence_register_seqno
                0x00000000002078c4       0x60 obj_cc2538dk/mac-sequence.o
                0x00000000002078c4                mac_sequence_register_seqno
 .text.frame802154_get_pan_id
                0x0000000000207924        0xc obj_cc2538dk/frame802154.o
                0x0000000000207924                frame802154_get_pan_id
 .text.frame802154_parse
                0x0000000000207930      0x12c obj_cc2538dk/frame802154.o
                0x0000000000207930                frame802154_parse
 .text.create_frame.isra.0
                0x0000000000207a5c      0x130 obj_cc2538dk/framer-802154.o
 .text.input_packet
                0x0000000000207b8c        0xc obj_cc2538dk/csma.o
 .text.on       0x0000000000207b98        0xc obj_cc2538dk/csma.o
 .text.off      0x0000000000207ba4        0xc obj_cc2538dk/csma.o
 .text.channel_check_interval
                0x0000000000207bb0       0x10 obj_cc2538dk/csma.o
 .text.schedule_transmission
                0x0000000000207bc0       0x4c obj_cc2538dk/csma.o
 .text.send_packet
                0x0000000000207c0c      0x138 obj_cc2538dk/csma.o
 .text.init     0x0000000000207d44       0x24 obj_cc2538dk/csma.o
 .text.transmit_packet_list
                0x0000000000207d68       0x30 obj_cc2538dk/csma.o
 .text.tx_done  0x0000000000207d98       0x7c obj_cc2538dk/csma.o
 .text.packet_sent
                0x0000000000207e14       0xdc obj_cc2538dk/csma.o
 .text.init     0x0000000000207ef0       0x40 obj_cc2538dk/contikimac.o
 .text.on       0x0000000000207f30       0x2c obj_cc2538dk/contikimac.o
 .text.off      0x0000000000207f5c       0x38 obj_cc2538dk/contikimac.o
 .text.recv_burst_off
                0x0000000000207f94       0x14 obj_cc2538dk/contikimac.o
 .text.powercycle_turn_radio_off
                0x0000000000207fa8       0x1c obj_cc2538dk/contikimac.o
 .text.turn_off
                0x0000000000207fc4       0x38 obj_cc2538dk/contikimac.o
 .text.turn_on  0x0000000000207ffc       0x40 obj_cc2538dk/contikimac.o
 .text.schedule_powercycle_fixed
                0x000000000020803c       0x38 obj_cc2538dk/contikimac.o
 .text.input_packet
                0x0000000000208074       0xa4 obj_cc2538dk/contikimac.o
 .text.send_packet.isra.8
                0x0000000000208118      0x1f8 obj_cc2538dk/contikimac.o
 .text.qsend_list
                0x0000000000208310       0xdc obj_cc2538dk/contikimac.o
 .text.powercycle_wrapper
                0x00000000002083ec      0x1e8 obj_cc2538dk/contikimac.o
 .text.input    0x00000000002085d4        0xc obj_cc2538dk/nullsec.o
 .text.send     0x00000000002085e0       0x20 obj_cc2538dk/nullsec.o
 .text.mqtt_sn_callback
                0x0000000000208600       0x24 mqtt-sn-sensor.co
                0x0000000000208600                mqtt_sn_callback
 .text.init_broker
                0x0000000000208624       0xb8 mqtt-sn-sensor.co
                0x0000000000208624                init_broker
 .text.process_thread_init_system_process
                0x00000000002086dc       0xf0 mqtt-sn-sensor.co
 .text.unlock_tasks
                0x00000000002087cc       0x10 obj_cc2538dk/mqtt_sn.o
                0x00000000002087cc                unlock_tasks
 .text.parse_mqtt_type_string
                0x00000000002087dc       0x80 obj_cc2538dk/mqtt_sn.o
                0x00000000002087dc                parse_mqtt_type_string
 .text.mqtt_sn_get_qos_flag
                0x000000000020885c       0x14 obj_cc2538dk/mqtt_sn.o
                0x000000000020885c                mqtt_sn_get_qos_flag
 .text.verf_hist_sub
                0x0000000000208870       0x34 obj_cc2538dk/mqtt_sn.o
                0x0000000000208870                verf_hist_sub
 .text.verf_register
                0x00000000002088a4       0x28 obj_cc2538dk/mqtt_sn.o
                0x00000000002088a4                verf_register
 .text.mqtt_sn_will_topic_send
                0x00000000002088cc       0x54 obj_cc2538dk/mqtt_sn.o
                0x00000000002088cc                mqtt_sn_will_topic_send
 .text.mqtt_sn_will_message_send
                0x0000000000208920       0x4c obj_cc2538dk/mqtt_sn.o
                0x0000000000208920                mqtt_sn_will_message_send
 .text.mqtt_sn_ping_send
                0x000000000020896c       0x50 obj_cc2538dk/mqtt_sn.o
                0x000000000020896c                mqtt_sn_ping_send
 .text.timeout_ping_mqtt
                0x00000000002089bc       0x68 obj_cc2538dk/mqtt_sn.o
                0x00000000002089bc                timeout_ping_mqtt
 .text.mqtt_sn_con_send
                0x0000000000208a24       0x78 obj_cc2538dk/mqtt_sn.o
                0x0000000000208a24                mqtt_sn_con_send
 .text.mqtt_sn_reg_send
                0x0000000000208a9c       0x84 obj_cc2538dk/mqtt_sn.o
                0x0000000000208a9c                mqtt_sn_reg_send
 .text.mqtt_sn_regack_send
                0x0000000000208b20       0x3c obj_cc2538dk/mqtt_sn.o
                0x0000000000208b20                mqtt_sn_regack_send
 .text.mqtt_sn_pub_send
                0x0000000000208b5c       0xb8 obj_cc2538dk/mqtt_sn.o
                0x0000000000208b5c                mqtt_sn_pub_send
 .text.mqtt_sn_sub_send
                0x0000000000208c14       0x6c obj_cc2538dk/mqtt_sn.o
                0x0000000000208c14                mqtt_sn_sub_send
 .text.timeout_con
                0x0000000000208c80       0xb8 obj_cc2538dk/mqtt_sn.o
                0x0000000000208c80                timeout_con
 .text.mqtt_sn_sub_send_wildcard
                0x0000000000208d38       0x68 obj_cc2538dk/mqtt_sn.o
                0x0000000000208d38                mqtt_sn_sub_send_wildcard
 .text.mqtt_sn_insert_queue
                0x0000000000208da0       0x84 obj_cc2538dk/mqtt_sn.o
                0x0000000000208da0                mqtt_sn_insert_queue
 .text.mqtt_sn_sub_wildcard
                0x0000000000208e24       0x34 obj_cc2538dk/mqtt_sn.o
                0x0000000000208e24                mqtt_sn_sub_wildcard
 .text.mqtt_sn_sub
                0x0000000000208e58       0x80 obj_cc2538dk/mqtt_sn.o
                0x0000000000208e58                mqtt_sn_sub
 .text.mqtt_sn_delete_queue
                0x0000000000208ed8       0x6c obj_cc2538dk/mqtt_sn.o
                0x0000000000208ed8                mqtt_sn_delete_queue
 .text.mqtt_sn_check_empty
                0x0000000000208f44       0x10 obj_cc2538dk/mqtt_sn.o
                0x0000000000208f44                mqtt_sn_check_empty
 .text.init_vectors
                0x0000000000208f54       0x34 obj_cc2538dk/mqtt_sn.o
                0x0000000000208f54                init_vectors
 .text.mqtt_sn_recv_parser
                0x0000000000208f88      0x1c0 obj_cc2538dk/mqtt_sn.o
                0x0000000000208f88                mqtt_sn_recv_parser
 .text.mqtt_sn_create_sck
                0x0000000000209148      0x1a4 obj_cc2538dk/mqtt_sn.o
                0x0000000000209148                mqtt_sn_create_sck
 .text.process_thread_mqtt_sn_main
                0x00000000002092ec      0x35c obj_cc2538dk/mqtt_sn.o
 .text.mqtt_sn_init
                0x0000000000209648       0xa8 obj_cc2538dk/mqtt_sn.o
                0x0000000000209648                mqtt_sn_init
 .text          0x00000000002096f0       0x30 /usr/lib/gcc/arm-none-eabi/7.3.1/thumb/v7-m/libgcc.a(_aeabi_uldivmod.o)
                0x00000000002096f0                __aeabi_uldivmod
 .text          0x0000000000209720      0x2d0 /usr/lib/gcc/arm-none-eabi/7.3.1/thumb/v7-m/libgcc.a(_udivmoddi4.o)
                0x0000000000209720                __udivmoddi4
 .text          0x00000000002099f0        0x4 /usr/lib/gcc/arm-none-eabi/7.3.1/thumb/v7-m/libgcc.a(_dvmd_tls.o)
                0x00000000002099f0                __aeabi_ldiv0
                0x00000000002099f0                __aeabi_idiv0
 .text          0x00000000002099f4       0x20 /usr/lib/gcc/arm-none-eabi/7.3.1/../../../arm-none-eabi/lib/thumb/v7-m/libc.a(lib_a-malloc.o)
                0x00000000002099f4                malloc
                0x0000000000209a04                free
 .text          0x0000000000209a14      0x548 /usr/lib/gcc/arm-none-eabi/7.3.1/../../../arm-none-eabi/lib/thumb/v7-m/libc.a(lib_a-mallocr.o)
                0x0000000000209a14                _malloc_r
 .text          0x0000000000209f5c       0x64 /usr/lib/gcc/arm-none-eabi/7.3.1/../../../arm-none-eabi/lib/thumb/v7-m/libc.a(lib_a-memcmp.o)
                0x0000000000209f5c                memcmp
 .text          0x0000000000209fc0       0xec /usr/lib/gcc/arm-none-eabi/7.3.1/../../../arm-none-eabi/lib/thumb/v7-m/libc.a(lib_a-memcpy.o)
                0x0000000000209fc0                memcpy
 .text          0x000000000020a0ac       0xc4 /usr/lib/gcc/arm-none-eabi/7.3.1/../../../arm-none-eabi/lib/thumb/v7-m/libc.a(lib_a-memmove.o)
                0x000000000020a0ac                memmove
 .text          0x000000000020a170       0x94 /usr/lib/gcc/arm-none-eabi/7.3.1/../../../arm-none-eabi/lib/thumb/v7-m/libc.a(lib_a-memset.o)
                0x000000000020a170                memset
 .text          0x000000000020a204        0x8 /usr/lib/gcc/arm-none-eabi/7.3.1/../../../arm-none-eabi/lib/thumb/v7-m/libc.a(lib_a-mlock.o)
                0x000000000020a204                __malloc_lock
                0x000000000020a208                __malloc_unlock
 .text          0x000000000020a20c       0x24 /usr/lib/gcc/arm-none-eabi/7.3.1/../../../arm-none-eabi/lib/thumb/v7-m/libc.a(lib_a-sbrkr.o)
                0x000000000020a20c                _sbrk_r
 .text          0x000000000020a230       0xe8 /usr/lib/gcc/arm-none-eabi/7.3.1/../../../arm-none-eabi/lib/thumb/v7-m/libc.a(lib_a-strchr.o)
                0x000000000020a230                strchr
 .text          0x000000000020a318      0x1bc /usr/lib/gcc/arm-none-eabi/7.3.1/../../../arm-none-eabi/lib/thumb/v7-m/libc.a(lib_a-strcmp.o)
                0x000000000020a318                strcmp
 .text          0x000000000020a4d4       0xbc /usr/lib/gcc/arm-none-eabi/7.3.1/../../../arm-none-eabi/lib/thumb/v7-m/libc.a(lib_a-strcpy.o)
                0x000000000020a4d4                strcpy
 .text          0x000000000020a590       0x5c /usr/lib/gcc/arm-none-eabi/7.3.1/../../../arm-none-eabi/lib/thumb/v7-m/libc.a(lib_a-strlen-stub.o)
                0x000000000020a590                strlen
 .text          0x000000000020a5ec       0x64 /usr/lib/gcc/arm-none-eabi/7.3.1/../../../arm-none-eabi/lib/thumb/v7-m/libc.a(lib_a-strncpy.o)
                0x000000000020a5ec                strncpy
 .text          0x000000000020a650      0x288 /usr/lib/gcc/arm-none-eabi/7.3.1/../../../arm-none-eabi/lib/thumb/v7-m/libc.a(lib_a-freer.o)
                0x000000000020a650                _malloc_trim_r
                0x000000000020a6f0                _free_r
 .text.default_handler
                0x000000000020a8d8        0x2 obj_cc2538dk/startup-gcc.o
                0x000000000020a8d8                default_handler
 .text.nmi_handler
                0x000000000020a8da        0x6 obj_cc2538dk/startup-gcc.o
                0x000000000020a8da                nmi_handler
 .text.fade     0x000000000020a8e0       0x58 obj_cc2538dk/contiki-main.o
 .text.config   0x000000000020a938       0x40 obj_cc2538dk/button-sensor.o
 .text.status   0x000000000020a978        0x4 obj_cc2538dk/als-sensor.o
 .text.bmpx8x_read_reg
                0x000000000020a97c       0x38 obj_cc2538dk/bmpx8x.o
 .text.bmpx8x_read_uncompensated_temperature
                0x000000000020a9b4       0x4c obj_cc2538dk/bmpx8x.o
 .text.clock_isr
                0x000000000020aa00        0x4 obj_cc2538dk/clock.o
                0x000000000020aa00                clock_isr
 .text.rtimer_arch_init
                0x000000000020aa04        0x2 obj_cc2538dk/rtimer-arch.o
                0x000000000020aa04                rtimer_arch_init
 .text.uart0_isr
                0x000000000020aa06        0x6 obj_cc2538dk/uart.o
                0x000000000020aa06                uart0_isr
 .text.uart1_isr
                0x000000000020aa0c        0x6 obj_cc2538dk/uart.o
                0x000000000020aa0c                uart1_isr
 .text.gpio_port_a_isr
                0x000000000020aa12        0x6 obj_cc2538dk/gpio.o
                0x000000000020aa12                gpio_port_a_isr
 .text.gpio_port_b_isr
                0x000000000020aa18        0x6 obj_cc2538dk/gpio.o
                0x000000000020aa18                gpio_port_b_isr
 .text.gpio_port_c_isr
                0x000000000020aa1e        0x6 obj_cc2538dk/gpio.o
                0x000000000020aa1e                gpio_port_c_isr
 .text.gpio_port_d_isr
                0x000000000020aa24        0x6 obj_cc2538dk/gpio.o
                0x000000000020aa24                gpio_port_d_isr
 .text.send     0x000000000020aa2a       0x12 obj_cc2538dk/cc2538-rf.o
 .text.putchar  0x000000000020aa3c       0x10 obj_cc2538dk/dbg.o
                0x000000000020aa3c                putchar
 .text.dbg_send_bytes
                0x000000000020aa4c       0x20 obj_cc2538dk/dbg.o
                0x000000000020aa4c                dbg_send_bytes
 .text.puts     0x000000000020aa6c       0x22 obj_cc2538dk/dbg.o
                0x000000000020aa6c                puts
 .text.configure
                0x000000000020aa8e        0x4 obj_cc2538dk/cc2538-temp-sensor.o
 .text.status   0x000000000020aa92        0x4 obj_cc2538dk/cc2538-temp-sensor.o
 .text.value    0x000000000020aa96       0x34 obj_cc2538dk/cc2538-temp-sensor.o
 .text.configure
                0x000000000020aaca        0x4 obj_cc2538dk/vdd3-sensor.o
 .text.status   0x000000000020aace        0x4 obj_cc2538dk/vdd3-sensor.o
 .text.value    0x000000000020aad2       0x2a obj_cc2538dk/vdd3-sensor.o
 .text.write_str
                0x000000000020aafc       0x10 obj_cc2538dk/dbg-printf.o
 .text.buffer_str
                0x000000000020ab0c       0x16 obj_cc2538dk/dbg-sprintf.o
 .text.autostart_start
                0x000000000020ab22       0x14 obj_cc2538dk/autostart.o
                0x000000000020ab22                autostart_start
 .text.stimer_set
                0x000000000020ab36        0xe obj_cc2538dk/stimer.o
                0x000000000020ab36                stimer_set
 .text.energest_init
                0x000000000020ab44        0x2 obj_cc2538dk/energest.o
                0x000000000020ab44                energest_init
 .text.etimer_set
                0x000000000020ab46       0x12 obj_cc2538dk/etimer.o
                0x000000000020ab46                etimer_set
 .text.etimer_reset
                0x000000000020ab58       0x12 obj_cc2538dk/etimer.o
                0x000000000020ab58                etimer_reset
 .text.etimer_restart
                0x000000000020ab6a       0x12 obj_cc2538dk/etimer.o
                0x000000000020ab6a                etimer_restart
 .text.etimer_expired
                0x000000000020ab7c        0xa obj_cc2538dk/etimer.o
                0x000000000020ab7c                etimer_expired
 .text.etimer_expiration_time
                0x000000000020ab86        0x8 obj_cc2538dk/etimer.o
                0x000000000020ab86                etimer_expiration_time
 .text.call_process
                0x000000000020ab8e        0xc obj_cc2538dk/process.o
 .text.rtimer_init
                0x000000000020ab9a        0x4 obj_cc2538dk/rtimer.o
                0x000000000020ab9a                rtimer_init
 .text.timer_set
                0x000000000020ab9e        0xe obj_cc2538dk/timer.o
                0x000000000020ab9e                timer_set
 .text.timer_reset
                0x000000000020abac        0xa obj_cc2538dk/timer.o
                0x000000000020abac                timer_reset
 .text.timer_restart
                0x000000000020abb6        0xc obj_cc2538dk/timer.o
                0x000000000020abb6                timer_restart
 .text.timer_expired
                0x000000000020abc2       0x1c obj_cc2538dk/timer.o
                0x000000000020abc2                timer_expired
 .text.list_init
                0x000000000020abde        0x6 obj_cc2538dk/list.o
                0x000000000020abde                list_init
 .text.list_head
                0x000000000020abe4        0x4 obj_cc2538dk/list.o
                0x000000000020abe4                list_head
 .text.list_tail
                0x000000000020abe8       0x10 obj_cc2538dk/list.o
                0x000000000020abe8                list_tail
 .text.list_remove
                0x000000000020abf8       0x26 obj_cc2538dk/list.o
                0x000000000020abf8                list_remove
 .text.list_add
                0x000000000020ac1e       0x1a obj_cc2538dk/list.o
                0x000000000020ac1e                list_add
 .text.list_push
                0x000000000020ac38       0x10 obj_cc2538dk/list.o
                0x000000000020ac38                list_push
 .text.list_length
                0x000000000020ac48        0xe obj_cc2538dk/list.o
                0x000000000020ac48                list_length
 .text.list_item_next
                0x000000000020ac56        0x6 obj_cc2538dk/list.o
                0x000000000020ac56                list_item_next
 .text.memb_init
                0x000000000020ac5c       0x20 obj_cc2538dk/memb.o
                0x000000000020ac5c                memb_init
 .text.memb_alloc
                0x000000000020ac7c       0x28 obj_cc2538dk/memb.o
                0x000000000020ac7c                memb_alloc
 .text.memb_free
                0x000000000020aca4       0x2c obj_cc2538dk/memb.o
                0x000000000020aca4                memb_free
 .text.memb_inmemb
                0x000000000020acd0       0x1c obj_cc2538dk/memb.o
                0x000000000020acd0                memb_inmemb
 .text.memb_numfree
                0x000000000020acec       0x1c obj_cc2538dk/memb.o
                0x000000000020acec                memb_numfree
 .text.ringbuf_init
                0x000000000020ad08        0xe obj_cc2538dk/ringbuf.o
                0x000000000020ad08                ringbuf_init
 .text.ringbuf_put
                0x000000000020ad16       0x26 obj_cc2538dk/ringbuf.o
                0x000000000020ad16                ringbuf_put
 .text.ringbuf_get
                0x000000000020ad3c       0x20 obj_cc2538dk/ringbuf.o
                0x000000000020ad3c                ringbuf_get
 .text.uip_ds6_list_loop
                0x000000000020ad5c       0x46 obj_cc2538dk/uip-ds6.o
                0x000000000020ad5c                uip_ds6_list_loop
 .text.uip_ds6_maddr_rm
                0x000000000020ada2        0x8 obj_cc2538dk/uip-ds6.o
                0x000000000020ada2                uip_ds6_maddr_rm
 .text.uip_ds6_set_addr_iid
                0x000000000020adaa       0x12 obj_cc2538dk/uip-ds6.o
                0x000000000020adaa                uip_ds6_set_addr_iid
 .text.get_match_length
                0x000000000020adbc       0x36 obj_cc2538dk/uip-ds6.o
                0x000000000020adbc                get_match_length
 .text.uip_ds6_route_next
                0x000000000020adf2        0x8 obj_cc2538dk/uip-ds6-route.o
                0x000000000020adf2                uip_ds6_route_next
 .text.rm_routelist_callback
                0x000000000020adfa        0x4 obj_cc2538dk/uip-ds6-route.o
 .text.chksum   0x000000000020adfe       0x38 obj_cc2538dk/uip6.o
 .text.uip_icmp6chksum
                0x000000000020ae36        0x6 obj_cc2538dk/uip6.o
                0x000000000020ae36                uip_icmp6chksum
 .text.uip_udpchksum
                0x000000000020ae3c        0x6 obj_cc2538dk/uip6.o
                0x000000000020ae3c                uip_udpchksum
 .text.uip_htons
                0x000000000020ae42        0x6 obj_cc2538dk/uip6.o
                0x000000000020ae42                uip_htons
 .text.uip_ds6_nbr_ipaddr_from_lladdr
                0x000000000020ae48        0x4 obj_cc2538dk/uip-ds6-nbr.o
                0x000000000020ae48                uip_ds6_nbr_ipaddr_from_lladdr
 .text.uip_ds6_nbr_lladdr_from_ipaddr
                0x000000000020ae4c       0x12 obj_cc2538dk/uip-ds6-nbr.o
                0x000000000020ae4c                uip_ds6_nbr_lladdr_from_ipaddr
 .text.uip_udp_packet_sendto
                0x000000000020ae5e       0x50 obj_cc2538dk/uip-udp-packet.o
                0x000000000020ae5e                uip_udp_packet_sendto
 .text.simple_udp_send
                0x000000000020aeae       0x20 obj_cc2538dk/simple-udp.o
                0x000000000020aeae                simple_udp_send
 .text.get32    0x000000000020aece       0x18 obj_cc2538dk/rpl-icmp6.o
 .text.set32    0x000000000020aee6       0x12 obj_cc2538dk/rpl-icmp6.o
 .text.get16    0x000000000020aef8        0xc obj_cc2538dk/rpl-icmp6.o
 .text.set16    0x000000000020af04        0xa obj_cc2538dk/rpl-icmp6.o
 .text.rpl_icmp6_update_nbr_table
                0x000000000020af0e       0x2e obj_cc2538dk/rpl-icmp6.o
                0x000000000020af0e                rpl_icmp6_update_nbr_table
 .text.check_prefix
                0x000000000020af3c       0x58 obj_cc2538dk/rpl-dag.o
 .text.lollipop_greater_than
                0x000000000020af94       0x34 obj_cc2538dk/rpl-dag.o
 .text.rpl_rank_via_parent
                0x000000000020afc8       0x1a obj_cc2538dk/rpl-dag.o
                0x000000000020afc8                rpl_rank_via_parent
 .text.rpl_get_parent_ipaddr
                0x000000000020afe2        0xe obj_cc2538dk/rpl-dag.o
                0x000000000020afe2                rpl_get_parent_ipaddr
 .text.rpl_get_parent_link_stats
                0x000000000020aff0        0xe obj_cc2538dk/rpl-dag.o
                0x000000000020aff0                rpl_get_parent_link_stats
 .text.rpl_parent_is_fresh
                0x000000000020affe        0xe obj_cc2538dk/rpl-dag.o
                0x000000000020affe                rpl_parent_is_fresh
 .text.rpl_parent_is_reachable
                0x000000000020b00c       0x36 obj_cc2538dk/rpl-dag.o
                0x000000000020b00c                rpl_parent_is_reachable
 .text.rpl_set_prefix
                0x000000000020b042       0x6a obj_cc2538dk/rpl-dag.o
                0x000000000020b042                rpl_set_prefix
 .text.rpl_set_default_route
                0x000000000020b0ac       0x30 obj_cc2538dk/rpl-dag.o
                0x000000000020b0ac                rpl_set_default_route
 .text.rpl_find_parent
                0x000000000020b0dc       0x16 obj_cc2538dk/rpl-dag.o
                0x000000000020b0dc                rpl_find_parent
 .text.rpl_find_parent_any_dag
                0x000000000020b0f2       0x1e obj_cc2538dk/rpl-dag.o
                0x000000000020b0f2                rpl_find_parent_any_dag
 .text.rpl_select_parent
                0x000000000020b110       0x4a obj_cc2538dk/rpl-dag.o
                0x000000000020b110                rpl_select_parent
 .text.rpl_select_dag
                0x000000000020b15a      0x152 obj_cc2538dk/rpl-dag.o
                0x000000000020b15a                rpl_select_dag
 .text.rpl_nullify_parent
                0x000000000020b2ac       0x54 obj_cc2538dk/rpl-dag.o
                0x000000000020b2ac                rpl_nullify_parent
 .text.nbr_callback
                0x000000000020b300        0x4 obj_cc2538dk/rpl-dag.o
 .text.rpl_free_dag
                0x000000000020b304       0x3a obj_cc2538dk/rpl-dag.o
                0x000000000020b304                rpl_free_dag
 .text.rpl_move_parent
                0x000000000020b33e       0x58 obj_cc2538dk/rpl-dag.o
                0x000000000020b33e                rpl_move_parent
 .text.rpl_repair_root
                0x000000000020b396       0x44 obj_cc2538dk/rpl-dag.o
                0x000000000020b396                rpl_repair_root
 .text.rpl_alloc_dag
                0x000000000020b3da       0x4a obj_cc2538dk/rpl-dag.o
                0x000000000020b3da                rpl_alloc_dag
 .text.rpl_process_parent_event
                0x000000000020b424       0x90 obj_cc2538dk/rpl-dag.o
                0x000000000020b424                rpl_process_parent_event
 .text.rpl_add_dag
                0x000000000020b4b4      0x110 obj_cc2538dk/rpl-dag.o
                0x000000000020b4b4                rpl_add_dag
 .text.rpl_process_dio
                0x000000000020b5c4      0x2da obj_cc2538dk/rpl-dag.o
                0x000000000020b5c4                rpl_process_dio
 .text.handle_unicast_dio_timer
                0x000000000020b89e       0x1c obj_cc2538dk/rpl-timers.o
 .text.rpl_reset_dio_timer
                0x000000000020b8ba       0x1c obj_cc2538dk/rpl-timers.o
                0x000000000020b8ba                rpl_reset_dio_timer
 .text.rpl_schedule_dao
                0x000000000020b8d6        0x8 obj_cc2538dk/rpl-timers.o
                0x000000000020b8d6                rpl_schedule_dao
 .text.get_probing_delay
                0x000000000020b8de       0x3a obj_cc2538dk/rpl-timers.o
                0x000000000020b8de                get_probing_delay
 .text.handle_probing_timer
                0x000000000020b918       0x32 obj_cc2538dk/rpl-timers.o
 .text.rpl_remove_routes
                0x000000000020b94a       0x1e obj_cc2538dk/rpl.o
                0x000000000020b94a                rpl_remove_routes
 .text.rpl_remove_routes_by_nexthop
                0x000000000020b968       0x30 obj_cc2538dk/rpl.o
                0x000000000020b968                rpl_remove_routes_by_nexthop
 .text.rpl_add_route
                0x000000000020b998       0x36 obj_cc2538dk/rpl.o
                0x000000000020b998                rpl_add_route
 .text.reset    0x000000000020b9ce        0x2 obj_cc2538dk/rpl-mrhof.o
 .text.update_metric_container
                0x000000000020b9d0        0x6 obj_cc2538dk/rpl-mrhof.o
 .text.parent_link_metric
                0x000000000020b9d6       0x12 obj_cc2538dk/rpl-mrhof.o
 .text.parent_has_usable_link
                0x000000000020b9e8       0x12 obj_cc2538dk/rpl-mrhof.o
 .text.best_dag
                0x000000000020b9fa       0x2c obj_cc2538dk/rpl-mrhof.o
 .text.parent_path_cost
                0x000000000020ba26       0x34 obj_cc2538dk/rpl-mrhof.o
 .text.rank_via_parent
                0x000000000020ba5a       0x34 obj_cc2538dk/rpl-mrhof.o
 .text.parent_is_acceptable
                0x000000000020ba8e       0x26 obj_cc2538dk/rpl-mrhof.o
 .text.best_parent
                0x000000000020bab4       0x64 obj_cc2538dk/rpl-mrhof.o
 .text.svcall_handler
                0x000000000020bb18       0x1e obj_cc2538dk/mtarch.o
                0x000000000020bb18                svcall_handler
 .text.pendsv_handler
                0x000000000020bb36       0x18 obj_cc2538dk/mtarch.o
                0x000000000020bb36                pendsv_handler
 .text.queuebuf_update_attr_from_packetbuf
                0x000000000020bb4e        0xc obj_cc2538dk/queuebuf.o
                0x000000000020bb4e                queuebuf_update_attr_from_packetbuf
 .text.queuebuf_update_from_packetbuf
                0x000000000020bb5a       0x1c obj_cc2538dk/queuebuf.o
                0x000000000020bb5a                queuebuf_update_from_packetbuf
 .text.queuebuf_attr
                0x000000000020bb76        0xc obj_cc2538dk/queuebuf.o
                0x000000000020bb76                queuebuf_attr
 .text.item_from_index
                0x000000000020bb82       0x14 obj_cc2538dk/nbr-table.o
 .text.index_from_item
                0x000000000020bb96       0x16 obj_cc2538dk/nbr-table.o
 .text.nbr_set_bit
                0x000000000020bbac       0x3a obj_cc2538dk/nbr-table.o
 .text.nbr_table_next
                0x000000000020bbe6       0x36 obj_cc2538dk/nbr-table.o
                0x000000000020bbe6                nbr_table_next
 .text.nbr_table_get_from_lladdr
                0x000000000020bc1c       0x26 obj_cc2538dk/nbr-table.o
                0x000000000020bc1c                nbr_table_get_from_lladdr
 .text.nbr_table_get_lladdr
                0x000000000020bc42       0x10 obj_cc2538dk/nbr-table.o
                0x000000000020bc42                nbr_table_get_lladdr
 .text.nbr_table_update_lladdr
                0x000000000020bc52       0x44 obj_cc2538dk/nbr-table.o
                0x000000000020bc52                nbr_table_update_lladdr
 .text.linkaddr_copy
                0x000000000020bc96        0xa obj_cc2538dk/linkaddr.o
                0x000000000020bc96                linkaddr_copy
 .text.linkaddr_cmp
                0x000000000020bca0       0x10 obj_cc2538dk/linkaddr.o
                0x000000000020bca0                linkaddr_cmp
 .text.link_stats_is_fresh
                0x000000000020bcb0       0x24 obj_cc2538dk/link-stats.o
                0x000000000020bcb0                link_stats_is_fresh
 .text.frame802154_has_panid
                0x000000000020bcd4       0xbc obj_cc2538dk/frame802154.o
                0x000000000020bcd4                frame802154_has_panid
 .text.field_len
                0x000000000020bd90       0x80 obj_cc2538dk/frame802154.o
 .text.frame802154_is_broadcast_addr
                0x000000000020be10       0x1e obj_cc2538dk/frame802154.o
                0x000000000020be10                frame802154_is_broadcast_addr
 .text.frame802154_hdrlen
                0x000000000020be2e       0x32 obj_cc2538dk/frame802154.o
                0x000000000020be2e                frame802154_hdrlen
 .text.frame802154_create_fcf
                0x000000000020be60       0x5e obj_cc2538dk/frame802154.o
                0x000000000020be60                frame802154_create_fcf
 .text.frame802154_create
                0x000000000020bebe       0x8e obj_cc2538dk/frame802154.o
                0x000000000020bebe                frame802154_create
 .text.frame802154_parse_fcf
                0x000000000020bf4c       0x40 obj_cc2538dk/frame802154.o
                0x000000000020bf4c                frame802154_parse_fcf
 .text.mac_call_sent_callback
                0x000000000020bf8c       0x18 obj_cc2538dk/mac.o
                0x000000000020bf8c                mac_call_sent_callback
 .text.parse    0x000000000020bfa4       0x94 obj_cc2538dk/framer-802154.o
 .text.create   0x000000000020c038        0x6 obj_cc2538dk/framer-802154.o
 .text.hdr_length
                0x000000000020c03e        0x6 obj_cc2538dk/framer-802154.o
 .text.duty_cycle
                0x000000000020c044        0x4 obj_cc2538dk/contikimac.o
 .text.qsend_packet
                0x000000000020c048       0x22 obj_cc2538dk/contikimac.o
 .text.init     0x000000000020c06a        0x2 obj_cc2538dk/nullsec.o
 .text.mqtt_sn_pub
                0x000000000020c06c       0x28 obj_cc2538dk/mqtt_sn.o
                0x000000000020c06c                mqtt_sn_pub
 .text.mqtt_sn_udp_rec_cb
                0x000000000020c094        0x6 obj_cc2538dk/mqtt_sn.o
                0x000000000020c094                mqtt_sn_udp_rec_cb
 *(SORT_BY_ALIGNMENT(.rodata*))
 *fill*         0x000000000020c09a        0x2 00000000
 .rodata.button_down_sensor
                0x000000000020c09c       0x10 obj_cc2538dk/button-sensor.o
                0x000000000020c09c                button_down_sensor
 .rodata.button_left_sensor
                0x000000000020c0ac       0x10 obj_cc2538dk/button-sensor.o
                0x000000000020c0ac                button_left_sensor
 .rodata.button_right_sensor
                0x000000000020c0bc       0x10 obj_cc2538dk/button-sensor.o
                0x000000000020c0bc                button_right_sensor
 .rodata.button_select_sensor
                0x000000000020c0cc       0x10 obj_cc2538dk/button-sensor.o
                0x000000000020c0cc                button_select_sensor
 .rodata.button_up_sensor
                0x000000000020c0dc       0x10 obj_cc2538dk/button-sensor.o
                0x000000000020c0dc                button_up_sensor
 .rodata.als_sensor
                0x000000000020c0ec       0x10 obj_cc2538dk/als-sensor.o
                0x000000000020c0ec                als_sensor
 .rodata.bmpx8x
                0x000000000020c0fc       0x10 obj_cc2538dk/bmpx8x.o
                0x000000000020c0fc                bmpx8x
 .rodata.uart_regs
                0x000000000020c10c       0x58 obj_cc2538dk/uart.o
 .rodata.reset_cause.5256
                0x000000000020c164       0x10 obj_cc2538dk/sys-ctrl.o
 .rodata.cc2538_rf_driver
                0x000000000020c174       0x38 obj_cc2538dk/cc2538-rf.o
                0x000000000020c174                cc2538_rf_driver
 .rodata.output_power
                0x000000000020c1ac       0x70 obj_cc2538dk/cc2538-rf.o
 .rodata.cc2538_temp_sensor
                0x000000000020c21c       0x10 obj_cc2538dk/cc2538-temp-sensor.o
                0x000000000020c21c                cc2538_temp_sensor
 .rodata.vdd3_sensor
                0x000000000020c22c       0x10 obj_cc2538dk/vdd3-sensor.o
                0x000000000020c22c                vdd3_sensor
 .rodata.sicslowpan_driver
                0x000000000020c23c        0xc obj_cc2538dk/sicslowpan.o
                0x000000000020c23c                sicslowpan_driver
 .rodata.framer_802154
                0x000000000020c248        0xc obj_cc2538dk/framer-802154.o
                0x000000000020c248                framer_802154
 .rodata.csma_driver
                0x000000000020c254       0x1c obj_cc2538dk/csma.o
                0x000000000020c254                csma_driver
 .rodata.contikimac_driver
                0x000000000020c270       0x20 obj_cc2538dk/contikimac.o
                0x000000000020c270                contikimac_driver
 .rodata.nullsec_driver
                0x000000000020c290       0x10 obj_cc2538dk/nullsec.o
                0x000000000020c290                nullsec_driver
 .rodata.autostart_processes
                0x000000000020c2a0        0x8 mqtt-sn-sensor.co
                0x000000000020c2a0                autostart_processes
 .rodata.main.str1.1
                0x000000000020c2a8       0x73 obj_cc2538dk/contiki-main.o
 .rodata.str1.1
                0x000000000020c31b        0x8 obj_cc2538dk/sensors.o
 .rodata.str1.1
                0x000000000020c323        0x7 obj_cc2538dk/button-sensor.o
 .rodata.str1.1
                0x000000000020c32a        0x4 obj_cc2538dk/als-sensor.o
 .rodata.str1.1
                0x000000000020c32e       0x2e obj_cc2538dk/bmpx8x.o
 .rodata.soc_print_info.str1.1
                0x000000000020c35c       0x94 obj_cc2538dk/soc.o
 .rodata.str1.1
                0x000000000020c3f0       0x2d obj_cc2538dk/sys-ctrl.o
 .rodata.str1.1
                0x000000000020c41d       0x11 obj_cc2538dk/cc2538-rf.o
 .rodata.str1.1
                0x000000000020c42e       0x14 obj_cc2538dk/cc2538-temp-sensor.o
 .rodata.str1.1
                0x000000000020c442        0x5 obj_cc2538dk/vdd3-sensor.o
 .rodata.buffer.4173
                0x000000000020c447       0x10 obj_cc2538dk/strformat.o
 .rodata.buffer.4182
                0x000000000020c457       0x10 obj_cc2538dk/strformat.o
 .rodata.format_str_v.str1.1
                0x000000000020c467       0x35 obj_cc2538dk/strformat.o
                                         0x37 (size before relaxing)
 .rodata.str1.1
                0x000000000020c49c        0xc obj_cc2538dk/etimer.o
 .rodata.str1.1
                0x000000000020c4a8        0xf obj_cc2538dk/ctimer.o
 .rodata.str1.1
                0x000000000020c4b7        0xe obj_cc2538dk/serial-line.o
 .rodata        0x000000000020c4c5        0x2 obj_cc2538dk/sicslowpan.o
 .rodata.llprefix
                0x000000000020c4c7        0x2 obj_cc2538dk/sicslowpan.o
                0x000000000020c4c7                llprefix
 .rodata.str1.1
                0x000000000020c4c9        0xb obj_cc2538dk/sicslowpan.o
 .rodata.ttl_values
                0x000000000020c4d4        0x4 obj_cc2538dk/sicslowpan.o
 .rodata.unc_ctxconf
                0x000000000020c4d8        0x4 obj_cc2538dk/sicslowpan.o
                0x000000000020c4d8                unc_ctxconf
 .rodata.unc_llconf
                0x000000000020c4dc        0x4 obj_cc2538dk/sicslowpan.o
                0x000000000020c4dc                unc_llconf
 .rodata.unc_mxconf
                0x000000000020c4e0        0x4 obj_cc2538dk/sicslowpan.o
                0x000000000020c4e0                unc_mxconf
 .rodata.uip_debug_ipaddr_print.str1.1
                0x000000000020c4e4       0x28 obj_cc2538dk/uip-debug.o
 .rodata.str1.1
                0x000000000020c50c        0xd obj_cc2538dk/tcpip.o
 .rodata.str1.1
                0x000000000020c519       0x13 obj_cc2538dk/simple-udp.o
 .rodata.linkaddr_null
                0x000000000020c52c        0x8 obj_cc2538dk/linkaddr.o
                0x000000000020c52c                linkaddr_null
 .rodata.str1.1
                0x000000000020c534        0x5 obj_cc2538dk/csma.o
 .rodata.str1.1
                0x000000000020c539        0xb obj_cc2538dk/contikimac.o
 .rodata.str1.1
                0x000000000020c544        0x8 obj_cc2538dk/nullsec.o
 .rodata.init_broker.str1.1
                0x000000000020c54c       0x3c mqtt-sn-sensor.co
 .rodata.mqtt_sn_callback.str1.1
                0x000000000020c588       0x28 mqtt-sn-sensor.co
 .rodata.process_thread_init_system_process.str1.1
                0x000000000020c5b0       0x6e mqtt-sn-sensor.co
 .rodata.str1.1
                0x000000000020c61e       0x1d mqtt-sn-sensor.co
 .rodata.CSWTCH.116
                0x000000000020c63b        0x4 obj_cc2538dk/mqtt_sn.o
 .rodata.CSWTCH.118
                0x000000000020c63f        0x4 obj_cc2538dk/mqtt_sn.o
 .rodata.mqtt_sn_delete_queue.str1.1
                0x000000000020c643       0x44 obj_cc2538dk/mqtt_sn.o
 .rodata.mqtt_sn_insert_queue.str1.1
                0x000000000020c687       0x26 obj_cc2538dk/mqtt_sn.o
 .rodata.mqtt_sn_pub_send.str1.1
                0x000000000020c6ad       0x1e obj_cc2538dk/mqtt_sn.o
 .rodata.mqtt_sn_sub_wildcard.str1.1
                0x000000000020c6cb       0x24 obj_cc2538dk/mqtt_sn.o
 .rodata.parse_mqtt_type_string.str1.1
                0x000000000020c6ef       0x81 obj_cc2538dk/mqtt_sn.o
                                         0x89 (size before relaxing)
 .rodata.process_thread_mqtt_sn_main.str1.1
                0x000000000020c770       0x48 obj_cc2538dk/mqtt_sn.o
 .rodata.str1.1
                0x000000000020c7b8       0xa3 obj_cc2538dk/mqtt_sn.o
                0x000000000020c85b                _etext = .

.glue_7         0x000000000020c85c        0x0
 .glue_7        0x000000000020c85c        0x0 linker stubs

.glue_7t        0x000000000020c85c        0x0
 .glue_7t       0x000000000020c85c        0x0 linker stubs

.vfp11_veneer   0x000000000020c85c        0x0
 .vfp11_veneer  0x000000000020c85c        0x0 linker stubs

.v4_bx          0x000000000020c85c        0x0
 .v4_bx         0x000000000020c85c        0x0 linker stubs

.iplt           0x000000000020c85c        0x0
 .iplt          0x000000000020c85c        0x0 obj_cc2538dk/startup-gcc.o

.socdata        0x0000000020000000       0x40
 *(SORT_BY_ALIGNMENT(.udma_channel_control_table))
 .udma_channel_control_table
                0x0000000020000000       0x40 obj_cc2538dk/udma.o

.data           0x0000000020000040      0xa47 load address 0x000000000020c85c
                0x0000000020000040                _data = .
 *(SORT_BY_ALIGNMENT(.data*))
 .data          0x0000000020000040      0x430 /usr/lib/gcc/arm-none-eabi/7.3.1/../../../arm-none-eabi/lib/thumb/v7-m/libc.a(lib_a-impure.o)
                0x0000000020000040                _impure_ptr
 .data.sensors_process
                0x0000000020000470       0x10 obj_cc2538dk/sensors.o
                0x0000000020000470                sensors_process
 .data.sensors  0x0000000020000480       0x24 obj_cc2538dk/smartrf-sensors.o
                0x0000000020000480                sensors
 .data.cc2538_rf_process
                0x00000000200004a4       0x10 obj_cc2538dk/cc2538-rf.o
                0x00000000200004a4                cc2538_rf_process
 .data.ctxt     0x00000000200004b4        0x8 obj_cc2538dk/dbg-printf.o
 .data.etimer_process
                0x00000000200004bc       0x10 obj_cc2538dk/etimer.o
                0x00000000200004bc                etimer_process
 .data.ctimer_process
                0x00000000200004cc       0x10 obj_cc2538dk/ctimer.o
                0x00000000200004cc                ctimer_process
 .data.serial_line_process
                0x00000000200004dc       0x10 obj_cc2538dk/serial-line.o
                0x00000000200004dc                serial_line_process
 .data.echo_reply_handler
                0x00000000200004ec        0xc obj_cc2538dk/uip-icmp6.o
 .data.echo_request_handler
                0x00000000200004f8        0xc obj_cc2538dk/uip-icmp6.o
 .data.defaultroutermemb
                0x0000000020000504        0xc obj_cc2538dk/uip-ds6-route.o
 .data.nbr_routes
                0x0000000020000510        0x4 obj_cc2538dk/uip-ds6-route.o
                0x0000000020000510                nbr_routes
 .data.nbr_routes_struct
                0x0000000020000514       0x10 obj_cc2538dk/uip-ds6-route.o
 .data.neighborroutememb
                0x0000000020000524        0xc obj_cc2538dk/uip-ds6-route.o
 .data.routememb
                0x0000000020000530        0xc obj_cc2538dk/uip-ds6-route.o
 .data.ds6_neighbors
                0x000000002000053c        0x4 obj_cc2538dk/uip-ds6-nbr.o
                0x000000002000053c                ds6_neighbors
 .data.ds6_neighbors_struct
                0x0000000020000540       0x10 obj_cc2538dk/uip-ds6-nbr.o
 .data.ns_input_handler
                0x0000000020000550        0xc obj_cc2538dk/uip-nd6.o
 .data.tcpip_process
                0x000000002000055c       0x10 obj_cc2538dk/tcpip.o
                0x000000002000055c                tcpip_process
 .data.simple_udp_process
                0x000000002000056c       0x10 obj_cc2538dk/simple-udp.o
                0x000000002000056c                simple_udp_process
 .data.dao_ack_handler
                0x000000002000057c        0xc obj_cc2538dk/rpl-icmp6.o
 .data.dao_handler
                0x0000000020000588        0xc obj_cc2538dk/rpl-icmp6.o
 .data.dio_handler
                0x0000000020000594        0xc obj_cc2538dk/rpl-icmp6.o
 .data.dis_handler
                0x00000000200005a0        0xc obj_cc2538dk/rpl-icmp6.o
 .data.rpl_parents
                0x00000000200005ac        0x4 obj_cc2538dk/rpl-dag.o
                0x00000000200005ac                rpl_parents
 .data.rpl_parents_struct
                0x00000000200005b0       0x10 obj_cc2538dk/rpl-dag.o
 .data.rpl_mrhof
                0x00000000200005c0       0x24 obj_cc2538dk/rpl-mrhof.o
                0x00000000200005c0                rpl_mrhof
 .data.heap_end.5159
                0x00000000200005e4        0x4 obj_cc2538dk/syscalls.o
 .data.bufmem   0x00000000200005e8        0xc obj_cc2538dk/queuebuf.o
 .data.buframmem
                0x00000000200005f4        0xc obj_cc2538dk/queuebuf.o
 .data.neighbor_addr_mem
                0x0000000020000600        0xc obj_cc2538dk/nbr-table.o
 .data.link_stats_struct
                0x000000002000060c       0x10 obj_cc2538dk/link-stats.o
 .data.metadata_memb
                0x000000002000061c        0xc obj_cc2538dk/csma.o
 .data.neighbor_memb
                0x0000000020000628        0xc obj_cc2538dk/csma.o
 .data.packet_memb
                0x0000000020000634        0xc obj_cc2538dk/csma.o
 .data.init_system_process
                0x0000000020000640       0x10 mqtt-sn-sensor.co
                0x0000000020000640                init_system_process
 .data.mqtt_sn_main
                0x0000000020000650       0x10 obj_cc2538dk/mqtt_sn.o
                0x0000000020000650                mqtt_sn_main
 .data          0x0000000020000660      0x410 /usr/lib/gcc/arm-none-eabi/7.3.1/../../../arm-none-eabi/lib/thumb/v7-m/libc.a(lib_a-mallocr.o)
                0x0000000020000660                __malloc_av_
                0x0000000020000a68                __malloc_sbrk_base
                0x0000000020000a6c                __malloc_trim_threshold
 .data.mac_pan_id
                0x0000000020000a70        0x2 obj_cc2538dk/frame802154.o
 .data.broker_address
                0x0000000020000a72       0x10 mqtt-sn-sensor.co
 .data.rf_channel
                0x0000000020000a82        0x1 obj_cc2538dk/cc2538-rf.o
 .data.send_on_cca
                0x0000000020000a83        0x1 obj_cc2538dk/cc2538-rf.o
 .data.dao_sequence
                0x0000000020000a84        0x1 obj_cc2538dk/rpl-icmp6.o
 .data.g_ping_flag_resp
                0x0000000020000a85        0x1 obj_cc2538dk/mqtt_sn.o
 .data.mqtt_status
                0x0000000020000a86        0x1 obj_cc2538dk/mqtt_sn.o
                0x0000000020000a87                _edata = .
                0x000000000020c85c                _ldata = LOADADDR (.data)

.igot.plt       0x0000000020000a88        0x0 load address 0x000000000020d2a3
 .igot.plt      0x0000000020000a88        0x0 obj_cc2538dk/startup-gcc.o

.ARM.exidx      0x000000000020d2a4        0x8
 *(SORT_BY_ALIGNMENT(.ARM.exidx*))
 .ARM.exidx     0x000000000020d2a4        0x8 /usr/lib/gcc/arm-none-eabi/7.3.1/thumb/v7-m/libgcc.a(_udivmoddi4.o)

.bss            0x0000000020000a88     0x323b
                0x0000000020000a88                _bss = .
 *(SORT_BY_ALIGNMENT(.bss*))
 .bss.rt_ticks_epoch
                0x0000000020000a88        0x8 obj_cc2538dk/clock.o
 .bss.rt_ticks_startup
                0x0000000020000a90        0x8 obj_cc2538dk/clock.o
 .bss.events.5291
                0x0000000020000a98        0x4 obj_cc2538dk/sensors.o